<html>
<body>
<pre>
<h1>µVision Build Log</h1>
<h2>Tool Versions:</h2>
IDE-Version: ¦ÌVision V5.17.0.0
Copyright (C) 2015 ARM Ltd and ARM Germany GmbH. All rights reserved.
License Information: HE JIAZHEN, Nanjing University, LIC=8VRJ7-E1Y1D-PCJJ8-3C3NY-QH6EK-6P8BX
 
Tool Versions:
Toolchain:       MDK-ARM Standard  Version: 5.17
Toolchain Path:  D:\Keil_v5\ARM\ARMCC\Bin
C Compiler:      Armcc.exe V5.06 update 1 (build 61)
Assembler:       Armasm.exe V5.06 update 1 (build 61)
Linker/Locator:  ArmLink.exe V5.06 update 1 (build 61)
Library Manager: ArmAr.exe V5.06 update 1 (build 61)
Hex Converter:   FromElf.exe V5.06 update 1 (build 61)
CPU DLL:         SARMCM3.DLL V5.17
Dialog DLL:      DCM.DLL V1.13.4.0
Target DLL:      STLink\ST-LINKIII-KEIL_SWO.dll V2.0.18.0
Dialog DLL:      TCM.DLL V1.14.6.0
 
<h2>Project:</h2>
E:\STM32_STUDY\PINPUYI\USER\TOUCH.uvprojx
Project File Date:  05/25/2024

<h2>Output:</h2>
*** Using Compiler 'V5.06 update 1 (build 61)', folder: 'D:\Keil_v5\ARM\ARMCC\Bin'
Build target 'TOUCH'
compiling main.c...
..\HARDWARE\LCD\lcd.h(137): warning:  #1295-D: Deprecated declaration LCD_ShowMsg - give arg types
  void LCD_ShowMsg();
control.h(22): warning:  #1-D: last line of file ends without a newline
  #endif
rng.h(9): warning:  #1-D: last line of file ends without a newline
   
main.c(67): warning:  #47-D: incompatible redefinition of macro "STA_X" (declared at line 20 of "control.h")
  #define STA_X 80
main.c(121): warning:  #1035-D: single-precision operand implicitly converted to double-precision
  	float threshold = data[pos1] * 0.02;
main.c(215): warning:  #1035-D: single-precision operand implicitly converted to double-precision
  			unsigned char decay_db = cal_decay_value(0.001 * Vpp);
main.c(365): warning:  #167-D: argument of type "char *" is incompatible with parameter of type "u8 *"
  		LCD_ShowString(210,50,100,50,
OTE_FONTSIZE,temp_str);
main.c: 8 warnings, 0 errors
linking...
Program Size: Code=39760 RO-data=6632 RW-data=148 ZI-data=3876  
FromELF: creating hex file...
"..\OBJ\TOUCH.axf" - 0 Error(s), 7 Warning(s).

<h2>Collection of Component include folders:</h2>
  E:\STM32_STUDY\PINPUYI\USER\RTE
  D:\Keil_v5\ARM\PACK\Keil\STM32F4xx_DFP\2.11.0\Drivers\CMSIS\Device\ST\STM32F4xx\Include

<h2>Collection of Component Files used:</h2>
Build Time Elapsed:  00:00:01
</pre>
</body>
</html>
