Component: ARM Compiler 5.06 update 1 (build 61) Tool: armlink [4d35a8]

==============================================================================

Section Cross References

    main.o(.text) refers to lcd.o(.text) for LCD_ShowString
    main.o(.text) refers to f2d.o(.text) for __aeabi_f2d
    main.o(.text) refers to dmul.o(.text) for __aeabi_dmul
    main.o(.text) refers to log10.o(i.__hardfp_log10) for __hardfp_log10
    main.o(.text) refers to dadd.o(.text) for __aeabi_drsub
    main.o(.text) refers to d2f.o(.text) for __aeabi_d2f
    main.o(.text) refers to dflti.o(.text) for __aeabi_i2d
    main.o(.text) refers to fabs.o(i.__hardfp_fabs) for __hardfp_fabs
    main.o(.text) refers to cdcmple.o(.text) for __aeabi_cdcmple
    main.o(.text) refers to lcd.o(.data) for POINT_COLOR
    main.o(.text) refers to rng.o(.text) for RNG_Get_RandomRange
    main.o(.text) refers to key.o(.text) for KEY_Scan
    main.o(.text) refers to keyboard.o(.text) for input_double
    main.o(.text) refers to printfa.o(i.__0printf) for __2printf
    main.o(.text) refers to delay.o(.text) for delay_ms
    main.o(.text) refers to adf4351.o(.text) for ADF4351WriteFreq
    main.o(.text) refers to pe4302.o(.text) for PE4302_Set
    main.o(.text) refers to main.o(.data) for pos1
    main.o(.text) refers to main.o(.bss) for data
    main.o(.text) refers to adc.o(.text) for Get_Adc_Average
    main.o(.text) refers to printfa.o(i.__0sprintf) for __2sprintf
    main.o(.text) refers to misc.o(.text) for NVIC_PriorityGroupConfig
    main.o(.text) refers to usart.o(.text) for uart_init
    main.o(.text) refers to led.o(.text) for LED_Init
    system_stm32f4xx.o(.text) refers to system_stm32f4xx.o(.data) for SystemCoreClock
    led.o(.text) refers to stm32f4xx_rcc.o(.text) for RCC_AHB1PeriphClockCmd
    led.o(.text) refers to stm32f4xx_gpio.o(.text) for GPIO_Init
    key.o(.text) refers to stm32f4xx_rcc.o(.text) for RCC_AHB1PeriphClockCmd
    key.o(.text) refers to stm32f4xx_gpio.o(.text) for GPIO_Init
    key.o(.text) refers to delay.o(.text) for delay_ms
    key.o(.text) refers to key.o(.data) for key_up
    adf4351.o(.text) refers to stm32f4xx_rcc.o(.text) for RCC_AHB1PeriphClockCmd
    adf4351.o(.text) refers to stm32f4xx_gpio.o(.text) for GPIO_Init
    adf4351.o(.text) refers to delay.o(.text) for delay_us
    adf4351.o(.text) refers to cdcmple.o(.text) for __aeabi_cdcmple
    adf4351.o(.text) refers to cdrcmple.o(.text) for __aeabi_cdrcmple
    adf4351.o(.text) refers to dmul.o(.text) for __aeabi_dmul
    adf4351.o(.text) refers to dfixui.o(.text) for __aeabi_d2uiz
    adf4351.o(.text) refers to dfltui.o(.text) for __aeabi_ui2d
    adf4351.o(.text) refers to ddiv.o(.text) for __aeabi_ddiv
    adf4351.o(.text) refers to dflti.o(.text) for __aeabi_i2d
    adf4351.o(.text) refers to adf4351.o(.bss) for ADF4351
    lcd.o(.text) refers to delay.o(.text) for delay_us
    lcd.o(.text) refers to lcd.o(.bss) for lcddev
    lcd.o(.text) refers to dfltui.o(.text) for __aeabi_ui2d
    lcd.o(.text) refers to dmul.o(.text) for __aeabi_dmul
    lcd.o(.text) refers to dfixui.o(.text) for __aeabi_d2uiz
    lcd.o(.text) refers to lcd.o(.data) for POINT_COLOR
    lcd.o(.text) refers to stm32f4xx_rcc.o(.text) for RCC_AHB1PeriphClockCmd
    lcd.o(.text) refers to stm32f4xx_gpio.o(.text) for GPIO_Init
    lcd.o(.text) refers to stm32f4xx_fsmc.o(.text) for FSMC_NORSRAMInit
    lcd.o(.text) refers to printfa.o(i.__0printf) for __2printf
    lcd.o(.text) refers to cdcmple.o(.text) for __aeabi_cdcmple
    lcd.o(.text) refers to dfixul.o(.text) for __aeabi_d2ulz
    lcd.o(.text) refers to dfltul.o(.text) for __aeabi_ul2d
    lcd.o(.text) refers to dadd.o(.text) for __aeabi_dsub
    lcd.o(.text) refers to uldiv.o(.text) for __aeabi_uldivmod
    lcd.o(.text) refers to lcd.o(.constdata) for asc2_1206
    lcd.o(.text) refers to printfa.o(i.__0sprintf) for __2sprintf
    spi.o(.text) refers to stm32f4xx_rcc.o(.text) for RCC_AHB1PeriphClockCmd
    spi.o(.text) refers to stm32f4xx_gpio.o(.text) for GPIO_Init
    keyboard.o(.text) refers to delay.o(.text) for delay_us
    keyboard.o(.text) refers to stm32f4xx_exti.o(.text) for EXTI_GetITStatus
    keyboard.o(.text) refers to stm32f4xx_gpio.o(.text) for GPIO_Init
    keyboard.o(.text) refers to keyboard.o(.data) for KBCode
    keyboard.o(.text) refers to lcd.o(.text) for LCD_ShowString
    keyboard.o(.text) refers to dfltl.o(.text) for __aeabi_l2d
    keyboard.o(.text) refers to ddiv.o(.text) for __aeabi_ddiv
    keyboard.o(.text) refers to printfa.o(i.__0printf) for __2printf
    keyboard.o(.text) refers to keyboard.o(.constdata) for array_CHAR
    keyboard.o(.text) refers to keyboard.o(.bss) for CHAR_temp
    keyboard.o(.text) refers to stm32f4xx_rcc.o(.text) for RCC_APB2PeriphClockCmd
    keyboard.o(.text) refers to stm32f4xx_syscfg.o(.text) for SYSCFG_EXTILineConfig
    keyboard.o(.text) refers to misc.o(.text) for NVIC_Init
    adc.o(.text) refers to stm32f4xx_rcc.o(.text) for RCC_AHB1PeriphClockCmd
[...]
    poly.o(i.__kernel_poly) refers to dmul.o(.text) for __aeabi_dmul
    poly.o(i.__kernel_poly) refers to dadd.o(.text) for __aeabi_dadd
    qnan.o(.constdata) refers (Special) to iusefp.o(.text) for __I$use$fp
    init.o(.text) refers to entry5.o(.ARM.Collect$$$$00000004) for __main_after_scatterload


==============================================================================

Removing Unused input sections from the image.

    Removing main.o(.rev16_text), (4 bytes).
    Removing main.o(.revsh_text), (4 bytes).
    Removing stm32f4xx_it.o(.rev16_text), (4 bytes).
    Removing stm32f4xx_it.o(.revsh_text), (4 bytes).
    Removing system_stm32f4xx.o(.rev16_text), (4 bytes).
    Removing system_stm32f4xx.o(.revsh_text), (4 bytes).
    Removing led.o(.rev16_text), (4 bytes).
    Removing led.o(.revsh_text), (4 bytes).
    Removing key.o(.rev16_text), (4 bytes).
    Removing key.o(.revsh_text), (4 bytes).
    Removing adf4351.o(.rev16_text), (4 bytes).
    Removing adf4351.o(.revsh_text), (4 bytes).
    Removing lcd.o(.rev16_text), (4 bytes).
    Removing lcd.o(.revsh_text), (4 bytes).
    Removing spi.o(.rev16_text), (4 bytes).
    Removing spi.o(.revsh_text), (4 bytes).
    Removing spi.o(.text), (88 bytes).
    Removing keyboard.o(.rev16_text), (4 bytes).
    Removing keyboard.o(.revsh_text), (4 bytes).
    Removing adc.o(.rev16_text), (4 bytes).
    Removing adc.o(.revsh_text), (4 bytes).
    Removing rng.o(.rev16_text), (4 bytes).
    Removing rng.o(.revsh_text), (4 bytes).
    Removing pe4302.o(.rev16_text), (4 bytes).
    Removing pe4302.o(.revsh_text), (4 bytes).
    Removing delay.o(.rev16_text), (4 bytes).
    Removing delay.o(.revsh_text), (4 bytes).
    Removing sys.o(.rev16_text), (4 bytes).
    Removing sys.o(.revsh_text), (4 bytes).
    Removing sys.o(.emb_text), (16 bytes).
    Removing usart.o(.rev16_text), (4 bytes).
    Removing usart.o(.revsh_text), (4 bytes).
    Removing startup_stm32f40_41xxx.o(HEAP), (512 bytes).
    Removing misc.o(.rev16_text), (4 bytes).
    Removing misc.o(.revsh_text), (4 bytes).
    Removing stm32f4xx_gpio.o(.rev16_text), (4 bytes).
    Removing stm32f4xx_gpio.o(.revsh_text), (4 bytes).
    Removing stm32f4xx_fsmc.o(.rev16_text), (4 bytes).
    Removing stm32f4xx_fsmc.o(.revsh_text), (4 bytes).
    Removing stm32f4xx_rcc.o(.rev16_text), (4 bytes).
    Removing stm32f4xx_rcc.o(.revsh_text), (4 bytes).
    Removing stm32f4xx_syscfg.o(.rev16_text), (4 bytes).
    Removing stm32f4xx_syscfg.o(.revsh_text), (4 bytes).
    Removing stm32f4xx_usart.o(.rev16_text), (4 bytes).
    Removing stm32f4xx_usart.o(.revsh_text), (4 bytes).
    Removing stm32f4xx_adc.o(.rev16_text), (4 bytes).
    Removing stm32f4xx_adc.o(.revsh_text), (4 bytes).
    Removing stm32f4xx_exti.o(.rev16_text), (4 bytes).
    Removing stm32f4xx_exti.o(.revsh_text), (4 bytes).
    Removing stm32f4xx_tim.o(.rev16_text), (4 bytes).
    Removing stm32f4xx_tim.o(.revsh_text), (4 bytes).
    Removing stm32f4xx_tim.o(.text), (3234 bytes).
    Removing stm32f4xx_rng.o(.rev16_text), (4 bytes).
    Removing stm32f4xx_rng.o(.revsh_text), (4 bytes).
    Removing dneg.o(.text), (6 bytes).

55 unused section(s) (total 4056 bytes) removed from the image.

==============================================================================

Image Symbol Table

    Local Symbols

    Symbol Name                              Value     Ov Type        Size  Object(Section)

    ../clib/microlib/division.c              0x00000000   Number         0  uldiv.o ABSOLUTE
    ../clib/microlib/division.c              0x00000000   Number         0  uidiv.o ABSOLUTE
    ../clib/microlib/errno.c                 0x00000000   Number         0  errno.o ABSOLUTE
    ../clib/microlib/init/entry.s            0x00000000   Number         0  entry8a.o ABSOLUTE
    ../clib/microlib/init/entry.s            0x00000000   Number         0  entry11a.o ABSOLUTE
    ../clib/microlib/init/entry.s            0x00000000   Number         0  entry10b.o ABSOLUTE
    ../clib/microlib/init/entry.s            0x00000000   Number         0  entry9a.o ABSOLUTE
    ../clib/microlib/init/entry.s            0x00000000   Number         0  entry9b.o ABSOLUTE
    ../clib/microlib/init/entry.s            0x00000000   Number         0  entry.o ABSOLUTE
    ../clib/microlib/init/entry.s            0x00000000   Number         0  entry10a.o ABSOLUTE
    ../clib/microlib/init/entry.s            0x00000000   Number         0  entry2.o ABSOLUTE
    ../clib/microlib/init/entry.s            0x00000000   Number         0  entry7b.o ABSOLUTE
    ../clib/microlib/init/entry.s            0x00000000   Number         0  entry8b.o ABSOLUTE
    ../clib/microlib/init/entry.s            0x00000000   Number         0  entry5.o ABSOLUTE
    ../clib/microlib/init/entry.s            0x00000000   Number         0  entry7a.o ABSOLUTE
    ../clib/microlib/init/entry.s            0x00000000   Number         0  entry11b.o ABSOLUTE
    ../clib/microlib/longlong.c              0x00000000   Number         0  llsshr.o ABSOLUTE
    ../clib/microlib/longlong.c              0x00000000   Number         0  llushr.o ABSOLUTE
    ../clib/microlib/longlong.c              0x00000000   Number         0  llshl.o ABSOLUTE
    ../clib/microlib/printf/printf.c         0x00000000   Number         0  printfb.o ABSOLUTE
    ../clib/microlib/printf/printf.c         0x00000000   Number         0  printf8.o ABSOLUTE
    ../clib/microlib/printf/printf.c         0x00000000   Number         0  printf2.o ABSOLUTE
    ../clib/microlib/printf/printf.c         0x00000000   Number         0  printf1.o ABSOLUTE
    ../clib/microlib/printf/printf.c         0x00000000   Number         0  printfa.o ABSOLUTE
    ../clib/microlib/printf/printf.c         0x00000000   Number         0  printf0.o ABSOLUTE
    ../clib/microlib/printf/printf.c         0x00000000   Number         0  printf3.o ABSOLUTE
    ../clib/microlib/printf/printf.c         0x00000000   Number         0  printf4.o ABSOLUTE
    ../clib/microlib/printf/printf.c         0x00000000   Number         0  printf5.o ABSOLUTE
    ../clib/microlib/printf/printf.c         0x00000000   Number         0  printf6.o ABSOLUTE
    ../clib/microlib/printf/printf.c         0x00000000   Number         0  printf7.o ABSOLUTE
    ../clib/microlib/printf/stubs.s          0x00000000   Number         0  stubs.o ABSOLUTE
    ../clib/microlib/stubs.s                 0x00000000   Number         0  iusefp.o ABSOLUTE
    ../clib/microlib/stubs.s                 0x00000000   Number         0  useno.o ABSOLUTE
    ../fplib/microlib/d2f.c                  0x00000000   Number         0  d2f.o ABSOLUTE
    ../fplib/microlib/f2d.c                  0x00000000   Number         0  f2d.o ABSOLUTE
    ../fplib/microlib/fpadd.c                0x00000000   Number         0  dadd.o ABSOLUTE
    ../fplib/microlib/fpdiv.c                0x00000000   Number         0  ddiv.o ABSOLUTE
    ../fplib/microlib/fpepilogue.c           0x00000000   Number         0  depilogue.o ABSOLUTE
    ../fplib/microlib/fpepilogue.c           0x00000000   Number         0  fepilogue.o ABSOLUTE
    ../fplib/microlib/fpfix.c                0x00000000   Number         0  dfixui.o ABSOLUTE
    ../fplib/microlib/fpfix.c                0x00000000   Number         0  dfixul.o ABSOLUTE
    ../fplib/microlib/fpflt.c                0x00000000   Number         0  dfltui.o ABSOLUTE
    ../fplib/microlib/fpflt.c                0x00000000   Number         0  dflti.o ABSOLUTE
    ../fplib/microlib/fpflt.c                0x00000000   Number         0  dfltl.o ABSOLUTE
    ../fplib/microlib/fpflt.c                0x00000000   Number         0  dfltul.o ABSOLUTE
    ../fplib/microlib/fpmul.c                0x00000000   Number         0  dmul.o ABSOLUTE
    ../fplib/microlib/fpneg.c                0x00000000   Number         0  dneg.o ABSOLUTE
    ../mathlib/dunder.c                      0x00000000   Number         0  dunder.o ABSOLUTE
    ../mathlib/fabs.c                        0x00000000   Number         0  fabs.o ABSOLUTE
    ../mathlib/log.c                         0x00000000   Number         0  log_x.o ABSOLUTE
    ../mathlib/log.c                         0x00000000   Number         0  log.o ABSOLUTE
    ../mathlib/log10.c                       0x00000000   Number         0  log10.o ABSOLUTE
    ../mathlib/log10.c                       0x00000000   Number         0  log10_x.o ABSOLUTE
    ../mathlib/poly.c                        0x00000000   Number         0  poly.o ABSOLUTE
    ../mathlib/qnan.c                        0x00000000   Number         0  qnan.o ABSOLUTE
    ..\CORE\startup_stm32f40_41xxx.s         0x00000000   Number         0  startup_stm32f40_41xxx.o ABSOLUTE
    ..\FWLIB\src\misc.c                      0x00000000   Number         0  misc.o ABSOLUTE
    ..\FWLIB\src\stm32f4xx_adc.c             0x00000000   Number         0  stm32f4xx_adc.o ABSOLUTE
    ..\FWLIB\src\stm32f4xx_exti.c            0x00000000   Number         0  stm32f4xx_exti.o ABSOLUTE
    ..\FWLIB\src\stm32f4xx_fsmc.c            0x00000000   Number         0  stm32f4xx_fsmc.o ABSOLUTE
    ..\FWLIB\src\stm32f4xx_gpio.c            0x00000000   Number         0  stm32f4xx_gpio.o ABSOLUTE
    ..\FWLIB\src\stm32f4xx_rcc.c             0x00000000   Number         0  stm32f4xx_rcc.o ABSOLUTE
    ..\FWLIB\src\stm32f4xx_rng.c             0x00000000   Number         0  stm32f4xx_rng.o ABSOLUTE
    ..\FWLIB\src\stm32f4xx_syscfg.c          0x00000000   Number         0  stm32f4xx_syscfg.o ABSOLUTE
    ..\FWLIB\src\stm32f4xx_tim.c             0x00000000   Number         0  stm32f4xx_tim.o ABSOLUTE
    ..\FWLIB\src\stm32f4xx_usart.c           0x00000000   Number         0  stm32f4xx_usart.o ABSOLUTE
    ..\HARDWARE\ADC\adc.c                    0x00000000   Number         0  adc.o ABSOLUTE
    ..\HARDWARE\ADF4351\ADF4351.c            0x00000000   Number         0  adf4351.o ABSOLUTE
    ..\HARDWARE\KEYBOARD\KeyBoard.c          0x00000000   Number         0  keyboard.o ABSOLUTE
    ..\HARDWARE\KEY\key.c                    0x00000000   Number         0  key.o ABSOLUTE
    ..\HARDWARE\LCD\lcd.c                    0x00000000   Number         0  lcd.o ABSOLUTE
    ..\HARDWARE\LED\led.c                    0x00000000   Number         0  led.o ABSOLUTE
    ..\HARDWARE\PE4302\PE4302.C              0x00000000   Number         0  pe4302.o ABSOLUTE
    ..\HARDWARE\SPI\spi.c                    0x00000000   Number         0  spi.o ABSOLUTE
    ..\SYSTEM\delay\delay.c                  0x00000000   Number         0  delay.o ABSOLUTE
    ..\SYSTEM\sys\sys.c                      0x00000000   Number         0  sys.o ABSOLUTE
    ..\SYSTEM\usart\usart.c                  0x00000000   Number         0  usart.o ABSOLUTE
    ..\\FWLIB\\src\\misc.c                   0x00000000   Number         0  misc.o ABSOLUTE
    ..\\FWLIB\\src\\stm32f4xx_adc.c          0x00000000   Number         0  stm32f4xx_adc.o ABSOLUTE
    ..\\FWLIB\\src\\stm32f4xx_exti.c         0x00000000   Number         0  stm32f4xx_exti.o ABSOLUTE
    ..\\FWLIB\\src\\stm32f4xx_fsmc.c         0x00000000   Number         0  stm32f4xx_fsmc.o ABSOLUTE
    ..\\FWLIB\\src\\stm32f4xx_gpio.c         0x00000000   Number         0  stm32f4xx_gpio.o ABSOLUTE
    ..\\FWLIB\\src\\stm32f4xx_rcc.c          0x00000000   Number         0  stm32f4xx_rcc.o ABSOLUTE
    ..\\FWLIB\\src\\stm32f4xx_rng.c          0x00000000   Number         0  stm32f4xx_rng.o ABSOLUTE
    ..\\FWLIB\\src\\stm32f4xx_syscfg.c       0x00000000   Number         0  stm32f4xx_syscfg.o ABSOLUTE
    ..\\FWLIB\\src\\stm32f4xx_tim.c          0x00000000   Number         0  stm32f4xx_tim.o ABSOLUTE
    ..\\FWLIB\\src\\stm32f4xx_usart.c        0x00000000   Number         0  stm32f4xx_usart.o ABSOLUTE
    ..\\HARDWARE\\ADC\\adc.c                 0x00000000   Number         0  adc.o ABSOLUTE
    ..\\HARDWARE\\ADF4351\\ADF4351.c         0x00000000   Number         0  adf4351.o ABSOLUTE
    ..\\HARDWARE\\KEYBOARD\\KeyBoard.c       0x00000000   Number         0  keyboard.o ABSOLUTE
    ..\\HARDWARE\\KEY\\key.c                 0x00000000   Number         0  key.o ABSOLUTE
    ..\\HARDWARE\\LCD\\lcd.c                 0x00000000   Number         0  lcd.o ABSOLUTE
    ..\\HARDWARE\\LED\\led.c                 0x00000000   Number         0  led.o ABSOLUTE
    ..\\HARDWARE\\PE4302\\PE4302.C           0x00000000   Number         0  pe4302.o ABSOLUTE
    ..\\HARDWARE\\SPI\\spi.c                 0x00000000   Number         0  spi.o ABSOLUTE
    ..\\SYSTEM\\delay\\delay.c               0x00000000   Number         0  delay.o ABSOLUTE
    ..\\SYSTEM\\sys\\sys.c                   0x00000000   Number         0  sys.o ABSOLUTE
    ..\\SYSTEM\\usart\\usart.c               0x00000000   Number         0  usart.o ABSOLUTE
    cdcmple.s                                0x00000000   Number         0  cdcmple.o ABSOLUTE
    cdrcmple.s                               0x00000000   Number         0  cdrcmple.o ABSOLUTE
    dc.s                                     0x00000000   Number         0  dc.o ABSOLUTE
    handlers.s                               0x00000000   Number         0  handlers.o ABSOLUTE
    init.s                                   0x00000000   Number         0  init.o ABSOLUTE
    main.c                                   0x00000000   Number         0  main.o ABSOLUTE
    main.c                                   0x00000000   Number         0  main.o ABSOLUTE
    rng.c                                    0x00000000   Number         0  rng.o ABSOLUTE
    rng.c                                    0x00000000   Number         0  rng.o ABSOLUTE
    stm32f4xx_it.c                           0x00000000   Number         0  stm32f4xx_it.o ABSOLUTE
    stm32f4xx_it.c                           0x00000000   Number         0  stm32f4xx_it.o ABSOLUTE
    system_stm32f4xx.c                       0x00000000   Number         0  system_stm32f4xx.o ABSOLUTE
    system_stm32f4xx.c                       0x00000000   Number         0  system_stm32f4xx.o ABSOLUTE
    RESET                                    0x08000000   Section      392  startup_stm32f40_41xxx.o(RESET)
    .ARM.Collect$$$$00000000                 0x08000188   Section        0  entry.o(.ARM.Collect$$$$00000000)
    .ARM.Collect$$$$00000001                 0x08000188   Section        4  entry2.o(.ARM.Collect$$$$00000001)
    .ARM.Collect$$$$00000004                 0x0800018c   Section        4  entry5.o(.ARM.Collect$$$$00000004)
    .ARM.Collect$$$$00000008                 0x08000190   Section        0  entry7b.o(.ARM.Collect$$$$00000008)
    .ARM.Collect$$$$0000000A                 0x08000190   Section        0  entry8b.o(.ARM.Collect$$$$0000000A)
    .ARM.Collect$$$$0000000B                 0x08000190   Section        8  entry9a.o(.ARM.Collect$$$$0000000B)
    .ARM.Collect$$$$0000000D                 0x08000198   Section        0  entry10a.o(.ARM.Collect$$$$0000000D)
    .ARM.Collect$$$$0000000F                 0x08000198   Section        0  entry11a.o(.ARM.Collect$$$$0000000F)
    .ARM.Collect$$$$00002712                 0x08000198   Section        4  entry2.o(.ARM.Collect$$$$00002712)
    __lit__00000000                          0x08000198   Data           4  entry2.o(.ARM.Collect$$$$00002712)
    .text                                    0x0800019c   Section        0  main.o(.text)
    .text                                    0x080012dc   Section        0  stm32f4xx_it.o(.text)
    .text                                    0x080012f8   Section        0  system_stm32f4xx.o(.text)
    SetSysClock                              0x080012f9   Thumb Code   220  system_stm32f4xx.o(.text)
    .text                                    0x08001508   Section        0  led.o(.text)
    .text                                    0x08001548   Section        0  key.o(.text)
    .text                                    0x08001604   Section        0  adf4351.o(.text)
    .text                                    0x08001bd4   Section        0  lcd.o(.text)
    .text                                    0x080059cc   Section        0  keyboard.o(.text)
    .text                                    0x08006664   Section        0  adc.o(.text)
    .text                                    0x08006744   Section        0  rng.o(.text)
    .text                                    0x0800679c   Section        0  pe4302.o(.text)
    .text                                    0x08006958   Section        0  delay.o(.text)
    .text                                    0x08006a5c   Section        0  usart.o(.text)
    .text                                    0x08006ba4   Section       36  startup_stm32f40_41xxx.o(.text)
    $v0                                      0x08006ba4   Number         0  startup_stm32f40_41xxx.o(.text)
    .text                                    0x08006bc8   Section        0  misc.o(.text)
    .text                                    0x08006ca8   Section        0  stm32f4xx_gpio.o(.text)
    .text                                    0x08006f3c   Section        0  stm32f4xx_fsmc.o(.text)
    .text                                    0x08007504   Section        0  stm32f4xx_rcc.o(.text)
    .text                                    0x08007b60   Section        0  stm32f4xx_syscfg.o(.text)
    .text                                    0x08007bf4   Section        0  stm32f4xx_usart.o(.text)
    .text                                    0x08008048   Section        0  stm32f4xx_adc.o(.text)
    .text                                    0x080084ac   Section        0  stm32f4xx_exti.o(.text)
    .text                                    0x080085bc   Section        0  stm32f4xx_rng.o(.text)
    .text                                    0x0800865c   Section        0  uldiv.o(.text)
    .text                                    0x080086be   Section        0  dadd.o(.text)
    .text                                    0x0800880c   Section        0  dmul.o(.text)
    .text                                    0x080088f0   Section        0  ddiv.o(.text)
    .text                                    0x080089ce   Section        0  dflti.o(.text)
    .text                                    0x080089f0   Section        0  dfltui.o(.text)
    .text                                    0x08008a0a   Section        0  dfltl.o(.text)
    .text                                    0x08008a32   Section        0  dfltul.o(.text)
    .text                                    0x08008a4a   Section        0  dfixui.o(.text)
    .text                                    0x08008a7c   Section        0  dfixul.o(.text)
    .text                                    0x08008aac   Section        0  f2d.o(.text)
    .text                                    0x08008ad4   Section       48  cdcmple.o(.text)
    .text                                    0x08008b04   Section       48  cdrcmple.o(.text)
    .text                                    0x08008b34   Section        0  d2f.o(.text)
    .text                                    0x08008b6c   Section        0  uidiv.o(.text)
    .text                                    0x08008b98   Section        0  llshl.o(.text)
    .text                                    0x08008bb6   Section        0  llushr.o(.text)
    .text                                    0x08008bd6   Section        0  llsshr.o(.text)
    .text                                    0x08008bfa   Section        0  fepilogue.o(.text)
    .text                                    0x08008bfa   Section        0  iusefp.o(.text)
    .text                                    0x08008c68   Section        0  depilogue.o(.text)
    .text                                    0x08008d24   Section       36  init.o(.text)
    i.__0printf                              0x08008d48   Section        0  printfa.o(i.__0printf)
    i.__0sprintf                             0x08008d68   Section        0  printfa.o(i.__0sprintf)
    i.__hardfp_fabs                          0x08008d90   Section        0  fabs.o(i.__hardfp_fabs)
    i.__hardfp_log                           0x08008da8   Section        0  log.o(i.__hardfp_log)
    i.__hardfp_log10                         0x08009170   Section        0  log10.o(i.__hardfp_log10)
    i.__kernel_poly                          0x080092a0   Section        0  poly.o(i.__kernel_poly)
    i.__mathlib_dbl_divzero                  0x08009398   Section        0  dunder.o(i.__mathlib_dbl_divzero)
    i.__mathlib_dbl_infnan                   0x080093c8   Section        0  dunder.o(i.__mathlib_dbl_infnan)
    i.__mathlib_dbl_invalid                  0x080093e0   Section        0  dunder.o(i.__mathlib_dbl_invalid)
    i.__scatterload_copy                     0x08009400   Section       14  handlers.o(i.__scatterload_copy)
    i.__scatterload_null                     0x0800940e   Section        2  handlers.o(i.__scatterload_null)
    i.__scatterload_zeroinit                 0x08009410   Section       14  handlers.o(i.__scatterload_zeroinit)
    i.__set_errno                            0x08009420   Section        0  errno.o(i.__set_errno)
    i._fp_digits                             0x0800942c   Section        0  printfa.o(i._fp_digits)
    _fp_digits                               0x0800942d   Thumb Code   334  printfa.o(i._fp_digits)
    i._printf_core                           0x08009590   Section        0  printfa.o(i._printf_core)
    _printf_core                             0x08009591   Thumb Code  1744  printfa.o(i._printf_core)
    i._printf_post_padding                   0x08009c6c   Section        0  printfa.o(i._printf_post_padding)
    _printf_post_padding                     0x08009c6d   Thumb Code    36  printfa.o(i._printf_post_padding)
    i._printf_pre_padding                    0x08009c90   Section        0  printfa.o(i._printf_pre_padding)
    _printf_pre_padding                      0x08009c91   Thumb Code    46  printfa.o(i._printf_pre_padding)
    i._sputc                                 0x08009cbe   Section        0  printfa.o(i._sputc)
    _sputc                                   0x08009cbf   Thumb Code    10  printfa.o(i._sputc)
    i.log                                    0x08009cc8   Section        0  log.o(i.log)
    .constdata                               0x08009cd8   Section     6096  lcd.o(.constdata)
    .constdata                               0x0800b4a8   Section       16  keyboard.o(.constdata)
    .constdata                               0x0800b4b8   Section       28  stm32f4xx_fsmc.o(.constdata)
    .constdata                               0x0800b4d8   Section       56  log.o(.constdata)
    Lg2                                      0x0800b4d8   Data          24  log.o(.constdata)
    Lg                                       0x0800b4f0   Data          32  log.o(.constdata)
    .constdata                               0x0800b510   Section        8  qnan.o(.constdata)
    .data                                    0x20000000   Section       40  main.o(.data)
    .data                                    0x20000028   Section       20  system_stm32f4xx.o(.data)
    .data                                    0x2000003c   Section        1  key.o(.data)
    key_up                                   0x2000003c   Data           1  key.o(.data)
    .data                                    0x2000003e   Section        4  lcd.o(.data)
    .data                                    0x20000048   Section       44  keyboard.o(.data)
    temp_int_s                               0x20000060   Data           4  keyboard.o(.data)
    i                                        0x20000064   Data           4  keyboard.o(.data)
    i                                        0x20000068   Data           4  keyboard.o(.data)
    i                                        0x2000006c   Data           4  keyboard.o(.data)
    i                                        0x20000070   Data           4  keyboard.o(.data)
    .data                                    0x20000074   Section        4  delay.o(.data)
    fac_us                                   0x20000074   Data           1  delay.o(.data)
    fac_ms                                   0x20000076   Data           2  delay.o(.data)
    .data                                    0x20000078   Section        6  usart.o(.data)
    .data                                    0x2000007e   Section       16  stm32f4xx_rcc.o(.data)
    APBAHBPrescTable                         0x2000007e   Data          16  stm32f4xx_rcc.o(.data)
    .data                                    0x20000090   Section        4  errno.o(.data)
    _errno                                   0x20000090   Data           4  errno.o(.data)
    .bss                                     0x20000094   Section     2492  main.o(.bss)
    .bss                                     0x20000a50   Section       72  adf4351.o(.bss)
    .bss                                     0x20000a98   Section       14  lcd.o(.bss)
    .bss                                     0x20000aa6   Section       68  keyboard.o(.bss)
    CHAR_temp                                0x20000aa6   Data          17  keyboard.o(.bss)
    CHAR_temp                                0x20000ab7   Data          17  keyboard.o(.bss)
    CHAR_temp                                0x20000ac8   Data          17  keyboard.o(.bss)
    CHAR_temp                                0x20000ad9   Data          17  keyboard.o(.bss)
    .bss                                     0x20000aea   Section      200  usart.o(.bss)
    STACK                                    0x20000bb8   Section     1024  startup_stm32f40_41xxx.o(STACK)

    Global Symbols

    Symbol Name                              Value     Ov Type        Size  Object(Section)

    BuildAttributes$$THM_ISAv4$E$P$D$K$B$S$7EM$VFPi3$EXTD16$VFPS$VFMA$PE$A:L22UL41UL21$X:L11$S22US41US21$IEEE1$IW$USESV6$~STKCKD$USESV7$~SHL$OTIME$ROPI$IEEEX$EBA8$MICROLIB$REQ8$PRES8$EABIv2 0x00000000   Number         0  anon$$obj.o ABSOLUTE
    __ARM_use_no_argv                        0x00000000   Number         0  main.o ABSOLUTE
    __use_no_errno                           0x00000000   Number         0  useno.o ABSOLUTE
    __use_no_exception_handling              0x00000000   Number         0  useno.o ABSOLUTE
    __use_no_fp                              0x00000000   Number         0  useno.o ABSOLUTE
    __use_no_heap                            0x00000000   Number         0  useno.o ABSOLUTE
    __use_no_heap_region                     0x00000000   Number         0  useno.o ABSOLUTE
    __use_no_semihosting                     0x00000000   Number         0  useno.o ABSOLUTE
    __use_no_semihosting_swi                 0x00000000   Number         0  useno.o ABSOLUTE
    __use_no_signal_handling                 0x00000000   Number         0  useno.o ABSOLUTE
    _printf_a                                0x00000000   Number         0  stubs.o ABSOLUTE
    _printf_c                                0x00000000   Number         0  stubs.o ABSOLUTE
    _printf_charcount                        0x00000000   Number         0  stubs.o ABSOLUTE
    _printf_d                                0x00000000   Number         0  stubs.o ABSOLUTE
    _printf_e                                0x00000000   Number         0  stubs.o ABSOLUTE
    _printf_f                                0x00000000   Number         0  stubs.o ABSOLUTE
    _printf_flags                            0x00000000   Number         0  stubs.o ABSOLUTE
    _printf_fp_dec                           0x00000000   Number         0  stubs.o ABSOLUTE
    _printf_fp_hex                           0x00000000   Number         0  stubs.o ABSOLUTE
    _printf_g                                0x00000000   Number         0  stubs.o ABSOLUTE
    _printf_i                                0x00000000   Number         0  stubs.o ABSOLUTE
    _printf_int_dec                          0x00000000   Number         0  stubs.o ABSOLUTE
    _printf_l                                0x00000000   Number         0  stubs.o ABSOLUTE
    _printf_lc                               0x00000000   Number         0  stubs.o ABSOLUTE
    _printf_ll                               0x00000000   Number         0  stubs.o ABSOLUTE
    _printf_lld                              0x00000000   Number         0  stubs.o ABSOLUTE
    _printf_lli                              0x00000000   Number         0  stubs.o ABSOLUTE
    _printf_llo                              0x00000000   Number         0  stubs.o ABSOLUTE
    _printf_llu                              0x00000000   Number         0  stubs.o ABSOLUTE
    _printf_llx                              0x00000000   Number         0  stubs.o ABSOLUTE
    _printf_longlong_dec                     0x00000000   Number         0  stubs.o ABSOLUTE
    _printf_longlong_hex                     0x00000000   Number         0  stubs.o ABSOLUTE
    _printf_longlong_oct                     0x00000000   Number         0  stubs.o ABSOLUTE
    _printf_ls                               0x00000000   Number         0  stubs.o ABSOLUTE
    _printf_mbtowc                           0x00000000   Number         0  stubs.o ABSOLUTE
    _printf_n                                0x00000000   Number         0  stubs.o ABSOLUTE
    _printf_o                                0x00000000   Number         0  stubs.o ABSOLUTE
    _printf_p                                0x00000000   Number         0  stubs.o ABSOLUTE
    _printf_percent                          0x00000000   Number         0  stubs.o ABSOLUTE
    _printf_pre_padding                      0x00000000   Number         0  stubs.o ABSOLUTE
    _printf_return_value                     0x00000000   Number         0  stubs.o ABSOLUTE
    _printf_s                                0x00000000   Number         0  stubs.o ABSOLUTE
    _printf_sizespec                         0x00000000   Number         0  stubs.o ABSOLUTE
    _printf_str                              0x00000000   Number         0  stubs.o ABSOLUTE
    _printf_truncate_signed                  0x00000000   Number         0  stubs.o ABSOLUTE
    _printf_truncate_unsigned                0x00000000   Number         0  stubs.o ABSOLUTE
    _printf_u                                0x00000000   Number         0  stubs.o ABSOLUTE
    _printf_wc                               0x00000000   Number         0  stubs.o ABSOLUTE
    _printf_wctomb                           0x00000000   Number         0  stubs.o ABSOLUTE
    _printf_widthprec                        0x00000000   Number         0  stubs.o ABSOLUTE
    _printf_x                                0x00000000   Number         0  stubs.o ABSOLUTE
    __cpp_initialize__aeabi_                  - Undefined Weak Reference
    __cxa_finalize                            - Undefined Weak Reference
    __decompress                              - Undefined Weak Reference
    _clock_init                               - Undefined Weak Reference
    _microlib_exit                            - Undefined Weak Reference
    __Vectors_Size                           0x00000188   Number         0  startup_stm32f40_41xxx.o ABSOLUTE
    __Vectors                                0x08000000   Data           4  startup_stm32f40_41xxx.o(RESET)
    __Vectors_End                            0x08000188   Data           0  startup_stm32f40_41xxx.o(RESET)
    __main                                   0x08000189   Thumb Code     0  entry.o(.ARM.Collect$$$$00000000)
    _main_stk                                0x08000189   Thumb Code     0  entry2.o(.ARM.Collect$$$$00000001)
    _main_scatterload                        0x0800018d   Thumb Code     0  entry5.o(.ARM.Collect$$$$00000004)
    __main_after_scatterload                 0x08000191   Thumb Code     0  entry5.o(.ARM.Collect$$$$00000004)
    _main_clock                              0x08000191   Thumb Code     0  entry7b.o(.ARM.Collect$$$$00000008)
    _main_cpp_init                           0x08000191   Thumb Code     0  entry8b.o(.ARM.Collect$$$$0000000A)
    _main_init                               0x08000191   Thumb Code     0  entry9a.o(.ARM.Collect$$$$0000000B)
    __rt_final_cpp                           0x08000199   Thumb Code     0  entry10a.o(.ARM.Collect$$$$0000000D)
    __rt_final_exit                          0x08000199   Thumb Code     0  entry11a.o(.ARM.Collect$$$$0000000F)
    display_main_menu                        0x0800019d   Thumb Code    92  main.o(.text)
    cal_decay_value                          0x080001f9   Thumb Code  1082  main.o(.text)
    find_top_three                           0x08000633   Thumb Code   234  main.o(.text)
    find_scatter                             0x0800071d   Thumb Code   142  main.o(.text)
    poly_v                                   0x080007ab   Thumb Code    18  main.o(.text)
    poly_dbm                                 0x080007bd   Thumb Code    36  main.o(.text)
    single_output_handler                    0x080007e1   Thumb Code   760  main.o(.text)
    continuous_output_handler                0x08000ad9   Thumb Code   618  main.o(.text)
    spectrum_drawing                         0x08000d43   Thumb Code   670  main.o(.text)
    spectrum_handler                         0x08000fe1   Thumb Code   426  main.o(.text)
    main                                     0x0800118b   Thumb Code   238  main.o(.text)
    NMI_Handler                              0x080012dd   Thumb Code     2  stm32f4xx_it.o(.text)
    HardFault_Handler                        0x080012df   Thumb Code     4  stm32f4xx_it.o(.text)
    MemManage_Handler                        0x080012e3   Thumb Code     4  stm32f4xx_it.o(.text)
    BusFault_Handler                         0x080012e7   Thumb Code     4  stm32f4xx_it.o(.text)
    UsageFault_Handler                       0x080012eb   Thumb Code     4  stm32f4xx_it.o(.text)
    SVC_Handler                              0x080012ef   Thumb Code     2  stm32f4xx_it.o(.text)
    DebugMon_Handler                         0x080012f1   Thumb Code     2  stm32f4xx_it.o(.text)
    PendSV_Handler                           0x080012f3   Thumb Code     2  stm32f4xx_it.o(.text)
    SysTick_Handler                          0x080012f5   Thumb Code     2  stm32f4xx_it.o(.text)
    SystemInit                               0x080013d5   Thumb Code    88  system_stm32f4xx.o(.text)
    SystemCoreClockUpdate                    0x0800142d   Thumb Code   174  system_stm32f4xx.o(.text)
    LED_Init                                 0x08001509   Thumb Code    60  led.o(.text)
    KEY_Init                                 0x08001549   Thumb Code    60  key.o(.text)
    KEY_Scan                                 0x08001585   Thumb Code   114  key.o(.text)
    ADF_Output_GPIOInit                      0x08001605   Thumb Code   116  adf4351.o(.text)
    ADF_DOUT_GPIOInit                        0x08001679   Thumb Code    42  adf4351.o(.text)
    delay                                    0x080016a3   Thumb Code    10  adf4351.o(.text)
    WriteToADF4351                           0x080016ad   Thumb Code   176  adf4351.o(.text)
    ReadToADF4351                            0x0800175d   Thumb Code   170  adf4351.o(.text)
    ADF4351MEGInit                           0x08001807   Thumb Code    72  adf4351.o(.text)
    TransformInt32ToU8                       0x0800184f   Thumb Code    16  adf4351.o(.text)
    ADF4351Init                              0x0800185f   Thumb Code   124  adf4351.o(.text)
    ADF4351RangeConstInit                    0x080018db   Thumb Code     2  adf4351.o(.text)
    WriteOneRegToADF4351                     0x080018dd   Thumb Code    42  adf4351.o(.text)
    ADF4351_Init_some                        0x08001907   Thumb Code    24  adf4351.o(.text)
    ADF4351WriteFreq                         0x0800191f   Thumb Code   672  adf4351.o(.text)
    LCD_WR_REG                               0x08001bd5   Thumb Code    18  lcd.o(.text)
    LCD_WR_DATA                              0x08001be7   Thumb Code    20  lcd.o(.text)
    LCD_RD_DATA                              0x08001bfb   Thumb Code    16  lcd.o(.text)
    LCD_WriteReg                             0x08001c0b   Thumb Code    14  lcd.o(.text)
    LCD_ReadReg                              0x08001c19   Thumb Code    22  lcd.o(.text)
    LCD_WriteRAM_Prepare                     0x08001c2f   Thumb Code    10  lcd.o(.text)
    LCD_WriteRAM                             0x08001c39   Thumb Code     8  lcd.o(.text)
    LCD_BGR2RGB                              0x08001c41   Thumb Code    26  lcd.o(.text)
    opt_delay                                0x08001c5b   Thumb Code    14  lcd.o(.text)
    LCD_SetCursor                            0x08001c69   Thumb Code   282  lcd.o(.text)
    LCD_ReadPoint                            0x08001d83   Thumb Code   132  lcd.o(.text)
    LCD_DisplayOn                            0x08001e07   Thumb Code    32  lcd.o(.text)
    LCD_DisplayOff                           0x08001e27   Thumb Code    32  lcd.o(.text)
    LCD_Scan_Dir                             0x08001e47   Thumb Code   570  lcd.o(.text)
    LCD_DrawPoint                            0x08002081   Thumb Code    28  lcd.o(.text)
    LCD_Fast_DrawPoint                       0x0800209d   Thumb Code   238  lcd.o(.text)
    LCD_SSD_BackLightSet                     0x0800218b   Thumb Code    88  lcd.o(.text)
    LCD_Display_Dir                          0x080021e3   Thumb Code   298  lcd.o(.text)
    LCD_Set_Window                           0x0800230d   Thumb Code   384  lcd.o(.text)
    LCD_Clear                                0x0800248d   Thumb Code    42  lcd.o(.text)
    LCD_Init                                 0x080024b7   Thumb Code 10316  lcd.o(.text)
    LCD_Fill                                 0x08004d03   Thumb Code    82  lcd.o(.text)
    LCD_Color_Fill                           0x08004d55   Thumb Code    92  lcd.o(.text)
    LCD_DrawLine                             0x08004db1   Thumb Code   176  lcd.o(.text)
    LCD_DrawRectangle                        0x08004e61   Thumb Code    60  lcd.o(.text)
    LCD_Draw_Circle                          0x08004e9d   Thumb Code   152  lcd.o(.text)
    LCD_ShowChar                             0x08004f35   Thumb Code   286  lcd.o(.text)
    LCD_Pow                                  0x08005053   Thumb Code    22  lcd.o(.text)
    LCD_ShowNum                              0x08005069   Thumb Code   148  lcd.o(.text)
    LCD_ShowxNum                             0x080050fd   Thumb Code   190  lcd.o(.text)
    LCD_ShowFloat                            0x080051bb   Thumb Code   600  lcd.o(.text)
    LCD_ShowxFloat                           0x08005413   Thumb Code   556  lcd.o(.text)
    LCD_ShowString                           0x0800563f   Thumb Code   102  lcd.o(.text)
    LCD_ShowxString                          0x080056a5   Thumb Code   104  lcd.o(.text)
    LCD_DrawAxis                             0x0800570d   Thumb Code    84  lcd.o(.text)
    LCD_ShowData                             0x08005761   Thumb Code   312  lcd.o(.text)
    LCD_DataSweep                            0x08005899   Thumb Code    68  lcd.o(.text)
    LCD_FreqNote                             0x080058dd   Thumb Code    96  lcd.o(.text)
    LCD_ShowMsg                              0x0800593d   Thumb Code    62  lcd.o(.text)
    EXTI9_5_IRQHandler                       0x080059cd   Thumb Code    28  keyboard.o(.text)
    COL_OUT_L                                0x080059e9   Thumb Code   146  keyboard.o(.text)
    ROW_IN_PULL_UP                           0x08005a7b   Thumb Code   100  keyboard.o(.text)
    ROW_H_COL_L                              0x08005adf   Thumb Code    12  keyboard.o(.text)
    TestCol                                  0x08005aeb   Thumb Code    78  keyboard.o(.text)
    ROW_OUT_L                                0x08005b39   Thumb Code   148  keyboard.o(.text)
    COL_IN_PULL_UP                           0x08005bcd   Thumb Code   100  keyboard.o(.text)
    ROW_L_COL_H                              0x08005c31   Thumb Code    12  keyboard.o(.text)
    TestRow                                  0x08005c3d   Thumb Code    80  keyboard.o(.text)
    ReadKeyBoard                             0x08005c8d   Thumb Code   428  keyboard.o(.text)
    input_int                                0x08005e39   Thumb Code   288  keyboard.o(.text)
    Char_2_Double                            0x08005f59   Thumb Code   162  keyboard.o(.text)
    input_double                             0x08005ffb   Thumb Code   298  keyboard.o(.text)
    input_double_s                           0x08006125   Thumb Code   514  keyboard.o(.text)
    input_string_s                           0x08006327   Thumb Code   538  keyboard.o(.text)
    input_char                               0x08006541   Thumb Code    14  keyboard.o(.text)
    KeyBoard_Interrupt_Init                  0x0800654f   Thumb Code    78  keyboard.o(.text)
    ENABLE_KeyBoard_CLK                      0x0800659d   Thumb Code    36  keyboard.o(.text)
    InitRowColValue                          0x080065c1   Thumb Code    78  keyboard.o(.text)
    Init_KeyBoard_Port                       0x0800660f   Thumb Code    54  keyboard.o(.text)
    Adc_Init                                 0x08006665   Thumb Code   124  adc.o(.text)
    Get_Adc                                  0x080066e1   Thumb Code    44  adc.o(.text)
    Get_Adc_Average                          0x0800670d   Thumb Code    46  adc.o(.text)
    RNG_Init                                 0x08006745   Thumb Code    60  rng.o(.text)
    RNG_Get_RandomRange                      0x08006781   Thumb Code    26  rng.o(.text)
    PE_LE_Switch                             0x0800679d   Thumb Code    34  pe4302.o(.text)
    PE_GPIO_Init                             0x080067bf   Thumb Code   126  pe4302.o(.text)
    PE4302_Set                               0x0800683d   Thumb Code   126  pe4302.o(.text)
    PE4302_x_Set                             0x080068bb   Thumb Code   146  pe4302.o(.text)
    delay_init                               0x08006959   Thumb Code    52  delay.o(.text)
    delay_us                                 0x0800698d   Thumb Code    72  delay.o(.text)
    delay_xms                                0x080069d5   Thumb Code    72  delay.o(.text)
    delay_ms                                 0x08006a1d   Thumb Code    56  delay.o(.text)
    _sys_exit                                0x08006a5d   Thumb Code     4  usart.o(.text)
    fputc                                    0x08006a61   Thumb Code    22  usart.o(.text)
    uart_init                                0x08006a77   Thumb Code   164  usart.o(.text)
    USART1_IRQHandler                        0x08006b1b   Thumb Code   122  usart.o(.text)
    Reset_Handler                            0x08006ba5   Thumb Code     8  startup_stm32f40_41xxx.o(.text)
    ADC_IRQHandler                           0x08006bbf   Thumb Code     0  startup_stm32f40_41xxx.o(.text)
    CAN1_RX0_IRQHandler                      0x08006bbf   Thumb Code     0  startup_stm32f40_41xxx.o(.text)
    CAN1_RX1_IRQHandler                      0x08006bbf   Thumb Code     0  startup_stm32f40_41xxx.o(.text)
    CAN1_SCE_IRQHandler                      0x08006bbf   Thumb Code     0  startup_stm32f40_41xxx.o(.text)
    CAN1_TX_IRQHandler                       0x08006bbf   Thumb Code     0  startup_stm32f40_41xxx.o(.text)
    CAN2_RX0_IRQHandler                      0x08006bbf   Thumb Code     0  startup_stm32f40_41xxx.o(.text)
    CAN2_RX1_IRQHandler                      0x08006bbf   Thumb Code     0  startup_stm32f40_41xxx.o(.text)
    CAN2_SCE_IRQHandler                      0x08006bbf   Thumb Code     0  startup_stm32f40_41xxx.o(.text)
    CAN2_TX_IRQHandler                       0x08006bbf   Thumb Code     0  startup_stm32f40_41xxx.o(.text)
    CRYP_IRQHandler                          0x08006bbf   Thumb Code     0  startup_stm32f40_41xxx.o(.text)
    DCMI_IRQHandler                          0x08006bbf   Thumb Code     0  startup_stm32f40_41xxx.o(.text)
    DMA1_Stream0_IRQHandler                  0x08006bbf   Thumb Code     0  startup_stm32f40_41xxx.o(.text)
    DMA1_Stream1_IRQHandler                  0x08006bbf   Thumb Code     0  startup_stm32f40_41xxx.o(.text)
    DMA1_Stream2_IRQHandler                  0x08006bbf   Thumb Code     0  startup_stm32f40_41xxx.o(.text)
    DMA1_Stream3_IRQHandler                  0x08006bbf   Thumb Code     0  startup_stm32f40_41xxx.o(.text)
    DMA1_Stream4_IRQHandler                  0x08006bbf   Thumb Code     0  startup_stm32f40_41xxx.o(.text)
    DMA1_Stream5_IRQHandler                  0x08006bbf   Thumb Code     0  startup_stm32f40_41xxx.o(.text)
    DMA1_Stream6_IRQHandler                  0x08006bbf   Thumb Code     0  startup_stm32f40_41xxx.o(.text)
    DMA1_Stream7_IRQHandler                  0x08006bbf   Thumb Code     0  startup_stm32f40_41xxx.o(.text)
    DMA2_Stream0_IRQHandler                  0x08006bbf   Thumb Code     0  startup_stm32f40_41xxx.o(.text)
    DMA2_Stream1_IRQHandler                  0x08006bbf   Thumb Code     0  startup_stm32f40_41xxx.o(.text)
    DMA2_Stream2_IRQHandler                  0x08006bbf   Thumb Code     0  startup_stm32f40_41xxx.o(.text)
    DMA2_Stream3_IRQHandler                  0x08006bbf   Thumb Code     0  startup_stm32f40_41xxx.o(.text)
    DMA2_Stream4_IRQHandler                  0x08006bbf   Thumb Code     0  startup_stm32f40_41xxx.o(.text)
    DMA2_Stream5_IRQHandler                  0x08006bbf   Thumb Code     0  startup_stm32f40_41xxx.o(.text)
    DMA2_Stream6_IRQHandler                  0x08006bbf   Thumb Code     0  startup_stm32f40_41xxx.o(.text)
    DMA2_Stream7_IRQHandler                  0x08006bbf   Thumb Code     0  startup_stm32f40_41xxx.o(.text)
    ETH_IRQHandler                           0x08006bbf   Thumb Code     0  startup_stm32f40_41xxx.o(.text)
    ETH_WKUP_IRQHandler                      0x08006bbf   Thumb Code     0  startup_stm32f40_41xxx.o(.text)
    EXTI0_IRQHandler                         0x08006bbf   Thumb Code     0  startup_stm32f40_41xxx.o(.text)
    EXTI15_10_IRQHandler                     0x08006bbf   Thumb Code     0  startup_stm32f40_41xxx.o(.text)
    EXTI1_IRQHandler                         0x08006bbf   Thumb Code     0  startup_stm32f40_41xxx.o(.text)
    EXTI2_IRQHandler                         0x08006bbf   Thumb Code     0  startup_stm32f40_41xxx.o(.text)
    EXTI3_IRQHandler                         0x08006bbf   Thumb Code     0  startup_stm32f40_41xxx.o(.text)
    EXTI4_IRQHandler                         0x08006bbf   Thumb Code     0  startup_stm32f40_41xxx.o(.text)
    FLASH_IRQHandler                         0x08006bbf   Thumb Code     0  startup_stm32f40_41xxx.o(.text)
    FPU_IRQHandler                           0x08006bbf   Thumb Code     0  startup_stm32f40_41xxx.o(.text)
    FSMC_IRQHandler                          0x08006bbf   Thumb Code     0  startup_stm32f40_41xxx.o(.text)
    HASH_RNG_IRQHandler                      0x08006bbf   Thumb Code     0  startup_stm32f40_41xxx.o(.text)
    I2C1_ER_IRQHandler                       0x08006bbf   Thumb Code     0  startup_stm32f40_41xxx.o(.text)
    I2C1_EV_IRQHandler                       0x08006bbf   Thumb Code     0  startup_stm32f40_41xxx.o(.text)
    I2C2_ER_IRQHandler                       0x08006bbf   Thumb Code     0  startup_stm32f40_41xxx.o(.text)
    I2C2_EV_IRQHandler                       0x08006bbf   Thumb Code     0  startup_stm32f40_41xxx.o(.text)
    I2C3_ER_IRQHandler                       0x08006bbf   Thumb Code     0  startup_stm32f40_41xxx.o(.text)
    I2C3_EV_IRQHandler                       0x08006bbf   Thumb Code     0  startup_stm32f40_41xxx.o(.text)
    OTG_FS_IRQHandler                        0x08006bbf   Thumb Code     0  startup_stm32f40_41xxx.o(.text)
    OTG_FS_WKUP_IRQHandler                   0x08006bbf   Thumb Code     0  startup_stm32f40_41xxx.o(.text)
    OTG_HS_EP1_IN_IRQHandler                 0x08006bbf   Thumb Code     0  startup_stm32f40_41xxx.o(.text)
    OTG_HS_EP1_OUT_IRQHandler                0x08006bbf   Thumb Code     0  startup_stm32f40_41xxx.o(.text)
    OTG_HS_IRQHandler                        0x08006bbf   Thumb Code     0  startup_stm32f40_41xxx.o(.text)
    OTG_HS_WKUP_IRQHandler                   0x08006bbf   Thumb Code     0  startup_stm32f40_41xxx.o(.text)
    PVD_IRQHandler                           0x08006bbf   Thumb Code     0  startup_stm32f40_41xxx.o(.text)
    RCC_IRQHandler                           0x08006bbf   Thumb Code     0  startup_stm32f40_41xxx.o(.text)
    RTC_Alarm_IRQHandler                     0x08006bbf   Thumb Code     0  startup_stm32f40_41xxx.o(.text)
    RTC_WKUP_IRQHandler                      0x08006bbf   Thumb Code     0  startup_stm32f40_41xxx.o(.text)
    SDIO_IRQHandler                          0x08006bbf   Thumb Code     0  startup_stm32f40_41xxx.o(.text)
    SPI1_IRQHandler                          0x08006bbf   Thumb Code     0  startup_stm32f40_41xxx.o(.text)
    SPI2_IRQHandler                          0x08006bbf   Thumb Code     0  startup_stm32f40_41xxx.o(.text)
    SPI3_IRQHandler                          0x08006bbf   Thumb Code     0  startup_stm32f40_41xxx.o(.text)
    TAMP_STAMP_IRQHandler                    0x08006bbf   Thumb Code     0  startup_stm32f40_41xxx.o(.text)
    TIM1_BRK_TIM9_IRQHandler                 0x08006bbf   Thumb Code     0  startup_stm32f40_41xxx.o(.text)
    TIM1_CC_IRQHandler                       0x08006bbf   Thumb Code     0  startup_stm32f40_41xxx.o(.text)
    TIM1_TRG_COM_TIM11_IRQHandler            0x08006bbf   Thumb Code     0  startup_stm32f40_41xxx.o(.text)
    TIM1_UP_TIM10_IRQHandler                 0x08006bbf   Thumb Code     0  startup_stm32f40_41xxx.o(.text)
    TIM2_IRQHandler                          0x08006bbf   Thumb Code     0  startup_stm32f40_41xxx.o(.text)
    TIM3_IRQHandler                          0x08006bbf   Thumb Code     0  startup_stm32f40_41xxx.o(.text)
    TIM4_IRQHandler                          0x08006bbf   Thumb Code     0  startup_stm32f40_41xxx.o(.text)
    TIM5_IRQHandler                          0x08006bbf   Thumb Code     0  startup_stm32f40_41xxx.o(.text)
    TIM6_DAC_IRQHandler                      0x08006bbf   Thumb Code     0  startup_stm32f40_41xxx.o(.text)
    TIM7_IRQHandler                          0x08006bbf   Thumb Code     0  startup_stm32f40_41xxx.o(.text)
    TIM8_BRK_TIM12_IRQHandler                0x08006bbf   Thumb Code     0  startup_stm32f40_41xxx.o(.text)
    TIM8_CC_IRQHandler                       0x08006bbf   Thumb Code     0  startup_stm32f40_41xxx.o(.text)
    TIM8_TRG_COM_TIM14_IRQHandler            0x08006bbf   Thumb Code     0  startup_stm32f40_41xxx.o(.text)
    TIM8_UP_TIM13_IRQHandler                 0x08006bbf   Thumb Code     0  startup_stm32f40_41xxx.o(.text)
    UART4_IRQHandler                         0x08006bbf   Thumb Code     0  startup_stm32f40_41xxx.o(.text)
    UART5_IRQHandler                         0x08006bbf   Thumb Code     0  startup_stm32f40_41xxx.o(.text)
    USART2_IRQHandler                        0x08006bbf   Thumb Code     0  startup_stm32f40_41xxx.o(.text)
    USART3_IRQHandler                        0x08006bbf   Thumb Code     0  startup_stm32f40_41xxx.o(.text)
    USART6_IRQHandler                        0x08006bbf   Thumb Code     0  startup_stm32f40_41xxx.o(.text)
    WWDG_IRQHandler                          0x08006bbf   Thumb Code     0  startup_stm32f40_41xxx.o(.text)
    NVIC_PriorityGroupConfig                 0x08006bc9   Thumb Code    10  misc.o(.text)
    NVIC_Init                                0x08006bd3   Thumb Code   106  misc.o(.text)
    NVIC_SetVectorTable                      0x08006c3d   Thumb Code    14  misc.o(.text)
    NVIC_SystemLPConfig                      0x08006c4b   Thumb Code    34  misc.o(.text)
    SysTick_CLKSourceConfig                  0x08006c6d   Thumb Code    40  misc.o(.text)
    GPIO_DeInit                              0x08006ca9   Thumb Code   268  stm32f4xx_gpio.o(.text)
    GPIO_Init                                0x08006db5   Thumb Code   144  stm32f4xx_gpio.o(.text)
    GPIO_StructInit                          0x08006e45   Thumb Code    18  stm32f4xx_gpio.o(.text)
    GPIO_PinLockConfig                       0x08006e57   Thumb Code    34  stm32f4xx_gpio.o(.text)
    GPIO_ReadInputDataBit                    0x08006e79   Thumb Code    18  stm32f4xx_gpio.o(.text)
    GPIO_ReadInputData                       0x08006e8b   Thumb Code     8  stm32f4xx_gpio.o(.text)
    GPIO_ReadOutputDataBit                   0x08006e93   Thumb Code    18  stm32f4xx_gpio.o(.text)
    GPIO_ReadOutputData                      0x08006ea5   Thumb Code     8  stm32f4xx_gpio.o(.text)
    GPIO_SetBits                             0x08006ead   Thumb Code     4  stm32f4xx_gpio.o(.text)
    GPIO_ResetBits                           0x08006eb1   Thumb Code     4  stm32f4xx_gpio.o(.text)
    GPIO_WriteBit                            0x08006eb5   Thumb Code    10  stm32f4xx_gpio.o(.text)
    GPIO_Write                               0x08006ebf   Thumb Code     4  stm32f4xx_gpio.o(.text)
    GPIO_ToggleBits                          0x08006ec3   Thumb Code     8  stm32f4xx_gpio.o(.text)
    GPIO_PinAFConfig                         0x08006ecb   Thumb Code    70  stm32f4xx_gpio.o(.text)
    FSMC_NORSRAMDeInit                       0x08006f3d   Thumb Code    54  stm32f4xx_fsmc.o(.text)
    FSMC_NORSRAMInit                         0x08006f73   Thumb Code   230  stm32f4xx_fsmc.o(.text)
    FSMC_NORSRAMStructInit                   0x08007059   Thumb Code    48  stm32f4xx_fsmc.o(.text)
    FSMC_NORSRAMCmd                          0x08007089   Thumb Code    46  stm32f4xx_fsmc.o(.text)
    FSMC_NANDDeInit                          0x080070b7   Thumb Code    62  stm32f4xx_fsmc.o(.text)
    FSMC_NANDInit                            0x080070f5   Thumb Code   132  stm32f4xx_fsmc.o(.text)
    FSMC_NANDStructInit                      0x08007179   Thumb Code    54  stm32f4xx_fsmc.o(.text)
    FSMC_NANDCmd                             0x080071af   Thumb Code    86  stm32f4xx_fsmc.o(.text)
    FSMC_NANDECCCmd                          0x08007205   Thumb Code    86  stm32f4xx_fsmc.o(.text)
    FSMC_GetECC                              0x0800725b   Thumb Code    24  stm32f4xx_fsmc.o(.text)
    FSMC_PCCARDDeInit                        0x08007273   Thumb Code    36  stm32f4xx_fsmc.o(.text)
    FSMC_PCCARDInit                          0x08007297   Thumb Code   130  stm32f4xx_fsmc.o(.text)
    FSMC_PCCARDStructInit                    0x08007319   Thumb Code    60  stm32f4xx_fsmc.o(.text)
    FSMC_PCCARDCmd                           0x08007355   Thumb Code    44  stm32f4xx_fsmc.o(.text)
    FSMC_ITConfig                            0x08007381   Thumb Code   128  stm32f4xx_fsmc.o(.text)
    FSMC_GetFlagStatus                       0x08007401   Thumb Code    54  stm32f4xx_fsmc.o(.text)
    FSMC_ClearFlag                           0x08007437   Thumb Code    74  stm32f4xx_fsmc.o(.text)
    FSMC_GetITStatus                         0x08007481   Thumb Code    62  stm32f4xx_fsmc.o(.text)
    FSMC_ClearITPendingBit                   0x080074bf   Thumb Code    66  stm32f4xx_fsmc.o(.text)
    RCC_DeInit                               0x08007505   Thumb Code    82  stm32f4xx_rcc.o(.text)
    RCC_HSEConfig                            0x08007557   Thumb Code    14  stm32f4xx_rcc.o(.text)
    RCC_GetFlagStatus                        0x08007565   Thumb Code    60  stm32f4xx_rcc.o(.text)
    RCC_WaitForHSEStartUp                    0x080075a1   Thumb Code    56  stm32f4xx_rcc.o(.text)
    RCC_AdjustHSICalibrationValue            0x080075d9   Thumb Code    20  stm32f4xx_rcc.o(.text)
    RCC_HSICmd                               0x080075ed   Thumb Code     6  stm32f4xx_rcc.o(.text)
    RCC_LSEConfig                            0x080075f3   Thumb Code    46  stm32f4xx_rcc.o(.text)
    RCC_LSICmd                               0x08007621   Thumb Code     6  stm32f4xx_rcc.o(.text)
    RCC_PLLConfig                            0x08007627   Thumb Code    32  stm32f4xx_rcc.o(.text)
    RCC_PLLCmd                               0x08007647   Thumb Code     6  stm32f4xx_rcc.o(.text)
    RCC_PLLI2SConfig                         0x0800764d   Thumb Code    14  stm32f4xx_rcc.o(.text)
    RCC_PLLI2SCmd                            0x0800765b   Thumb Code     6  stm32f4xx_rcc.o(.text)
    RCC_PLLSAIConfig                         0x08007661   Thumb Code    20  stm32f4xx_rcc.o(.text)
    RCC_PLLSAICmd                            0x08007675   Thumb Code     6  stm32f4xx_rcc.o(.text)
    RCC_ClockSecuritySystemCmd               0x0800767b   Thumb Code     6  stm32f4xx_rcc.o(.text)
    RCC_MCO1Config                           0x08007681   Thumb Code    28  stm32f4xx_rcc.o(.text)
    RCC_MCO2Config                           0x0800769d   Thumb Code    28  stm32f4xx_rcc.o(.text)
    RCC_SYSCLKConfig                         0x080076b9   Thumb Code    20  stm32f4xx_rcc.o(.text)
    RCC_GetSYSCLKSource                      0x080076cd   Thumb Code    12  stm32f4xx_rcc.o(.text)
    RCC_HCLKConfig                           0x080076d9   Thumb Code    20  stm32f4xx_rcc.o(.text)
    RCC_PCLK1Config                          0x080076ed   Thumb Code    20  stm32f4xx_rcc.o(.text)
    RCC_PCLK2Config                          0x08007701   Thumb Code    22  stm32f4xx_rcc.o(.text)
    RCC_GetClocksFreq                        0x08007717   Thumb Code   222  stm32f4xx_rcc.o(.text)
    RCC_RTCCLKConfig                         0x080077f5   Thumb Code    54  stm32f4xx_rcc.o(.text)
    RCC_RTCCLKCmd                            0x0800782b   Thumb Code     8  stm32f4xx_rcc.o(.text)
    RCC_BackupResetCmd                       0x08007833   Thumb Code     8  stm32f4xx_rcc.o(.text)
    RCC_I2SCLKConfig                         0x0800783b   Thumb Code     6  stm32f4xx_rcc.o(.text)
    RCC_SAIPLLI2SClkDivConfig                0x08007841   Thumb Code    26  stm32f4xx_rcc.o(.text)
    RCC_SAIPLLSAIClkDivConfig                0x0800785b   Thumb Code    28  stm32f4xx_rcc.o(.text)
    RCC_SAIBlockACLKConfig                   0x08007877   Thumb Code    20  stm32f4xx_rcc.o(.text)
    RCC_SAIBlockBCLKConfig                   0x0800788b   Thumb Code    20  stm32f4xx_rcc.o(.text)
    RCC_LTDCCLKDivConfig                     0x0800789f   Thumb Code    20  stm32f4xx_rcc.o(.text)
    RCC_TIMCLKPresConfig                     0x080078b3   Thumb Code     6  stm32f4xx_rcc.o(.text)
    RCC_AHB1PeriphClockCmd                   0x080078b9   Thumb Code    34  stm32f4xx_rcc.o(.text)
    RCC_AHB2PeriphClockCmd                   0x080078db   Thumb Code    78  stm32f4xx_rcc.o(.text)
    RCC_AHB3PeriphClockCmd                   0x08007929   Thumb Code    34  stm32f4xx_rcc.o(.text)
    RCC_APB1PeriphClockCmd                   0x0800794b   Thumb Code    34  stm32f4xx_rcc.o(.text)
    RCC_APB2PeriphClockCmd                   0x0800796d   Thumb Code    34  stm32f4xx_rcc.o(.text)
    RCC_AHB1PeriphResetCmd                   0x0800798f   Thumb Code    34  stm32f4xx_rcc.o(.text)
    RCC_AHB2PeriphResetCmd                   0x080079b1   Thumb Code    34  stm32f4xx_rcc.o(.text)
    RCC_AHB3PeriphResetCmd                   0x080079d3   Thumb Code    34  stm32f4xx_rcc.o(.text)
    RCC_APB1PeriphResetCmd                   0x080079f5   Thumb Code    34  stm32f4xx_rcc.o(.text)
    RCC_APB2PeriphResetCmd                   0x08007a17   Thumb Code    34  stm32f4xx_rcc.o(.text)
    RCC_AHB1PeriphClockLPModeCmd             0x08007a39   Thumb Code    34  stm32f4xx_rcc.o(.text)
    RCC_AHB2PeriphClockLPModeCmd             0x08007a5b   Thumb Code    34  stm32f4xx_rcc.o(.text)
    RCC_AHB3PeriphClockLPModeCmd             0x08007a7d   Thumb Code    34  stm32f4xx_rcc.o(.text)
    RCC_APB1PeriphClockLPModeCmd             0x08007a9f   Thumb Code    34  stm32f4xx_rcc.o(.text)
    RCC_APB2PeriphClockLPModeCmd             0x08007ac1   Thumb Code    34  stm32f4xx_rcc.o(.text)
    RCC_LSEModeConfig                        0x08007ae3   Thumb Code    40  stm32f4xx_rcc.o(.text)
    RCC_ITConfig                             0x08007b0b   Thumb Code    34  stm32f4xx_rcc.o(.text)
    RCC_ClearFlag                            0x08007b2d   Thumb Code    18  stm32f4xx_rcc.o(.text)
    RCC_GetITStatus                          0x08007b3f   Thumb Code    22  stm32f4xx_rcc.o(.text)
    RCC_ClearITPendingBit                    0x08007b55   Thumb Code     8  stm32f4xx_rcc.o(.text)
    SYSCFG_DeInit                            0x08007b61   Thumb Code    22  stm32f4xx_syscfg.o(.text)
    SYSCFG_MemoryRemapConfig                 0x08007b77   Thumb Code     6  stm32f4xx_syscfg.o(.text)
    SYSCFG_MemorySwappingBank                0x08007b7d   Thumb Code     6  stm32f4xx_syscfg.o(.text)
    SYSCFG_EXTILineConfig                    0x08007b83   Thumb Code    66  stm32f4xx_syscfg.o(.text)
    SYSCFG_ETH_MediaInterfaceConfig          0x08007bc5   Thumb Code     8  stm32f4xx_syscfg.o(.text)
    SYSCFG_CompensationCellCmd               0x08007bcd   Thumb Code     6  stm32f4xx_syscfg.o(.text)
    SYSCFG_GetCompensationCellStatus         0x08007bd3   Thumb Code    22  stm32f4xx_syscfg.o(.text)
    USART_DeInit                             0x08007bf5   Thumb Code   206  stm32f4xx_usart.o(.text)
    USART_Init                               0x08007cc3   Thumb Code   204  stm32f4xx_usart.o(.text)
    USART_StructInit                         0x08007d8f   Thumb Code    24  stm32f4xx_usart.o(.text)
    USART_ClockInit                          0x08007da7   Thumb Code    32  stm32f4xx_usart.o(.text)
    USART_ClockStructInit                    0x08007dc7   Thumb Code    12  stm32f4xx_usart.o(.text)
    USART_Cmd                                0x08007dd3   Thumb Code    24  stm32f4xx_usart.o(.text)
    USART_SetPrescaler                       0x08007deb   Thumb Code    16  stm32f4xx_usart.o(.text)
    USART_OverSampling8Cmd                   0x08007dfb   Thumb Code    22  stm32f4xx_usart.o(.text)
    USART_OneBitMethodCmd                    0x08007e11   Thumb Code    24  stm32f4xx_usart.o(.text)
    USART_SendData                           0x08007e29   Thumb Code     8  stm32f4xx_usart.o(.text)
    USART_ReceiveData                        0x08007e31   Thumb Code    10  stm32f4xx_usart.o(.text)
    USART_SetAddress                         0x08007e3b   Thumb Code    18  stm32f4xx_usart.o(.text)
    USART_ReceiverWakeUpCmd                  0x08007e4d   Thumb Code    24  stm32f4xx_usart.o(.text)
    USART_WakeUpConfig                       0x08007e65   Thumb Code    18  stm32f4xx_usart.o(.text)
    USART_LINBreakDetectLengthConfig         0x08007e77   Thumb Code    18  stm32f4xx_usart.o(.text)
    USART_LINCmd                             0x08007e89   Thumb Code    24  stm32f4xx_usart.o(.text)
    USART_SendBreak                          0x08007ea1   Thumb Code    10  stm32f4xx_usart.o(.text)
    USART_HalfDuplexCmd                      0x08007eab   Thumb Code    24  stm32f4xx_usart.o(.text)
    USART_SetGuardTime                       0x08007ec3   Thumb Code    16  stm32f4xx_usart.o(.text)
    USART_SmartCardCmd                       0x08007ed3   Thumb Code    24  stm32f4xx_usart.o(.text)
    USART_SmartCardNACKCmd                   0x08007eeb   Thumb Code    24  stm32f4xx_usart.o(.text)
    USART_IrDAConfig                         0x08007f03   Thumb Code    18  stm32f4xx_usart.o(.text)
    USART_IrDACmd                            0x08007f15   Thumb Code    24  stm32f4xx_usart.o(.text)
    USART_DMACmd                             0x08007f2d   Thumb Code    18  stm32f4xx_usart.o(.text)
    USART_ITConfig                           0x08007f3f   Thumb Code    74  stm32f4xx_usart.o(.text)
    USART_GetFlagStatus                      0x08007f89   Thumb Code    26  stm32f4xx_usart.o(.text)
    USART_ClearFlag                          0x08007fa3   Thumb Code    18  stm32f4xx_usart.o(.text)
    USART_GetITStatus                        0x08007fb5   Thumb Code   118  stm32f4xx_usart.o(.text)
    USART_ClearITPendingBit                  0x0800802b   Thumb Code    30  stm32f4xx_usart.o(.text)
    ADC_DeInit                               0x08008049   Thumb Code    22  stm32f4xx_adc.o(.text)
    ADC_Init                                 0x0800805f   Thumb Code    74  stm32f4xx_adc.o(.text)
    ADC_StructInit                           0x080080a9   Thumb Code    20  stm32f4xx_adc.o(.text)
    ADC_CommonInit                           0x080080bd   Thumb Code    34  stm32f4xx_adc.o(.text)
    ADC_CommonStructInit                     0x080080df   Thumb Code    12  stm32f4xx_adc.o(.text)
    ADC_Cmd                                  0x080080eb   Thumb Code    22  stm32f4xx_adc.o(.text)
    ADC_AnalogWatchdogCmd                    0x08008101   Thumb Code    16  stm32f4xx_adc.o(.text)
    ADC_AnalogWatchdogThresholdsConfig       0x08008111   Thumb Code     6  stm32f4xx_adc.o(.text)
    ADC_AnalogWatchdogSingleChannelConfig    0x08008117   Thumb Code    16  stm32f4xx_adc.o(.text)
    ADC_TempSensorVrefintCmd                 0x08008127   Thumb Code    34  stm32f4xx_adc.o(.text)
    ADC_VBATCmd                              0x08008149   Thumb Code    34  stm32f4xx_adc.o(.text)
    ADC_RegularChannelConfig                 0x0800816b   Thumb Code   184  stm32f4xx_adc.o(.text)
    ADC_SoftwareStartConv                    0x08008223   Thumb Code    10  stm32f4xx_adc.o(.text)
    ADC_GetSoftwareStartConvStatus           0x0800822d   Thumb Code    20  stm32f4xx_adc.o(.text)
    ADC_EOCOnEachRegularChannelCmd           0x08008241   Thumb Code    22  stm32f4xx_adc.o(.text)
    ADC_ContinuousModeCmd                    0x08008257   Thumb Code    22  stm32f4xx_adc.o(.text)
    ADC_DiscModeChannelCountConfig           0x0800826d   Thumb Code    24  stm32f4xx_adc.o(.text)
    ADC_DiscModeCmd                          0x08008285   Thumb Code    22  stm32f4xx_adc.o(.text)
    ADC_GetConversionValue                   0x0800829b   Thumb Code     8  stm32f4xx_adc.o(.text)
    ADC_GetMultiModeConversionValue          0x080082a3   Thumb Code     8  stm32f4xx_adc.o(.text)
    ADC_DMACmd                               0x080082ab   Thumb Code    22  stm32f4xx_adc.o(.text)
    ADC_DMARequestAfterLastTransferCmd       0x080082c1   Thumb Code    22  stm32f4xx_adc.o(.text)
    ADC_MultiModeDMARequestAfterLastTransferCmd 0x080082d7   Thumb Code    34  stm32f4xx_adc.o(.text)
    ADC_InjectedChannelConfig                0x080082f9   Thumb Code   130  stm32f4xx_adc.o(.text)
    ADC_InjectedSequencerLengthConfig        0x0800837b   Thumb Code    24  stm32f4xx_adc.o(.text)
    ADC_SetInjectedOffset                    0x08008393   Thumb Code    20  stm32f4xx_adc.o(.text)
    ADC_ExternalTrigInjectedConvConfig       0x080083a7   Thumb Code    16  stm32f4xx_adc.o(.text)
    ADC_ExternalTrigInjectedConvEdgeConfig   0x080083b7   Thumb Code    16  stm32f4xx_adc.o(.text)
    ADC_SoftwareStartInjectedConv            0x080083c7   Thumb Code    10  stm32f4xx_adc.o(.text)
    ADC_GetSoftwareStartInjectedConvCmdStatus 0x080083d1   Thumb Code    20  stm32f4xx_adc.o(.text)
    ADC_AutoInjectedConvCmd                  0x080083e5   Thumb Code    22  stm32f4xx_adc.o(.text)
    ADC_InjectedDiscModeCmd                  0x080083fb   Thumb Code    22  stm32f4xx_adc.o(.text)
    ADC_GetInjectedConversionValue           0x08008411   Thumb Code    28  stm32f4xx_adc.o(.text)
    ADC_ITConfig                             0x0800842d   Thumb Code    56  stm32f4xx_adc.o(.text)
    ADC_GetFlagStatus                        0x08008465   Thumb Code    18  stm32f4xx_adc.o(.text)
    ADC_ClearFlag                            0x08008477   Thumb Code     6  stm32f4xx_adc.o(.text)
    ADC_GetITStatus                          0x0800847d   Thumb Code    38  stm32f4xx_adc.o(.text)
    ADC_ClearITPendingBit                    0x080084a3   Thumb Code    10  stm32f4xx_adc.o(.text)
    EXTI_DeInit                              0x080084ad   Thumb Code    28  stm32f4xx_exti.o(.text)
    EXTI_Init                                0x080084c9   Thumb Code   142  stm32f4xx_exti.o(.text)
    EXTI_StructInit                          0x08008557   Thumb Code    16  stm32f4xx_exti.o(.text)
    EXTI_GenerateSWInterrupt                 0x08008567   Thumb Code    16  stm32f4xx_exti.o(.text)
    EXTI_GetFlagStatus                       0x08008577   Thumb Code    22  stm32f4xx_exti.o(.text)
    EXTI_ClearFlag                           0x0800858d   Thumb Code     8  stm32f4xx_exti.o(.text)
    EXTI_GetITStatus                         0x08008595   Thumb Code    22  stm32f4xx_exti.o(.text)
    EXTI_ClearITPendingBit                   0x080085ab   Thumb Code     8  stm32f4xx_exti.o(.text)
    RNG_DeInit                               0x080085bd   Thumb Code    20  stm32f4xx_rng.o(.text)
    RNG_Cmd                                  0x080085d1   Thumb Code    30  stm32f4xx_rng.o(.text)
    RNG_GetRandomNumber                      0x080085ef   Thumb Code     8  stm32f4xx_rng.o(.text)
    RNG_ITConfig                             0x080085f7   Thumb Code    30  stm32f4xx_rng.o(.text)
    RNG_GetFlagStatus                        0x08008615   Thumb Code    22  stm32f4xx_rng.o(.text)
    RNG_ClearFlag                            0x0800862b   Thumb Code    12  stm32f4xx_rng.o(.text)
    RNG_GetITStatus                          0x08008637   Thumb Code    22  stm32f4xx_rng.o(.text)
    RNG_ClearITPendingBit                    0x0800864d   Thumb Code    12  stm32f4xx_rng.o(.text)
    __aeabi_uldivmod                         0x0800865d   Thumb Code    98  uldiv.o(.text)
    __aeabi_dadd                             0x080086bf   Thumb Code   322  dadd.o(.text)
    __aeabi_dsub                             0x08008801   Thumb Code     6  dadd.o(.text)
    __aeabi_drsub                            0x08008807   Thumb Code     6  dadd.o(.text)
    __aeabi_dmul                             0x0800880d   Thumb Code   228  dmul.o(.text)
    __aeabi_ddiv                             0x080088f1   Thumb Code   222  ddiv.o(.text)
    __aeabi_i2d                              0x080089cf   Thumb Code    34  dflti.o(.text)
    __aeabi_ui2d                             0x080089f1   Thumb Code    26  dfltui.o(.text)
    __aeabi_l2d                              0x08008a0b   Thumb Code    40  dfltl.o(.text)
    __aeabi_ul2d                             0x08008a33   Thumb Code    24  dfltul.o(.text)
    __aeabi_d2uiz                            0x08008a4b   Thumb Code    50  dfixui.o(.text)
    __aeabi_d2ulz                            0x08008a7d   Thumb Code    48  dfixul.o(.text)
    __aeabi_f2d                              0x08008aad   Thumb Code    38  f2d.o(.text)
    __aeabi_cdcmpeq                          0x08008ad5   Thumb Code     0  cdcmple.o(.text)
    __aeabi_cdcmple                          0x08008ad5   Thumb Code    48  cdcmple.o(.text)
    __aeabi_cdrcmple                         0x08008b05   Thumb Code    48  cdrcmple.o(.text)
    __aeabi_d2f                              0x08008b35   Thumb Code    56  d2f.o(.text)
    __aeabi_uidiv                            0x08008b6d   Thumb Code     0  uidiv.o(.text)
    __aeabi_uidivmod                         0x08008b6d   Thumb Code    44  uidiv.o(.text)
    __aeabi_llsl                             0x08008b99   Thumb Code    30  llshl.o(.text)
    _ll_shift_l                              0x08008b99   Thumb Code     0  llshl.o(.text)
    __aeabi_llsr                             0x08008bb7   Thumb Code    32  llushr.o(.text)
    _ll_ushift_r                             0x08008bb7   Thumb Code     0  llushr.o(.text)
    __aeabi_lasr                             0x08008bd7   Thumb Code    36  llsshr.o(.text)
    _ll_sshift_r                             0x08008bd7   Thumb Code     0  llsshr.o(.text)
    __I$use$fp                               0x08008bfb   Thumb Code     0  iusefp.o(.text)
    _float_round                             0x08008bfb   Thumb Code    18  fepilogue.o(.text)
    _float_epilogue                          0x08008c0d   Thumb Code    92  fepilogue.o(.text)
    _double_round                            0x08008c69   Thumb Code    30  depilogue.o(.text)
    _double_epilogue                         0x08008c87   Thumb Code   156  depilogue.o(.text)
    __scatterload                            0x08008d25   Thumb Code    28  init.o(.text)
    __scatterload_rt2                        0x08008d25   Thumb Code     0  init.o(.text)
    __0printf                                0x08008d49   Thumb Code    22  printfa.o(i.__0printf)
    __1printf                                0x08008d49   Thumb Code     0  printfa.o(i.__0printf)
    __2printf                                0x08008d49   Thumb Code     0  printfa.o(i.__0printf)
    __c89printf                              0x08008d49   Thumb Code     0  printfa.o(i.__0printf)
    printf                                   0x08008d49   Thumb Code     0  printfa.o(i.__0printf)
    __0sprintf                               0x08008d69   Thumb Code    34  printfa.o(i.__0sprintf)
    __1sprintf                               0x08008d69   Thumb Code     0  printfa.o(i.__0sprintf)
    __2sprintf                               0x08008d69   Thumb Code     0  printfa.o(i.__0sprintf)
    __c89sprintf                             0x08008d69   Thumb Code     0  printfa.o(i.__0sprintf)
    sprintf                                  0x08008d69   Thumb Code     0  printfa.o(i.__0sprintf)
    __hardfp_fabs                            0x08008d91   Thumb Code    20  fabs.o(i.__hardfp_fabs)
    __hardfp_log                             0x08008da9   Thumb Code   872  log.o(i.__hardfp_log)
    __hardfp_log10                           0x08009171   Thumb Code   260  log10.o(i.__hardfp_log10)
    __kernel_poly                            0x080092a1   Thumb Code   248  poly.o(i.__kernel_poly)
    __mathlib_dbl_divzero                    0x08009399   Thumb Code    28  dunder.o(i.__mathlib_dbl_divzero)
    __mathlib_dbl_infnan                     0x080093c9   Thumb Code    20  dunder.o(i.__mathlib_dbl_infnan)
    __mathlib_dbl_invalid                    0x080093e1   Thumb Code    24  dunder.o(i.__mathlib_dbl_invalid)
    __scatterload_copy                       0x08009401   Thumb Code    14  handlers.o(i.__scatterload_copy)
    __scatterload_null                       0x0800940f   Thumb Code     2  handlers.o(i.__scatterload_null)
    __scatterload_zeroinit                   0x08009411   Thumb Code    14  handlers.o(i.__scatterload_zeroinit)
    __set_errno                              0x08009421   Thumb Code     6  errno.o(i.__set_errno)
    log                                      0x08009cc9   Thumb Code    16  log.o(i.log)
    asc2_1206                                0x08009cd8   Data        1140  lcd.o(.constdata)
    asc2_1608                                0x0800a14c   Data        1520  lcd.o(.constdata)
    asc2_2412                                0x0800a73c   Data        3420  lcd.o(.constdata)
    array_CHAR                               0x0800b4a8   Data          16  keyboard.o(.constdata)
    FSMC_DefaultTimingStruct                 0x0800b4b8   Data          28  stm32f4xx_fsmc.o(.constdata)
    __mathlib_zero                           0x0800b510   Data           8  qnan.o(.constdata)
    Region$$Table$$Base                      0x0800b518   Number         0  anon$$obj.o(Region$$Table)
    Region$$Table$$Limit                     0x0800b538   Number         0  anon$$obj.o(Region$$Table)
    cur_state                                0x20000000   Data           1  main.o(.data)
    prev_state                               0x20000001   Data           1  main.o(.data)
    machine_state                            0x20000002   Data           1  main.o(.data)
    preset_freq                              0x20000004   Data           4  main.o(.data)
    Vpp                                      0x20000008   Data           4  main.o(.data)
    scan_time                                0x2000000c   Data           4  main.o(.data)
    spectrum_mode                            0x20000010   Data           1  main.o(.data)
    pos1                                     0x20000014   Data           4  main.o(.data)
    pos2                                     0x20000018   Data           4  main.o(.data)
    pos3                                     0x2000001c   Data           4  main.o(.data)
    scatter_num                              0x20000020   Data           4  main.o(.data)
    MA                                       0x20000024   Data           4  main.o(.data)
    SystemCoreClock                          0x20000028   Data           4  system_stm32f4xx.o(.data)
    AHBPrescTable                            0x2000002c   Data          16  system_stm32f4xx.o(.data)
    POINT_COLOR                              0x2000003e   Data           2  lcd.o(.data)
    BACK_COLOR                               0x20000040   Data           2  lcd.o(.data)
    Enter_flag                               0x20000048   Data           4  keyboard.o(.data)
    KBCode                                   0x2000004c   Data           8  keyboard.o(.data)
    KeyValue                                 0x20000054   Data           1  keyboard.o(.data)
    KeyChange_Flag                           0x20000055   Data           1  keyboard.o(.data)
    freq                                     0x20000058   Data           8  keyboard.o(.data)
    __stdout                                 0x20000078   Data           4  usart.o(.data)
    USART_RX_STA                             0x2000007c   Data           2  usart.o(.data)
    data                                     0x20000094   Data         804  main.o(.bss)
    data_polyed_v                            0x200003b8   Data         804  main.o(.bss)
    data_polyed_dbm                          0x200006dc   Data         804  main.o(.bss)
    scatter_pos                              0x20000a00   Data          80  main.o(.bss)
    ADF4351                                  0x20000a50   Data          72  adf4351.o(.bss)
    lcddev                                   0x20000a98   Data          14  lcd.o(.bss)
    USART_RX_BUF                             0x20000aea   Data         200  usart.o(.bss)
    __initial_sp                             0x20000fb8   Data           0  startup_stm32f40_41xxx.o(STACK)



==============================================================================

Memory Map of the image

  Image Entry point : 0x08000189

  Load Region LR_IROM1 (Base: 0x08000000, Size: 0x0000b5cc, Max: 0x00100000, ABSOLUTE)

    Execution Region ER_IROM1 (Base: 0x08000000, Size: 0x0000b538, Max: 0x00100000, ABSOLUTE)

    Base Addr    Size         Type   Attr      Idx    E Section Name        Object

    0x08000000   0x00000188   Data   RO          551    RESET               startup_stm32f40_41xxx.o
    0x08000188   0x00000000   Code   RO          779  * .ARM.Collect$$$$00000000  mc_w.l(entry.o)
    0x08000188   0x00000004   Code   RO         1101    .ARM.Collect$$$$00000001  mc_w.l(entry2.o)
    0x0800018c   0x00000004   Code   RO         1104    .ARM.Collect$$$$00000004  mc_w.l(entry5.o)
    0x08000190   0x00000000   Code   RO         1106    .ARM.Collect$$$$00000008  mc_w.l(entry7b.o)
    0x08000190   0x00000000   Code   RO         1108    .ARM.Collect$$$$0000000A  mc_w.l(entry8b.o)
    0x08000190   0x00000008   Code   RO         1109    .ARM.Collect$$$$0000000B  mc_w.l(entry9a.o)
    0x08000198   0x00000000   Code   RO         1111    .ARM.Collect$$$$0000000D  mc_w.l(entry10a.o)
    0x08000198   0x00000000   Code   RO         1113    .ARM.Collect$$$$0000000F  mc_w.l(entry11a.o)
    0x08000198   0x00000004   Code   RO         1102    .ARM.Collect$$$$00002712  mc_w.l(entry2.o)
    0x0800019c   0x00001140   Code   RO            3    .text               main.o
    0x080012dc   0x0000001a   Code   RO          186    .text               stm32f4xx_it.o
    0x080012f6   0x00000002   PAD
    0x080012f8   0x00000210   Code   RO          235    .text               system_stm32f4xx.o
    0x08001508   0x00000040   Code   RO          261    .text               led.o
    0x08001548   0x000000bc   Code   RO          281    .text               key.o
    0x08001604   0x000005d0   Code   RO          302    .text               adf4351.o
    0x08001bd4   0x00003df8   Code   RO          328    .text               lcd.o
    0x080059cc   0x00000c98   Code   RO          389    .text               keyboard.o
    0x08006664   0x000000e0   Code   RO          417    .text               adc.o
    0x08006744   0x00000056   Code   RO          437    .text               rng.o
    0x0800679a   0x00000002   PAD
    0x0800679c   0x000001bc   Code   RO          457    .text               pe4302.o
    0x08006958   0x00000104   Code   RO          480    .text               delay.o
    0x08006a5c   0x00000148   Code   RO          520    .text               usart.o
    0x08006ba4   0x00000024   Code   RO          552    .text               startup_stm32f40_41xxx.o
    0x08006bc8   0x000000e0   Code   RO          558    .text               misc.o
    0x08006ca8   0x00000294   Code   RO          578    .text               stm32f4xx_gpio.o
    0x08006f3c   0x000005c8   Code   RO          598    .text               stm32f4xx_fsmc.o
    0x08007504   0x0000065c   Code   RO          621    .text               stm32f4xx_rcc.o
    0x08007b60   0x00000094   Code   RO          643    .text               stm32f4xx_syscfg.o
    0x08007bf4   0x00000454   Code   RO          663    .text               stm32f4xx_usart.o
    0x08008048   0x00000464   Code   RO          683    .text               stm32f4xx_adc.o
    0x080084ac   0x00000110   Code   RO          703    .text               stm32f4xx_exti.o
    0x080085bc   0x000000a0   Code   RO          743    .text               stm32f4xx_rng.o
    0x0800865c   0x00000062   Code   RO          782    .text               mc_w.l(uldiv.o)
    0x080086be   0x0000014e   Code   RO         1045    .text               mf_w.l(dadd.o)
    0x0800880c   0x000000e4   Code   RO         1047    .text               mf_w.l(dmul.o)
    0x080088f0   0x000000de   Code   RO         1049    .text               mf_w.l(ddiv.o)
    0x080089ce   0x00000022   Code   RO         1053    .text               mf_w.l(dflti.o)
    0x080089f0   0x0000001a   Code   RO         1055    .text               mf_w.l(dfltui.o)
    0x08008a0a   0x00000028   Code   RO         1057    .text               mf_w.l(dfltl.o)
    0x08008a32   0x00000018   Code   RO         1059    .text               mf_w.l(dfltul.o)
    0x08008a4a   0x00000032   Code   RO         1061    .text               mf_w.l(dfixui.o)
    0x08008a7c   0x00000030   Code   RO         1063    .text               mf_w.l(dfixul.o)
    0x08008aac   0x00000026   Code   RO         1065    .text               mf_w.l(f2d.o)
    0x08008ad2   0x00000002   PAD
    0x08008ad4   0x00000030   Code   RO         1067    .text               mf_w.l(cdcmple.o)
    0x08008b04   0x00000030   Code   RO         1069    .text               mf_w.l(cdrcmple.o)
    0x08008b34   0x00000038   Code   RO         1071    .text               mf_w.l(d2f.o)
    0x08008b6c   0x0000002c   Code   RO         1115    .text               mc_w.l(uidiv.o)
    0x08008b98   0x0000001e   Code   RO         1117    .text               mc_w.l(llshl.o)
    0x08008bb6   0x00000020   Code   RO         1119    .text               mc_w.l(llushr.o)
    0x08008bd6   0x00000024   Code   RO         1121    .text               mc_w.l(llsshr.o)
    0x08008bfa   0x00000000   Code   RO         1130    .text               mc_w.l(iusefp.o)
    0x08008bfa   0x0000006e   Code   RO         1131    .text               mf_w.l(fepilogue.o)
    0x08008c68   0x000000ba   Code   RO         1133    .text               mf_w.l(depilogue.o)
    0x08008d22   0x00000002   PAD
    0x08008d24   0x00000024   Code   RO         1138    .text               mc_w.l(init.o)
    0x08008d48   0x00000020   Code   RO         1017    i.__0printf         mc_w.l(printfa.o)
    0x08008d68   0x00000028   Code   RO         1019    i.__0sprintf        mc_w.l(printfa.o)
    0x08008d90   0x00000014   Code   RO          761    i.__hardfp_fabs     m_wm.l(fabs.o)
    0x08008da4   0x00000004   PAD
    0x08008da8   0x000003c4   Code   RO         1087    i.__hardfp_log      m_wm.l(log.o)
    0x0800916c   0x00000004   PAD
    0x08009170   0x00000130   Code   RO          767    i.__hardfp_log10    m_wm.l(log10.o)
    0x080092a0   0x000000f8   Code   RO         1135    i.__kernel_poly     m_wm.l(poly.o)
    0x08009398   0x00000030   Code   RO         1073    i.__mathlib_dbl_divzero  m_wm.l(dunder.o)
    0x080093c8   0x00000014   Code   RO         1074    i.__mathlib_dbl_infnan  m_wm.l(dunder.o)
    0x080093dc   0x00000004   PAD
    0x080093e0   0x00000020   Code   RO         1076    i.__mathlib_dbl_invalid  m_wm.l(dunder.o)
    0x08009400   0x0000000e   Code   RO         1142    i.__scatterload_copy  mc_w.l(handlers.o)
    0x0800940e   0x00000002   Code   RO         1143    i.__scatterload_null  mc_w.l(handlers.o)
    0x08009410   0x0000000e   Code   RO         1144    i.__scatterload_zeroinit  mc_w.l(handlers.o)
    0x0800941e   0x00000002   PAD
    0x08009420   0x0000000c   Code   RO         1125    i.__set_errno       mc_w.l(errno.o)
    0x0800942c   0x00000164   Code   RO         1024    i._fp_digits        mc_w.l(printfa.o)
    0x08009590   0x000006dc   Code   RO         1025    i._printf_core      mc_w.l(printfa.o)
    0x08009c6c   0x00000024   Code   RO         1026    i._printf_post_padding  mc_w.l(printfa.o)
    0x08009c90   0x0000002e   Code   RO         1027    i._printf_pre_padding  mc_w.l(printfa.o)
    0x08009cbe   0x0000000a   Code   RO         1029    i._sputc            mc_w.l(printfa.o)
    0x08009cc8   0x00000010   Code   RO         1089    i.log               m_wm.l(log.o)
    0x08009cd8   0x000017d0   Data   RO          330    .constdata          lcd.o
    0x0800b4a8   0x00000010   Data   RO          391    .constdata          keyboard.o
    0x0800b4b8   0x0000001c   Data   RO          599    .constdata          stm32f4xx_fsmc.o
    0x0800b4d4   0x00000004   PAD
    0x0800b4d8   0x00000038   Data   RO         1090    .constdata          m_wm.l(log.o)
    0x0800b510   0x00000008   Data   RO         1137    .constdata          m_wm.l(qnan.o)
    0x0800b518   0x00000020   Data   RO         1140    Region$$Table       anon$$obj.o


    Execution Region RW_IRAM1 (Base: 0x20000000, Size: 0x00000fb8, Max: 0x00020000, ABSOLUTE)

    Base Addr    Size         Type   Attr      Idx    E Section Name        Object

    0x20000000   0x00000028   Data   RW            5    .data               main.o
    0x20000028   0x00000014   Data   RW          236    .data               system_stm32f4xx.o
    0x2000003c   0x00000001   Data   RW          282    .data               key.o
    0x2000003d   0x00000001   PAD
    0x2000003e   0x00000004   Data   RW          331    .data               lcd.o
    0x20000042   0x00000006   PAD
    0x20000048   0x0000002c   Data   RW          392    .data               keyboard.o
    0x20000074   0x00000004   Data   RW          481    .data               delay.o
    0x20000078   0x00000006   Data   RW          522    .data               usart.o
    0x2000007e   0x00000010   Data   RW          622    .data               stm32f4xx_rcc.o
    0x2000008e   0x00000002   PAD
    0x20000090   0x00000004   Data   RW         1126    .data               mc_w.l(errno.o)
    0x20000094   0x000009bc   Zero   RW            4    .bss                main.o
    0x20000a50   0x00000048   Zero   RW          303    .bss                adf4351.o
    0x20000a98   0x0000000e   Zero   RW          329    .bss                lcd.o
    0x20000aa6   0x00000044   Zero   RW          390    .bss                keyboard.o
    0x20000aea   0x000000c8   Zero   RW          521    .bss                usart.o
    0x20000bb2   0x00000006   PAD
    0x20000bb8   0x00000400   Zero   RW          549    STACK               startup_stm32f40_41xxx.o


==============================================================================

Image component sizes


      Code (inc. data)   RO Data    RW Data    ZI Data      Debug   Object Name

       224         10          0          0          0       1143   adc.o
      1488        116          0          0         72       5853   adf4351.o
       260          8          0          4          0       1441   delay.o
       188         14          0          1          0        808   key.o
      3224        148         16         44         68       9837   keyboard.o
     15864        242       6096          4         14      23460   lcd.o
        64          4          0          0          0        507   led.o
      4416        688          0         40       2492     293301   main.o
       224         20          0          0          0       1777   misc.o
       444         12          0          0          0       1492   pe4302.o
        86          0          0          0          0        783   rng.o
        36          8        392          0       1024        808   startup_stm32f40_41xxx.o
      1124         24          0          0          0      10646   stm32f4xx_adc.o
       272         10          0          0          0       2247   stm32f4xx_exti.o
      1480         18         28          0          0       5586   stm32f4xx_fsmc.o
       660         44          0          0          0       4121   stm32f4xx_gpio.o
        26          0          0          0          0       1202   stm32f4xx_it.o
      1628         52          0         16          0      12972   stm32f4xx_rcc.o
       160          4          0          0          0       1788   stm32f4xx_rng.o
       148         12          0          0          0       1825   stm32f4xx_syscfg.o
      1108         34          0          0          0       7844   stm32f4xx_usart.o
       528         46          0         20          0       1719   system_stm32f4xx.o
       328         16          0          6        200       3242   usart.o

    ----------------------------------------------------------------------
     33984       1530       6568        144       3876     394402   Object Totals
         0          0         32          0          0          0   (incl. Generated)
         4          0          4          9          6          0   (incl. Padding)

    ----------------------------------------------------------------------

      Code (inc. data)   RO Data    RW Data    ZI Data      Debug   Library Member Name

       100         28          0          0          0        372   dunder.o
        20          0          0          0          0        124   fabs.o
       980         92         56          0          0        440   log.o
       304         44          0          0          0        200   log10.o
       248          0          0          0          0        152   poly.o
         0          0          8          0          0          0   qnan.o
         0          0          0          0          0          0   entry.o
         0          0          0          0          0          0   entry10a.o
         0          0          0          0          0          0   entry11a.o
         8          4          0          0          0          0   entry2.o
         4          0          0          0          0          0   entry5.o
         0          0          0          0          0          0   entry7b.o
         0          0          0          0          0          0   entry8b.o
         8          4          0          0          0          0   entry9a.o
        12          6          0          4          0         68   errno.o
        30          0          0          0          0          0   handlers.o
        36          8          0          0          0         68   init.o
         0          0          0          0          0          0   iusefp.o
        30          0          0          0          0         68   llshl.o
        36          0          0          0          0         68   llsshr.o
        32          0          0          0          0         68   llushr.o
      2276         96          0          0          0        596   printfa.o
        44          0          0          0          0         80   uidiv.o
        98          0          0          0          0         92   uldiv.o
        48          0          0          0          0         68   cdcmple.o
        48          0          0          0          0         68   cdrcmple.o
        56          0          0          0          0         88   d2f.o
       334          0          0          0          0        148   dadd.o
       222          0          0          0          0        100   ddiv.o
       186          0          0          0          0        176   depilogue.o
        50          0          0          0          0         76   dfixui.o
        48          0          0          0          0         68   dfixul.o
        34          0          0          0          0         76   dflti.o
        40          0          0          0          0         80   dfltl.o
        26          0          0          0          0         76   dfltui.o
        24          0          0          0          0         76   dfltul.o
       228          0          0          0          0         96   dmul.o
        38          0          0          0          0         68   f2d.o
       110          0          0          0          0        168   fepilogue.o

    ----------------------------------------------------------------------
      5776        286         64          4          0       3828   Library Totals
        18          4          0          0          0          0   (incl. Padding)

    ----------------------------------------------------------------------

      Code (inc. data)   RO Data    RW Data    ZI Data      Debug   Library Name

      1652        164         64          0          0       1288   m_wm.l
      2614        118          0          4          0       1108   mc_w.l
      1492          0          0          0          0       1432   mf_w.l

    ----------------------------------------------------------------------
      5776        286         64          4          0       3828   Library Totals

    ----------------------------------------------------------------------

==============================================================================


      Code (inc. data)   RO Data    RW Data    ZI Data      Debug   

     39760       1816       6632        148       3876     391182   Grand Totals
     39760       1816       6632        148       3876     391182   ELF Image Totals
     39760       1816       6632        148          0          0   ROM Totals

==============================================================================

    Total RO  Size (Code + RO Data)                46392 (  45.30kB)
    Total RW  Size (RW Data + ZI Data)              4024 (   3.93kB)
    Total ROM Size (Code + RO Data + RW Data)      46540 (  45.45kB)

==============================================================================

