<html>
<body>
<pre>
<h1>µVision Build Log</h1>
<h2>Tool Versions:</h2>
IDE-Version: ¦ÌVision V5.17.0.0
Copyright (C) 2015 ARM Ltd and ARM Germany GmbH. All rights reserved.
License Information: HE JIAZHEN, Nanjing University, LIC=8VRJ7-E1Y1D-PCJJ8-3C3NY-QH6EK-6P8BX
 
Tool Versions:
Toolchain:       MDK-ARM Standard  Version: 5.17
Toolchain Path:  D:\Keil_v5\ARM\ARMCC\Bin
C Compiler:      Armcc.exe V5.06 update 1 (build 61)
Assembler:       Armasm.exe V5.06 update 1 (build 61)
Linker/Locator:  ArmLink.exe V5.06 update 1 (build 61)
Library Manager: ArmAr.exe V5.06 update 1 (build 61)
Hex Converter:   FromElf.exe V5.06 update 1 (build 61)
CPU DLL:         SARMCM3.DLL V5.17
Dialog DLL:      DCM.DLL V1.13.4.0
Target DLL:      STLink\ST-LINKIII-KEIL_SWO.dll V2.0.18.0
Dialog DLL:      TCM.DLL V1.14.6.0
 
<h2>Project:</h2>
E:\STM32_STUDY\PINPUYI\USER\TOUCH.uvprojx
Project File Date:  05/20/2024

<h2>Output:</h2>
*** Using Compiler 'V5.06 update 1 (build 61)', folder: 'D:\Keil_v5\ARM\ARMCC\Bin'
Build target 'TOUCH'
compiling main.c...
control.h(14): warning:  #1-D: last line of file ends without a newline
  #endif
main.c(121): warning:  #177-D: variable "i" was declared but never referenced
  	u8 i=0;	  
main.c(181): warning:  #1295-D: Deprecated declaration display_main_menu - give arg types
  void display_main_menu();
main.c(250): warning:  #550-D: variable "key" was set but never used
  	u8 key;
main.c(295): warning:  #1035-D: single-precision operand implicitly converted to double-precision
  	float delta = jizhun - 10 - 20 * log10(0.5*Vpp); // ÒªË¥?õµ?Öµ
main.c(298): warning:  #177-D: variable "bit6" was declared but never referenced
  	int bit6[6] = {0};
main.c: 6 warnings, 0 errors
linking...
Program Size: Code=42022 RO-data=6998 RW-data=124 ZI-data=1924  
FromELF: creating hex file...
"..\OBJ\TOUCH.axf" - 0 Error(s), 6 Warning(s).

<h2>Collection of Component include folders:</h2>
  E:\STM32_STUDY\PINPUYI\USER\RTE
  D:\Keil_v5\ARM\PACK\Keil\STM32F4xx_DFP\2.11.0\Drivers\CMSIS\Device\ST\STM32F4xx\Include

<h2>Collection of Component Files used:</h2>
Build Time Elapsed:  00:00:01
</pre>
</body>
</html>
