Component: ARM Compiler 5.06 update 1 (build 61) Tool: armlink [4d35a8]

==============================================================================

Section Cross References

    main.o(.text) refers to lcd.o(.text) for LCD_ShowString
    main.o(.text) refers to f2d.o(.text) for __aeabi_f2d
    main.o(.text) refers to dmul.o(.text) for __aeabi_dmul
    main.o(.text) refers to log10.o(i.__hardfp_log10) for __hardfp_log10
    main.o(.text) refers to dadd.o(.text) for __aeabi_drsub
    main.o(.text) refers to d2f.o(.text) for __aeabi_d2f
    main.o(.text) refers to dflti.o(.text) for __aeabi_i2d
    main.o(.text) refers to fabs.o(i.__hardfp_fabs) for __hardfp_fabs
    main.o(.text) refers to cdcmple.o(.text) for __aeabi_cdcmple
    main.o(.text) refers to lcd.o(.data) for POINT_COLOR
    main.o(.text) refers to pow.o(i.__hardfp_pow) for __hardfp_pow
    main.o(.text) refers to key.o(.text) for KEY_Scan
    main.o(.text) refers to keyboard.o(.text) for input_double
    main.o(.text) refers to printfa.o(i.__0printf) for __2printf
    main.o(.text) refers to delay.o(.text) for delay_ms
    main.o(.text) refers to adf4351.o(.text) for ADF4351WriteFreq
    main.o(.text) refers to pe4302.o(.text) for PE4302_Set
    main.o(.text) refers to main.o(.data) for pos1
    main.o(.text) refers to main.o(.bss) for data_polyed_v
    main.o(.text) refers to memseta.o(.text) for __aeabi_memclr4
    main.o(.text) refers to adc.o(.text) for Get_Adc_Average
    main.o(.text) refers to printfa.o(i.__0sprintf) for __2sprintf
    main.o(.text) refers to misc.o(.text) for NVIC_PriorityGroupConfig
    main.o(.text) refers to usart.o(.text) for uart_init
    main.o(.text) refers to rng.o(.text) for RNG_Init
    main.o(.text) refers to led.o(.text) for LED_Init
    system_stm32f4xx.o(.text) refers to system_stm32f4xx.o(.data) for SystemCoreClock
    led.o(.text) refers to stm32f4xx_rcc.o(.text) for RCC_AHB1PeriphClockCmd
    led.o(.text) refers to stm32f4xx_gpio.o(.text) for GPIO_Init
    key.o(.text) refers to stm32f4xx_rcc.o(.text) for RCC_AHB1PeriphClockCmd
    key.o(.text) refers to stm32f4xx_gpio.o(.text) for GPIO_Init
    key.o(.text) refers to delay.o(.text) for delay_ms
    key.o(.text) refers to key.o(.data) for key_up
    adf4351.o(.text) refers to stm32f4xx_rcc.o(.text) for RCC_AHB1PeriphClockCmd
    adf4351.o(.text) refers to stm32f4xx_gpio.o(.text) for GPIO_Init
    adf4351.o(.text) refers to delay.o(.text) for delay_us
    adf4351.o(.text) refers to cdcmple.o(.text) for __aeabi_cdcmple
    adf4351.o(.text) refers to cdrcmple.o(.text) for __aeabi_cdrcmple
    adf4351.o(.text) refers to dmul.o(.text) for __aeabi_dmul
    adf4351.o(.text) refers to dfixui.o(.text) for __aeabi_d2uiz
    adf4351.o(.text) refers to dfltui.o(.text) for __aeabi_ui2d
    adf4351.o(.text) refers to ddiv.o(.text) for __aeabi_ddiv
    adf4351.o(.text) refers to dflti.o(.text) for __aeabi_i2d
    adf4351.o(.text) refers to adf4351.o(.bss) for ADF4351
    lcd.o(.text) refers to delay.o(.text) for delay_us
    lcd.o(.text) refers to lcd.o(.bss) for lcddev
    lcd.o(.text) refers to dfltui.o(.text) for __aeabi_ui2d
    lcd.o(.text) refers to dmul.o(.text) for __aeabi_dmul
    lcd.o(.text) refers to dfixui.o(.text) for __aeabi_d2uiz
    lcd.o(.text) refers to lcd.o(.data) for POINT_COLOR
    lcd.o(.text) refers to stm32f4xx_rcc.o(.text) for RCC_AHB1PeriphClockCmd
    lcd.o(.text) refers to stm32f4xx_gpio.o(.text) for GPIO_Init
    lcd.o(.text) refers to stm32f4xx_fsmc.o(.text) for FSMC_NORSRAMInit
    lcd.o(.text) refers to printfa.o(i.__0printf) for __2printf
    lcd.o(.text) refers to cdcmple.o(.text) for __aeabi_cdcmple
    lcd.o(.text) refers to dfixul.o(.text) for __aeabi_d2ulz
    lcd.o(.text) refers to dfltul.o(.text) for __aeabi_ul2d
    lcd.o(.text) refers to dadd.o(.text) for __aeabi_dsub
    lcd.o(.text) refers to uldiv.o(.text) for __aeabi_uldivmod
    lcd.o(.text) refers to lcd.o(.constdata) for asc2_1206
    lcd.o(.text) refers to memseta.o(.text) for __aeabi_memclr4
    lcd.o(.text) refers to printfa.o(i.__0sprintf) for __2sprintf
    spi.o(.text) refers to stm32f4xx_rcc.o(.text) for RCC_AHB1PeriphClockCmd
    spi.o(.text) refers to stm32f4xx_gpio.o(.text) for GPIO_Init
    keyboard.o(.text) refers to delay.o(.text) for delay_us
    keyboard.o(.text) refers to stm32f4xx_exti.o(.text) for EXTI_GetITStatus
    keyboard.o(.text) refers to stm32f4xx_gpio.o(.text) for GPIO_Init
    keyboard.o(.text) refers to keyboard.o(.data) for KBCode
    keyboard.o(.text) refers to lcd.o(.text) for LCD_ShowString
    keyboard.o(.text) refers to dfltl.o(.text) for __aeabi_l2d
    keyboard.o(.text) refers to ddiv.o(.text) for __aeabi_ddiv
    keyboard.o(.text) refers to printfa.o(i.__0printf) for __2printf
    keyboard.o(.text) refers to keyboard.o(.constdata) for array_CHAR
    keyboard.o(.text) refers to keyboard.o(.bss) for CHAR_temp
    keyboard.o(.text) refers to stm32f4xx_rcc.o(.text) for RCC_APB2PeriphClockCmd
[...]
    ../clib/microlib/printf/printf.c         0x00000000   Number         0  printfb.o ABSOLUTE
    ../clib/microlib/printf/printf.c         0x00000000   Number         0  printfa.o ABSOLUTE
    ../clib/microlib/printf/printf.c         0x00000000   Number         0  printf3.o ABSOLUTE
    ../clib/microlib/printf/printf.c         0x00000000   Number         0  printf7.o ABSOLUTE
    ../clib/microlib/printf/printf.c         0x00000000   Number         0  printf6.o ABSOLUTE
    ../clib/microlib/printf/printf.c         0x00000000   Number         0  printf5.o ABSOLUTE
    ../clib/microlib/printf/stubs.s          0x00000000   Number         0  stubs.o ABSOLUTE
    ../clib/microlib/string/memset.c         0x00000000   Number         0  memseta.o ABSOLUTE
    ../clib/microlib/stubs.s                 0x00000000   Number         0  iusefp.o ABSOLUTE
    ../clib/microlib/stubs.s                 0x00000000   Number         0  useno.o ABSOLUTE
    ../fplib/microlib/d2f.c                  0x00000000   Number         0  d2f.o ABSOLUTE
    ../fplib/microlib/f2d.c                  0x00000000   Number         0  f2d.o ABSOLUTE
    ../fplib/microlib/fpadd.c                0x00000000   Number         0  dadd.o ABSOLUTE
    ../fplib/microlib/fpdiv.c                0x00000000   Number         0  ddiv.o ABSOLUTE
    ../fplib/microlib/fpepilogue.c           0x00000000   Number         0  depilogue.o ABSOLUTE
    ../fplib/microlib/fpepilogue.c           0x00000000   Number         0  fepilogue.o ABSOLUTE
    ../fplib/microlib/fpfix.c                0x00000000   Number         0  dfixui.o ABSOLUTE
    ../fplib/microlib/fpfix.c                0x00000000   Number         0  dfixul.o ABSOLUTE
    ../fplib/microlib/fpflt.c                0x00000000   Number         0  dfltul.o ABSOLUTE
    ../fplib/microlib/fpflt.c                0x00000000   Number         0  dfltl.o ABSOLUTE
    ../fplib/microlib/fpflt.c                0x00000000   Number         0  dfltui.o ABSOLUTE
    ../fplib/microlib/fpflt.c                0x00000000   Number         0  dflti.o ABSOLUTE
    ../fplib/microlib/fpmul.c                0x00000000   Number         0  dmul.o ABSOLUTE
    ../fplib/microlib/fpneg.c                0x00000000   Number         0  dneg.o ABSOLUTE
    ../fplib/microlib/fpscalb.c              0x00000000   Number         0  dscalb.o ABSOLUTE
    ../fplib/microlib/fpsqrt.c               0x00000000   Number         0  dsqrt.o ABSOLUTE
    ../mathlib/dunder.c                      0x00000000   Number         0  dunder.o ABSOLUTE
    ../mathlib/fabs.c                        0x00000000   Number         0  fabs.o ABSOLUTE
    ../mathlib/fpclassify.c                  0x00000000   Number         0  fpclassify.o ABSOLUTE
    ../mathlib/log.c                         0x00000000   Number         0  log.o ABSOLUTE
    ../mathlib/log.c                         0x00000000   Number         0  log_x.o ABSOLUTE
    ../mathlib/log10.c                       0x00000000   Number         0  log10.o ABSOLUTE
    ../mathlib/log10.c                       0x00000000   Number         0  log10_x.o ABSOLUTE
    ../mathlib/poly.c                        0x00000000   Number         0  poly.o ABSOLUTE
    ../mathlib/pow.c                         0x00000000   Number         0  pow_x.o ABSOLUTE
    ../mathlib/pow.c                         0x00000000   Number         0  pow.o ABSOLUTE
    ../mathlib/qnan.c                        0x00000000   Number         0  qnan.o ABSOLUTE
    ../mathlib/sqrt.c                        0x00000000   Number         0  sqrt.o ABSOLUTE
    ../mathlib/sqrt.c                        0x00000000   Number         0  sqrt_x.o ABSOLUTE
    ..\CORE\startup_stm32f40_41xxx.s         0x00000000   Number         0  startup_stm32f40_41xxx.o ABSOLUTE
    ..\FWLIB\src\misc.c                      0x00000000   Number         0  misc.o ABSOLUTE
    ..\FWLIB\src\stm32f4xx_adc.c             0x00000000   Number         0  stm32f4xx_adc.o ABSOLUTE
    ..\FWLIB\src\stm32f4xx_exti.c            0x00000000   Number         0  stm32f4xx_exti.o ABSOLUTE
    ..\FWLIB\src\stm32f4xx_fsmc.c            0x00000000   Number         0  stm32f4xx_fsmc.o ABSOLUTE
    ..\FWLIB\src\stm32f4xx_gpio.c            0x00000000   Number         0  stm32f4xx_gpio.o ABSOLUTE
    ..\FWLIB\src\stm32f4xx_rcc.c             0x00000000   Number         0  stm32f4xx_rcc.o ABSOLUTE
    ..\FWLIB\src\stm32f4xx_rng.c             0x00000000   Number         0  stm32f4xx_rng.o ABSOLUTE
    ..\FWLIB\src\stm32f4xx_syscfg.c          0x00000000   Number         0  stm32f4xx_syscfg.o ABSOLUTE
    ..\FWLIB\src\stm32f4xx_tim.c             0x00000000   Number         0  stm32f4xx_tim.o ABSOLUTE
    ..\FWLIB\src\stm32f4xx_usart.c           0x00000000   Number         0  stm32f4xx_usart.o ABSOLUTE
    ..\HARDWARE\ADC\adc.c                    0x00000000   Number         0  adc.o ABSOLUTE
    ..\HARDWARE\ADF4351\ADF4351.c            0x00000000   Number         0  adf4351.o ABSOLUTE
    ..\HARDWARE\KEYBOARD\KeyBoard.c          0x00000000   Number         0  keyboard.o ABSOLUTE
    ..\HARDWARE\KEY\key.c                    0x00000000   Number         0  key.o ABSOLUTE
    ..\HARDWARE\LCD\lcd.c                    0x00000000   Number         0  lcd.o ABSOLUTE
    ..\HARDWARE\LED\led.c                    0x00000000   Number         0  led.o ABSOLUTE
    ..\HARDWARE\PE4302\PE4302.C              0x00000000   Number         0  pe4302.o ABSOLUTE
    ..\HARDWARE\SPI\spi.c                    0x00000000   Number         0  spi.o ABSOLUTE
    ..\SYSTEM\delay\delay.c                  0x00000000   Number         0  delay.o ABSOLUTE
    ..\SYSTEM\sys\sys.c                      0x00000000   Number         0  sys.o ABSOLUTE
    ..\SYSTEM\usart\usart.c                  0x00000000   Number         0  usart.o ABSOLUTE
    ..\\FWLIB\\src\\misc.c                   0x00000000   Number         0  misc.o ABSOLUTE
    ..\\FWLIB\\src\\stm32f4xx_adc.c          0x00000000   Number         0  stm32f4xx_adc.o ABSOLUTE
    ..\\FWLIB\\src\\stm32f4xx_exti.c         0x00000000   Number         0  stm32f4xx_exti.o ABSOLUTE
    ..\\FWLIB\\src\\stm32f4xx_fsmc.c         0x00000000   Number         0  stm32f4xx_fsmc.o ABSOLUTE
    ..\\FWLIB\\src\\stm32f4xx_gpio.c         0x00000000   Number         0  stm32f4xx_gpio.o ABSOLUTE
    ..\\FWLIB\\src\\stm32f4xx_rcc.c          0x00000000   Number         0  stm32f4xx_rcc.o ABSOLUTE
    ..\\FWLIB\\src\\stm32f4xx_rng.c          0x00000000   Number         0  stm32f4xx_rng.o ABSOLUTE
    ..\\FWLIB\\src\\stm32f4xx_syscfg.c       0x00000000   Number         0  stm32f4xx_syscfg.o ABSOLUTE
    ..\\FWLIB\\src\\stm32f4xx_tim.c          0x00000000   Number         0  stm32f4xx_tim.o ABSOLUTE
    ..\\FWLIB\\src\\stm32f4xx_usart.c        0x00000000   Number         0  stm32f4xx_usart.o ABSOLUTE
    ..\\HARDWARE\\ADC\\adc.c                 0x00000000   Number         0  adc.o ABSOLUTE
    ..\\HARDWARE\\ADF4351\\ADF4351.c         0x00000000   Number         0  adf4351.o ABSOLUTE
    ..\\HARDWARE\\KEYBOARD\\KeyBoard.c       0x00000000   Number         0  keyboard.o ABSOLUTE
    ..\\HARDWARE\\KEY\\key.c                 0x00000000   Number         0  key.o ABSOLUTE
    ..\\HARDWARE\\LCD\\lcd.c                 0x00000000   Number         0  lcd.o ABSOLUTE
    ..\\HARDWARE\\LED\\led.c                 0x00000000   Number         0  led.o ABSOLUTE
    ..\\HARDWARE\\PE4302\\PE4302.C           0x00000000   Number         0  pe4302.o ABSOLUTE
    ..\\HARDWARE\\SPI\\spi.c                 0x00000000   Number         0  spi.o ABSOLUTE
    ..\\SYSTEM\\delay\\delay.c               0x00000000   Number         0  delay.o ABSOLUTE
    ..\\SYSTEM\\sys\\sys.c                   0x00000000   Number         0  sys.o ABSOLUTE
    ..\\SYSTEM\\usart\\usart.c               0x00000000   Number         0  usart.o ABSOLUTE
    cdcmple.s                                0x00000000   Number         0  cdcmple.o ABSOLUTE
    cdrcmple.s                               0x00000000   Number         0  cdrcmple.o ABSOLUTE
    dc.s                                     0x00000000   Number         0  dc.o ABSOLUTE
    handlers.s                               0x00000000   Number         0  handlers.o ABSOLUTE
    init.s                                   0x00000000   Number         0  init.o ABSOLUTE
    main.c                                   0x00000000   Number         0  main.o ABSOLUTE
    main.c                                   0x00000000   Number         0  main.o ABSOLUTE
    rng.c                                    0x00000000   Number         0  rng.o ABSOLUTE
    rng.c                                    0x00000000   Number         0  rng.o ABSOLUTE
    stm32f4xx_it.c                           0x00000000   Number         0  stm32f4xx_it.o ABSOLUTE
    stm32f4xx_it.c                           0x00000000   Number         0  stm32f4xx_it.o ABSOLUTE
    system_stm32f4xx.c                       0x00000000   Number         0  system_stm32f4xx.o ABSOLUTE
    system_stm32f4xx.c                       0x00000000   Number         0  system_stm32f4xx.o ABSOLUTE
    RESET                                    0x08000000   Section      392  startup_stm32f40_41xxx.o(RESET)
    .ARM.Collect$$$$00000000                 0x08000188   Section        0  entry.o(.ARM.Collect$$$$00000000)
    .ARM.Collect$$$$00000001                 0x08000188   Section        4  entry2.o(.ARM.Collect$$$$00000001)
    .ARM.Collect$$$$00000004                 0x0800018c   Section        4  entry5.o(.ARM.Collect$$$$00000004)
    .ARM.Collect$$$$00000008                 0x08000190   Section        0  entry7b.o(.ARM.Collect$$$$00000008)
    .ARM.Collect$$$$0000000A                 0x08000190   Section        0  entry8b.o(.ARM.Collect$$$$0000000A)
    .ARM.Collect$$$$0000000B                 0x08000190   Section        8  entry9a.o(.ARM.Collect$$$$0000000B)
    .ARM.Collect$$$$0000000D                 0x08000198   Section        0  entry10a.o(.ARM.Collect$$$$0000000D)
    .ARM.Collect$$$$0000000F                 0x08000198   Section        0  entry11a.o(.ARM.Collect$$$$0000000F)
    .ARM.Collect$$$$00002712                 0x08000198   Section        4  entry2.o(.ARM.Collect$$$$00002712)
    __lit__00000000                          0x08000198   Data           4  entry2.o(.ARM.Collect$$$$00002712)
    .text                                    0x0800019c   Section        0  main.o(.text)
    .text                                    0x08001860   Section        0  stm32f4xx_it.o(.text)
    .text                                    0x0800187c   Section        0  system_stm32f4xx.o(.text)
    SetSysClock                              0x0800187d   Thumb Code   220  system_stm32f4xx.o(.text)
    .text                                    0x08001a8c   Section        0  led.o(.text)
    .text                                    0x08001acc   Section        0  key.o(.text)
    .text                                    0x08001b88   Section        0  adf4351.o(.text)
    .text                                    0x08002158   Section        0  lcd.o(.text)
    .text                                    0x08005fc8   Section        0  keyboard.o(.text)
    .text                                    0x08006c60   Section        0  adc.o(.text)
    .text                                    0x08006d44   Section        0  rng.o(.text)
    .text                                    0x08006d9c   Section        0  pe4302.o(.text)
    .text                                    0x08006f58   Section        0  delay.o(.text)
    .text                                    0x0800705c   Section        0  usart.o(.text)
    .text                                    0x080071a4   Section       36  startup_stm32f40_41xxx.o(.text)
    $v0                                      0x080071a4   Number         0  startup_stm32f40_41xxx.o(.text)
    .text                                    0x080071c8   Section        0  misc.o(.text)
    .text                                    0x080072a8   Section        0  stm32f4xx_gpio.o(.text)
    .text                                    0x0800753c   Section        0  stm32f4xx_fsmc.o(.text)
    .text                                    0x08007b04   Section        0  stm32f4xx_rcc.o(.text)
    .text                                    0x08008160   Section        0  stm32f4xx_syscfg.o(.text)
    .text                                    0x080081f4   Section        0  stm32f4xx_usart.o(.text)
    .text                                    0x08008648   Section        0  stm32f4xx_adc.o(.text)
    .text                                    0x08008aac   Section        0  stm32f4xx_exti.o(.text)
    .text                                    0x08008bbc   Section        0  stm32f4xx_rng.o(.text)
    .text                                    0x08008c5c   Section        0  uldiv.o(.text)
    .text                                    0x08008cbe   Section        0  memseta.o(.text)
    .text                                    0x08008ce2   Section        0  dadd.o(.text)
    .text                                    0x08008e30   Section        0  dmul.o(.text)
    .text                                    0x08008f14   Section        0  ddiv.o(.text)
    .text                                    0x08008ff2   Section        0  dflti.o(.text)
    .text                                    0x08009014   Section        0  dfltui.o(.text)
    .text                                    0x0800902e   Section        0  dfltl.o(.text)
    .text                                    0x08009056   Section        0  dfltul.o(.text)
    .text                                    0x0800906e   Section        0  dfixui.o(.text)
    .text                                    0x080090a0   Section        0  dfixul.o(.text)
    .text                                    0x080090d0   Section        0  f2d.o(.text)
    .text                                    0x080090f8   Section       48  cdcmple.o(.text)
    .text                                    0x08009128   Section       48  cdrcmple.o(.text)
    .text                                    0x08009158   Section        0  d2f.o(.text)
    .text                                    0x08009190   Section        0  uidiv.o(.text)
    .text                                    0x080091bc   Section        0  llshl.o(.text)
    .text                                    0x080091da   Section        0  llushr.o(.text)
    .text                                    0x080091fa   Section        0  llsshr.o(.text)
    .text                                    0x0800921e   Section        0  iusefp.o(.text)
    .text                                    0x0800921e   Section        0  fepilogue.o(.text)
    .text                                    0x0800928c   Section        0  depilogue.o(.text)
    .text                                    0x08009346   Section        0  dscalb.o(.text)
    .text                                    0x08009374   Section       36  init.o(.text)
    .text                                    0x08009398   Section        0  dsqrt.o(.text)
    i.__0printf                              0x0800943c   Section        0  printfa.o(i.__0printf)
    i.__0sprintf                             0x0800945c   Section        0  printfa.o(i.__0sprintf)
    i.__ARM_fpclassify                       0x08009484   Section        0  fpclassify.o(i.__ARM_fpclassify)
    i.__hardfp_fabs                          0x080094b4   Section        0  fabs.o(i.__hardfp_fabs)
    i.__hardfp_log                           0x080094c8   Section        0  log.o(i.__hardfp_log)
    i.__hardfp_log10                         0x08009890   Section        0  log10.o(i.__hardfp_log10)
    i.__hardfp_pow                           0x080099c0   Section        0  pow.o(i.__hardfp_pow)
    i.__kernel_poly                          0x0800a610   Section        0  poly.o(i.__kernel_poly)
    i.__mathlib_dbl_divzero                  0x0800a708   Section        0  dunder.o(i.__mathlib_dbl_divzero)
    i.__mathlib_dbl_infnan                   0x0800a738   Section        0  dunder.o(i.__mathlib_dbl_infnan)
    i.__mathlib_dbl_infnan2                  0x0800a74c   Section        0  dunder.o(i.__mathlib_dbl_infnan2)
    i.__mathlib_dbl_invalid                  0x0800a760   Section        0  dunder.o(i.__mathlib_dbl_invalid)
    i.__mathlib_dbl_overflow                 0x0800a780   Section        0  dunder.o(i.__mathlib_dbl_overflow)
    i.__mathlib_dbl_underflow                0x0800a7a0   Section        0  dunder.o(i.__mathlib_dbl_underflow)
    i.__scatterload_copy                     0x0800a7c0   Section       14  handlers.o(i.__scatterload_copy)
    i.__scatterload_null                     0x0800a7ce   Section        2  handlers.o(i.__scatterload_null)
    i.__scatterload_zeroinit                 0x0800a7d0   Section       14  handlers.o(i.__scatterload_zeroinit)
    i.__set_errno                            0x0800a7e0   Section        0  errno.o(i.__set_errno)
    i._fp_digits                             0x0800a7ec   Section        0  printfa.o(i._fp_digits)
    _fp_digits                               0x0800a7ed   Thumb Code   334  printfa.o(i._fp_digits)
    i._printf_core                           0x0800a950   Section        0  printfa.o(i._printf_core)
    _printf_core                             0x0800a951   Thumb Code  1744  printfa.o(i._printf_core)
    i._printf_post_padding                   0x0800b02c   Section        0  printfa.o(i._printf_post_padding)
    _printf_post_padding                     0x0800b02d   Thumb Code    36  printfa.o(i._printf_post_padding)
    i._printf_pre_padding                    0x0800b050   Section        0  printfa.o(i._printf_pre_padding)
    _printf_pre_padding                      0x0800b051   Thumb Code    46  printfa.o(i._printf_pre_padding)
    i._sputc                                 0x0800b07e   Section        0  printfa.o(i._sputc)
    _sputc                                   0x0800b07f   Thumb Code    10  printfa.o(i._sputc)
    i.fabs                                   0x0800b088   Section        0  fabs.o(i.fabs)
    i.log                                    0x0800b0a0   Section        0  log.o(i.log)
    i.sqrt                                   0x0800b0b0   Section        0  sqrt.o(i.sqrt)
    .constdata                               0x0800b120   Section     6096  lcd.o(.constdata)
    .constdata                               0x0800c8f0   Section       16  keyboard.o(.constdata)
    .constdata                               0x0800c900   Section       28  stm32f4xx_fsmc.o(.constdata)
    .constdata                               0x0800c920   Section      136  pow.o(.constdata)
    bp                                       0x0800c920   Data          16  pow.o(.constdata)
    dp_h                                     0x0800c930   Data          16  pow.o(.constdata)
    dp_l                                     0x0800c940   Data          16  pow.o(.constdata)
    L                                        0x0800c950   Data          48  pow.o(.constdata)
    P                                        0x0800c980   Data          40  pow.o(.constdata)
    .constdata                               0x0800c9a8   Section       56  log.o(.constdata)
    Lg2                                      0x0800c9a8   Data          24  log.o(.constdata)
    Lg                                       0x0800c9c0   Data          32  log.o(.constdata)
    .constdata                               0x0800c9e0   Section        8  qnan.o(.constdata)
    .data                                    0x20000000   Section       48  main.o(.data)
    .data                                    0x20000030   Section       20  system_stm32f4xx.o(.data)
    .data                                    0x20000044   Section        1  key.o(.data)
    key_up                                   0x20000044   Data           1  key.o(.data)
    .data                                    0x20000046   Section        4  lcd.o(.data)
    .data                                    0x20000050   Section       44  keyboard.o(.data)
    temp_int_s                               0x20000068   Data           4  keyboard.o(.data)
    i                                        0x2000006c   Data           4  keyboard.o(.data)
    i                                        0x20000070   Data           4  keyboard.o(.data)
    i                                        0x20000074   Data           4  keyboard.o(.data)
    i                                        0x20000078   Data           4  keyboard.o(.data)
    .data                                    0x2000007c   Section        4  delay.o(.data)
    fac_us                                   0x2000007c   Data           1  delay.o(.data)
    fac_ms                                   0x2000007e   Data           2  delay.o(.data)
    .data                                    0x20000080   Section        6  usart.o(.data)
    .data                                    0x20000086   Section       16  stm32f4xx_rcc.o(.data)
    APBAHBPrescTable                         0x20000086   Data          16  stm32f4xx_rcc.o(.data)
    .data                                    0x20000098   Section        4  errno.o(.data)
    _errno                                   0x20000098   Data           4  errno.o(.data)
    .bss                                     0x2000009c   Section     3216  main.o(.bss)
    .bss                                     0x20000d30   Section       72  adf4351.o(.bss)
    .bss                                     0x20000d78   Section       14  lcd.o(.bss)
    .bss                                     0x20000d86   Section       68  keyboard.o(.bss)
    CHAR_temp                                0x20000d86   Data          17  keyboard.o(.bss)
    CHAR_temp                                0x20000d97   Data          17  keyboard.o(.bss)
    CHAR_temp                                0x20000da8   Data          17  keyboard.o(.bss)
    CHAR_temp                                0x20000db9   Data          17  keyboard.o(.bss)
    .bss                                     0x20000dca   Section      200  usart.o(.bss)
    STACK                                    0x20000e98   Section     1024  startup_stm32f40_41xxx.o(STACK)

    Global Symbols

    Symbol Name                              Value     Ov Type        Size  Object(Section)

    BuildAttributes$$THM_ISAv4$E$P$D$K$B$S$7EM$VFPi3$EXTD16$VFPS$VFMA$PE$A:L22UL41UL21$X:L11$S22US41US21$IEEE1$IW$USESV6$~STKCKD$USESV7$~SHL$OTIME$ROPI$IEEEX$EBA8$MICROLIB$REQ8$PRES8$EABIv2 0x00000000   Number         0  anon$$obj.o ABSOLUTE
    __ARM_use_no_argv                        0x00000000   Number         0  main.o ABSOLUTE
    __use_no_errno                           0x00000000   Number         0  useno.o ABSOLUTE
    __use_no_exception_handling              0x00000000   Number         0  useno.o ABSOLUTE
    __use_no_fp                              0x00000000   Number         0  useno.o ABSOLUTE
    __use_no_heap                            0x00000000   Number         0  useno.o ABSOLUTE
    __use_no_heap_region                     0x00000000   Number         0  useno.o ABSOLUTE
    __use_no_semihosting                     0x00000000   Number         0  useno.o ABSOLUTE
    __use_no_semihosting_swi                 0x00000000   Number         0  useno.o ABSOLUTE
    __use_no_signal_handling                 0x00000000   Number         0  useno.o ABSOLUTE
    _printf_a                                0x00000000   Number         0  stubs.o ABSOLUTE
    _printf_c                                0x00000000   Number         0  stubs.o ABSOLUTE
    _printf_charcount                        0x00000000   Number         0  stubs.o ABSOLUTE
    _printf_d                                0x00000000   Number         0  stubs.o ABSOLUTE
    _printf_e                                0x00000000   Number         0  stubs.o ABSOLUTE
    _printf_f                                0x00000000   Number         0  stubs.o ABSOLUTE
    _printf_flags                            0x00000000   Number         0  stubs.o ABSOLUTE
    _printf_fp_dec                           0x00000000   Number         0  stubs.o ABSOLUTE
    _printf_fp_hex                           0x00000000   Number         0  stubs.o ABSOLUTE
    _printf_g                                0x00000000   Number         0  stubs.o ABSOLUTE
    _printf_i                                0x00000000   Number         0  stubs.o ABSOLUTE
    _printf_int_dec                          0x00000000   Number         0  stubs.o ABSOLUTE
    _printf_l                                0x00000000   Number         0  stubs.o ABSOLUTE
    _printf_lc                               0x00000000   Number         0  stubs.o ABSOLUTE
    _printf_ll                               0x00000000   Number         0  stubs.o ABSOLUTE
    _printf_lld                              0x00000000   Number         0  stubs.o ABSOLUTE
    _printf_lli                              0x00000000   Number         0  stubs.o ABSOLUTE
    _printf_llo                              0x00000000   Number         0  stubs.o ABSOLUTE
    _printf_llu                              0x00000000   Number         0  stubs.o ABSOLUTE
    _printf_llx                              0x00000000   Number         0  stubs.o ABSOLUTE
    _printf_longlong_dec                     0x00000000   Number         0  stubs.o ABSOLUTE
    _printf_longlong_hex                     0x00000000   Number         0  stubs.o ABSOLUTE
    _printf_longlong_oct                     0x00000000   Number         0  stubs.o ABSOLUTE
    _printf_ls                               0x00000000   Number         0  stubs.o ABSOLUTE
    _printf_mbtowc                           0x00000000   Number         0  stubs.o ABSOLUTE
    _printf_n                                0x00000000   Number         0  stubs.o ABSOLUTE
    _printf_o                                0x00000000   Number         0  stubs.o ABSOLUTE
    _printf_p                                0x00000000   Number         0  stubs.o ABSOLUTE
    _printf_percent                          0x00000000   Number         0  stubs.o ABSOLUTE
    _printf_pre_padding                      0x00000000   Number         0  stubs.o ABSOLUTE
    _printf_return_value                     0x00000000   Number         0  stubs.o ABSOLUTE
    _printf_s                                0x00000000   Number         0  stubs.o ABSOLUTE
    _printf_sizespec                         0x00000000   Number         0  stubs.o ABSOLUTE
    _printf_str                              0x00000000   Number         0  stubs.o ABSOLUTE
    _printf_truncate_signed                  0x00000000   Number         0  stubs.o ABSOLUTE
    _printf_truncate_unsigned                0x00000000   Number         0  stubs.o ABSOLUTE
    _printf_u                                0x00000000   Number         0  stubs.o ABSOLUTE
    _printf_wc                               0x00000000   Number         0  stubs.o ABSOLUTE
    _printf_wctomb                           0x00000000   Number         0  stubs.o ABSOLUTE
    _printf_widthprec                        0x00000000   Number         0  stubs.o ABSOLUTE
    _printf_x                                0x00000000   Number         0  stubs.o ABSOLUTE
    __cpp_initialize__aeabi_                  - Undefined Weak Reference
    __cxa_finalize                            - Undefined Weak Reference
    __decompress                              - Undefined Weak Reference
    _clock_init                               - Undefined Weak Reference
    _microlib_exit                            - Undefined Weak Reference
    __Vectors_Size                           0x00000188   Number         0  startup_stm32f40_41xxx.o ABSOLUTE
    __Vectors                                0x08000000   Data           4  startup_stm32f40_41xxx.o(RESET)
    __Vectors_End                            0x08000188   Data           0  startup_stm32f40_41xxx.o(RESET)
    __main                                   0x08000189   Thumb Code     0  entry.o(.ARM.Collect$$$$00000000)
    _main_stk                                0x08000189   Thumb Code     0  entry2.o(.ARM.Collect$$$$00000001)
    _main_scatterload                        0x0800018d   Thumb Code     0  entry5.o(.ARM.Collect$$$$00000004)
    __main_after_scatterload                 0x08000191   Thumb Code     0  entry5.o(.ARM.Collect$$$$00000004)
    _main_clock                              0x08000191   Thumb Code     0  entry7b.o(.ARM.Collect$$$$00000008)
    _main_cpp_init                           0x08000191   Thumb Code     0  entry8b.o(.ARM.Collect$$$$0000000A)
    _main_init                               0x08000191   Thumb Code     0  entry9a.o(.ARM.Collect$$$$0000000B)
    __rt_final_cpp                           0x08000199   Thumb Code     0  entry10a.o(.ARM.Collect$$$$0000000D)
    __rt_final_exit                          0x08000199   Thumb Code     0  entry11a.o(.ARM.Collect$$$$0000000F)
    display_main_menu                        0x0800019d   Thumb Code    92  main.o(.text)
    cal_decay_value                          0x080001f9   Thumb Code  1086  main.o(.text)
    find_top_three                           0x08000637   Thumb Code   234  main.o(.text)
    find_scatter                             0x08000721   Thumb Code   106  main.o(.text)
    poly_v                                   0x0800078b   Thumb Code   102  main.o(.text)
    poly_dbm                                 0x080007f1   Thumb Code    30  main.o(.text)
    single_output_handler                    0x0800080f   Thumb Code   772  main.o(.text)
    continuous_output_handler                0x08000b13   Thumb Code   700  main.o(.text)
    spectrum_drawing                         0x08000dcf   Thumb Code  1888  main.o(.text)
    spectrum_handler                         0x0800152f   Thumb Code   390  main.o(.text)
    main                                     0x080016b5   Thumb Code   260  main.o(.text)
    NMI_Handler                              0x08001861   Thumb Code     2  stm32f4xx_it.o(.text)
    HardFault_Handler                        0x08001863   Thumb Code     4  stm32f4xx_it.o(.text)
    MemManage_Handler                        0x08001867   Thumb Code     4  stm32f4xx_it.o(.text)
    BusFault_Handler                         0x0800186b   Thumb Code     4  stm32f4xx_it.o(.text)
    UsageFault_Handler                       0x0800186f   Thumb Code     4  stm32f4xx_it.o(.text)
    SVC_Handler                              0x08001873   Thumb Code     2  stm32f4xx_it.o(.text)
    DebugMon_Handler                         0x08001875   Thumb Code     2  stm32f4xx_it.o(.text)
    PendSV_Handler                           0x08001877   Thumb Code     2  stm32f4xx_it.o(.text)
    SysTick_Handler                          0x08001879   Thumb Code     2  stm32f4xx_it.o(.text)
    SystemInit                               0x08001959   Thumb Code    88  system_stm32f4xx.o(.text)
    SystemCoreClockUpdate                    0x080019b1   Thumb Code   174  system_stm32f4xx.o(.text)
    LED_Init                                 0x08001a8d   Thumb Code    60  led.o(.text)
    KEY_Init                                 0x08001acd   Thumb Code    60  key.o(.text)
    KEY_Scan                                 0x08001b09   Thumb Code   114  key.o(.text)
    ADF_Output_GPIOInit                      0x08001b89   Thumb Code   116  adf4351.o(.text)
    ADF_DOUT_GPIOInit                        0x08001bfd   Thumb Code    42  adf4351.o(.text)
    delay                                    0x08001c27   Thumb Code    10  adf4351.o(.text)
    WriteToADF4351                           0x08001c31   Thumb Code   176  adf4351.o(.text)
    ReadToADF4351                            0x08001ce1   Thumb Code   170  adf4351.o(.text)
    ADF4351MEGInit                           0x08001d8b   Thumb Code    72  adf4351.o(.text)
    TransformInt32ToU8                       0x08001dd3   Thumb Code    16  adf4351.o(.text)
    ADF4351Init                              0x08001de3   Thumb Code   124  adf4351.o(.text)
    ADF4351RangeConstInit                    0x08001e5f   Thumb Code     2  adf4351.o(.text)
    WriteOneRegToADF4351                     0x08001e61   Thumb Code    42  adf4351.o(.text)
    ADF4351_Init_some                        0x08001e8b   Thumb Code    24  adf4351.o(.text)
    ADF4351WriteFreq                         0x08001ea3   Thumb Code   672  adf4351.o(.text)
    LCD_WR_REG                               0x08002159   Thumb Code    18  lcd.o(.text)
    LCD_WR_DATA                              0x0800216b   Thumb Code    20  lcd.o(.text)
    LCD_RD_DATA                              0x0800217f   Thumb Code    16  lcd.o(.text)
    LCD_WriteReg                             0x0800218f   Thumb Code    14  lcd.o(.text)
    LCD_ReadReg                              0x0800219d   Thumb Code    22  lcd.o(.text)
    LCD_WriteRAM_Prepare                     0x080021b3   Thumb Code    10  lcd.o(.text)
    LCD_WriteRAM                             0x080021bd   Thumb Code     8  lcd.o(.text)
    LCD_BGR2RGB                              0x080021c5   Thumb Code    26  lcd.o(.text)
    opt_delay                                0x080021df   Thumb Code    14  lcd.o(.text)
    LCD_SetCursor                            0x080021ed   Thumb Code   282  lcd.o(.text)
    LCD_ReadPoint                            0x08002307   Thumb Code   132  lcd.o(.text)
    LCD_DisplayOn                            0x0800238b   Thumb Code    32  lcd.o(.text)
    LCD_DisplayOff                           0x080023ab   Thumb Code    32  lcd.o(.text)
    LCD_Scan_Dir                             0x080023cb   Thumb Code   570  lcd.o(.text)
    LCD_DrawPoint                            0x08002605   Thumb Code    28  lcd.o(.text)
    LCD_Fast_DrawPoint                       0x08002621   Thumb Code   238  lcd.o(.text)
    LCD_SSD_BackLightSet                     0x0800270f   Thumb Code    88  lcd.o(.text)
    LCD_Display_Dir                          0x08002767   Thumb Code   298  lcd.o(.text)
    LCD_Set_Window                           0x08002891   Thumb Code   384  lcd.o(.text)
    LCD_Clear                                0x08002a11   Thumb Code    42  lcd.o(.text)
    LCD_Init                                 0x08002a3b   Thumb Code 10316  lcd.o(.text)
    LCD_Fill                                 0x08005287   Thumb Code    82  lcd.o(.text)
    LCD_Color_Fill                           0x080052d9   Thumb Code    92  lcd.o(.text)
    LCD_DrawLine                             0x08005335   Thumb Code   176  lcd.o(.text)
    LCD_DrawRectangle                        0x080053e5   Thumb Code    60  lcd.o(.text)
    LCD_Draw_Circle                          0x08005421   Thumb Code   152  lcd.o(.text)
    LCD_ShowChar                             0x080054b9   Thumb Code   286  lcd.o(.text)
    LCD_Pow                                  0x080055d7   Thumb Code    22  lcd.o(.text)
    LCD_ShowNum                              0x080055ed   Thumb Code   148  lcd.o(.text)
    LCD_ShowxNum                             0x08005681   Thumb Code   190  lcd.o(.text)
    LCD_ShowFloat                            0x0800573f   Thumb Code   600  lcd.o(.text)
    LCD_ShowxFloat                           0x08005997   Thumb Code   556  lcd.o(.text)
    LCD_ShowString                           0x08005bc3   Thumb Code   102  lcd.o(.text)
    LCD_ShowxString                          0x08005c29   Thumb Code   104  lcd.o(.text)
    LCD_DrawAxis                             0x08005c91   Thumb Code   206  lcd.o(.text)
    LCD_ShowData                             0x08005d5f   Thumb Code   312  lcd.o(.text)
    LCD_DataSweep                            0x08005e97   Thumb Code    68  lcd.o(.text)
    LCD_FreqNote                             0x08005edb   Thumb Code    96  lcd.o(.text)
    LCD_ShowMsg                              0x08005f3b   Thumb Code    62  lcd.o(.text)
    EXTI9_5_IRQHandler                       0x08005fc9   Thumb Code    28  keyboard.o(.text)
    COL_OUT_L                                0x08005fe5   Thumb Code   146  keyboard.o(.text)
    ROW_IN_PULL_UP                           0x08006077   Thumb Code   100  keyboard.o(.text)
    ROW_H_COL_L                              0x080060db   Thumb Code    12  keyboard.o(.text)
    TestCol                                  0x080060e7   Thumb Code    78  keyboard.o(.text)
    ROW_OUT_L                                0x08006135   Thumb Code   148  keyboard.o(.text)
    COL_IN_PULL_UP                           0x080061c9   Thumb Code   100  keyboard.o(.text)
    ROW_L_COL_H                              0x0800622d   Thumb Code    12  keyboard.o(.text)
    TestRow                                  0x08006239   Thumb Code    80  keyboard.o(.text)
    ReadKeyBoard                             0x08006289   Thumb Code   428  keyboard.o(.text)
    input_int                                0x08006435   Thumb Code   288  keyboard.o(.text)
    Char_2_Double                            0x08006555   Thumb Code   162  keyboard.o(.text)
    input_double                             0x080065f7   Thumb Code   298  keyboard.o(.text)
    input_double_s                           0x08006721   Thumb Code   514  keyboard.o(.text)
    input_string_s                           0x08006923   Thumb Code   538  keyboard.o(.text)
    input_char                               0x08006b3d   Thumb Code    14  keyboard.o(.text)
    KeyBoard_Interrupt_Init                  0x08006b4b   Thumb Code    78  keyboard.o(.text)
    ENABLE_KeyBoard_CLK                      0x08006b99   Thumb Code    36  keyboard.o(.text)
    InitRowColValue                          0x08006bbd   Thumb Code    78  keyboard.o(.text)
    Init_KeyBoard_Port                       0x08006c0b   Thumb Code    54  keyboard.o(.text)
    Adc_Init                                 0x08006c61   Thumb Code   130  adc.o(.text)
    Get_Adc                                  0x08006ce3   Thumb Code    44  adc.o(.text)
    Get_Adc_Average                          0x08006d0f   Thumb Code    46  adc.o(.text)
    RNG_Init                                 0x08006d45   Thumb Code    60  rng.o(.text)
    RNG_Get_RandomRange                      0x08006d81   Thumb Code    26  rng.o(.text)
    PE_LE_Switch                             0x08006d9d   Thumb Code    34  pe4302.o(.text)
    PE_GPIO_Init                             0x08006dbf   Thumb Code   126  pe4302.o(.text)
    PE4302_Set                               0x08006e3d   Thumb Code   126  pe4302.o(.text)
    PE4302_x_Set                             0x08006ebb   Thumb Code   146  pe4302.o(.text)
    delay_init                               0x08006f59   Thumb Code    52  delay.o(.text)
    delay_us                                 0x08006f8d   Thumb Code    72  delay.o(.text)
    delay_xms                                0x08006fd5   Thumb Code    72  delay.o(.text)
    delay_ms                                 0x0800701d   Thumb Code    56  delay.o(.text)
    _sys_exit                                0x0800705d   Thumb Code     4  usart.o(.text)
    fputc                                    0x08007061   Thumb Code    22  usart.o(.text)
    uart_init                                0x08007077   Thumb Code   164  usart.o(.text)
    USART1_IRQHandler                        0x0800711b   Thumb Code   122  usart.o(.text)
    Reset_Handler                            0x080071a5   Thumb Code     8  startup_stm32f40_41xxx.o(.text)
    ADC_IRQHandler                           0x080071bf   Thumb Code     0  startup_stm32f40_41xxx.o(.text)
    CAN1_RX0_IRQHandler                      0x080071bf   Thumb Code     0  startup_stm32f40_41xxx.o(.text)
    CAN1_RX1_IRQHandler                      0x080071bf   Thumb Code     0  startup_stm32f40_41xxx.o(.text)
    CAN1_SCE_IRQHandler                      0x080071bf   Thumb Code     0  startup_stm32f40_41xxx.o(.text)
    CAN1_TX_IRQHandler                       0x080071bf   Thumb Code     0  startup_stm32f40_41xxx.o(.text)
    CAN2_RX0_IRQHandler                      0x080071bf   Thumb Code     0  startup_stm32f40_41xxx.o(.text)
    CAN2_RX1_IRQHandler                      0x080071bf   Thumb Code     0  startup_stm32f40_41xxx.o(.text)
    CAN2_SCE_IRQHandler                      0x080071bf   Thumb Code     0  startup_stm32f40_41xxx.o(.text)
    CAN2_TX_IRQHandler                       0x080071bf   Thumb Code     0  startup_stm32f40_41xxx.o(.text)
    CRYP_IRQHandler                          0x080071bf   Thumb Code     0  startup_stm32f40_41xxx.o(.text)
    DCMI_IRQHandler                          0x080071bf   Thumb Code     0  startup_stm32f40_41xxx.o(.text)
    DMA1_Stream0_IRQHandler                  0x080071bf   Thumb Code     0  startup_stm32f40_41xxx.o(.text)
    DMA1_Stream1_IRQHandler                  0x080071bf   Thumb Code     0  startup_stm32f40_41xxx.o(.text)
    DMA1_Stream2_IRQHandler                  0x080071bf   Thumb Code     0  startup_stm32f40_41xxx.o(.text)
    DMA1_Stream3_IRQHandler                  0x080071bf   Thumb Code     0  startup_stm32f40_41xxx.o(.text)
    DMA1_Stream4_IRQHandler                  0x080071bf   Thumb Code     0  startup_stm32f40_41xxx.o(.text)
    DMA1_Stream5_IRQHandler                  0x080071bf   Thumb Code     0  startup_stm32f40_41xxx.o(.text)
    DMA1_Stream6_IRQHandler                  0x080071bf   Thumb Code     0  startup_stm32f40_41xxx.o(.text)
    DMA1_Stream7_IRQHandler                  0x080071bf   Thumb Code     0  startup_stm32f40_41xxx.o(.text)
    DMA2_Stream0_IRQHandler                  0x080071bf   Thumb Code     0  startup_stm32f40_41xxx.o(.text)
    DMA2_Stream1_IRQHandler                  0x080071bf   Thumb Code     0  startup_stm32f40_41xxx.o(.text)
    DMA2_Stream2_IRQHandler                  0x080071bf   Thumb Code     0  startup_stm32f40_41xxx.o(.text)
    DMA2_Stream3_IRQHandler                  0x080071bf   Thumb Code     0  startup_stm32f40_41xxx.o(.text)
    DMA2_Stream4_IRQHandler                  0x080071bf   Thumb Code     0  startup_stm32f40_41xxx.o(.text)
    DMA2_Stream5_IRQHandler                  0x080071bf   Thumb Code     0  startup_stm32f40_41xxx.o(.text)
    DMA2_Stream6_IRQHandler                  0x080071bf   Thumb Code     0  startup_stm32f40_41xxx.o(.text)
    DMA2_Stream7_IRQHandler                  0x080071bf   Thumb Code     0  startup_stm32f40_41xxx.o(.text)
    ETH_IRQHandler                           0x080071bf   Thumb Code     0  startup_stm32f40_41xxx.o(.text)
    ETH_WKUP_IRQHandler                      0x080071bf   Thumb Code     0  startup_stm32f40_41xxx.o(.text)
    EXTI0_IRQHandler                         0x080071bf   Thumb Code     0  startup_stm32f40_41xxx.o(.text)
    EXTI15_10_IRQHandler                     0x080071bf   Thumb Code     0  startup_stm32f40_41xxx.o(.text)
    EXTI1_IRQHandler                         0x080071bf   Thumb Code     0  startup_stm32f40_41xxx.o(.text)
    EXTI2_IRQHandler                         0x080071bf   Thumb Code     0  startup_stm32f40_41xxx.o(.text)
    EXTI3_IRQHandler                         0x080071bf   Thumb Code     0  startup_stm32f40_41xxx.o(.text)
    EXTI4_IRQHandler                         0x080071bf   Thumb Code     0  startup_stm32f40_41xxx.o(.text)
    FLASH_IRQHandler                         0x080071bf   Thumb Code     0  startup_stm32f40_41xxx.o(.text)
    FPU_IRQHandler                           0x080071bf   Thumb Code     0  startup_stm32f40_41xxx.o(.text)
    FSMC_IRQHandler                          0x080071bf   Thumb Code     0  startup_stm32f40_41xxx.o(.text)
    HASH_RNG_IRQHandler                      0x080071bf   Thumb Code     0  startup_stm32f40_41xxx.o(.text)
    I2C1_ER_IRQHandler                       0x080071bf   Thumb Code     0  startup_stm32f40_41xxx.o(.text)
    I2C1_EV_IRQHandler                       0x080071bf   Thumb Code     0  startup_stm32f40_41xxx.o(.text)
    I2C2_ER_IRQHandler                       0x080071bf   Thumb Code     0  startup_stm32f40_41xxx.o(.text)
    I2C2_EV_IRQHandler                       0x080071bf   Thumb Code     0  startup_stm32f40_41xxx.o(.text)
    I2C3_ER_IRQHandler                       0x080071bf   Thumb Code     0  startup_stm32f40_41xxx.o(.text)
    I2C3_EV_IRQHandler                       0x080071bf   Thumb Code     0  startup_stm32f40_41xxx.o(.text)
    OTG_FS_IRQHandler                        0x080071bf   Thumb Code     0  startup_stm32f40_41xxx.o(.text)
    OTG_FS_WKUP_IRQHandler                   0x080071bf   Thumb Code     0  startup_stm32f40_41xxx.o(.text)
    OTG_HS_EP1_IN_IRQHandler                 0x080071bf   Thumb Code     0  startup_stm32f40_41xxx.o(.text)
    OTG_HS_EP1_OUT_IRQHandler                0x080071bf   Thumb Code     0  startup_stm32f40_41xxx.o(.text)
    OTG_HS_IRQHandler                        0x080071bf   Thumb Code     0  startup_stm32f40_41xxx.o(.text)
    OTG_HS_WKUP_IRQHandler                   0x080071bf   Thumb Code     0  startup_stm32f40_41xxx.o(.text)
    PVD_IRQHandler                           0x080071bf   Thumb Code     0  startup_stm32f40_41xxx.o(.text)
    RCC_IRQHandler                           0x080071bf   Thumb Code     0  startup_stm32f40_41xxx.o(.text)
    RTC_Alarm_IRQHandler                     0x080071bf   Thumb Code     0  startup_stm32f40_41xxx.o(.text)
    RTC_WKUP_IRQHandler                      0x080071bf   Thumb Code     0  startup_stm32f40_41xxx.o(.text)
    SDIO_IRQHandler                          0x080071bf   Thumb Code     0  startup_stm32f40_41xxx.o(.text)
    SPI1_IRQHandler                          0x080071bf   Thumb Code     0  startup_stm32f40_41xxx.o(.text)
    SPI2_IRQHandler                          0x080071bf   Thumb Code     0  startup_stm32f40_41xxx.o(.text)
    SPI3_IRQHandler                          0x080071bf   Thumb Code     0  startup_stm32f40_41xxx.o(.text)
    TAMP_STAMP_IRQHandler                    0x080071bf   Thumb Code     0  startup_stm32f40_41xxx.o(.text)
    TIM1_BRK_TIM9_IRQHandler                 0x080071bf   Thumb Code     0  startup_stm32f40_41xxx.o(.text)
    TIM1_CC_IRQHandler                       0x080071bf   Thumb Code     0  startup_stm32f40_41xxx.o(.text)
    TIM1_TRG_COM_TIM11_IRQHandler            0x080071bf   Thumb Code     0  startup_stm32f40_41xxx.o(.text)
    TIM1_UP_TIM10_IRQHandler                 0x080071bf   Thumb Code     0  startup_stm32f40_41xxx.o(.text)
    TIM2_IRQHandler                          0x080071bf   Thumb Code     0  startup_stm32f40_41xxx.o(.text)
    TIM3_IRQHandler                          0x080071bf   Thumb Code     0  startup_stm32f40_41xxx.o(.text)
    TIM4_IRQHandler                          0x080071bf   Thumb Code     0  startup_stm32f40_41xxx.o(.text)
    TIM5_IRQHandler                          0x080071bf   Thumb Code     0  startup_stm32f40_41xxx.o(.text)
    TIM6_DAC_IRQHandler                      0x080071bf   Thumb Code     0  startup_stm32f40_41xxx.o(.text)
    TIM7_IRQHandler                          0x080071bf   Thumb Code     0  startup_stm32f40_41xxx.o(.text)
    TIM8_BRK_TIM12_IRQHandler                0x080071bf   Thumb Code     0  startup_stm32f40_41xxx.o(.text)
    TIM8_CC_IRQHandler                       0x080071bf   Thumb Code     0  startup_stm32f40_41xxx.o(.text)
    TIM8_TRG_COM_TIM14_IRQHandler            0x080071bf   Thumb Code     0  startup_stm32f40_41xxx.o(.text)
    TIM8_UP_TIM13_IRQHandler                 0x080071bf   Thumb Code     0  startup_stm32f40_41xxx.o(.text)
    UART4_IRQHandler                         0x080071bf   Thumb Code     0  startup_stm32f40_41xxx.o(.text)
    UART5_IRQHandler                         0x080071bf   Thumb Code     0  startup_stm32f40_41xxx.o(.text)
    USART2_IRQHandler                        0x080071bf   Thumb Code     0  startup_stm32f40_41xxx.o(.text)
    USART3_IRQHandler                        0x080071bf   Thumb Code     0  startup_stm32f40_41xxx.o(.text)
    USART6_IRQHandler                        0x080071bf   Thumb Code     0  startup_stm32f40_41xxx.o(.text)
    WWDG_IRQHandler                          0x080071bf   Thumb Code     0  startup_stm32f40_41xxx.o(.text)
    NVIC_PriorityGroupConfig                 0x080071c9   Thumb Code    10  misc.o(.text)
    NVIC_Init                                0x080071d3   Thumb Code   106  misc.o(.text)
    NVIC_SetVectorTable                      0x0800723d   Thumb Code    14  misc.o(.text)
    NVIC_SystemLPConfig                      0x0800724b   Thumb Code    34  misc.o(.text)
    SysTick_CLKSourceConfig                  0x0800726d   Thumb Code    40  misc.o(.text)
    GPIO_DeInit                              0x080072a9   Thumb Code   268  stm32f4xx_gpio.o(.text)
    GPIO_Init                                0x080073b5   Thumb Code   144  stm32f4xx_gpio.o(.text)
    GPIO_StructInit                          0x08007445   Thumb Code    18  stm32f4xx_gpio.o(.text)
    GPIO_PinLockConfig                       0x08007457   Thumb Code    34  stm32f4xx_gpio.o(.text)
    GPIO_ReadInputDataBit                    0x08007479   Thumb Code    18  stm32f4xx_gpio.o(.text)
    GPIO_ReadInputData                       0x0800748b   Thumb Code     8  stm32f4xx_gpio.o(.text)
    GPIO_ReadOutputDataBit                   0x08007493   Thumb Code    18  stm32f4xx_gpio.o(.text)
    GPIO_ReadOutputData                      0x080074a5   Thumb Code     8  stm32f4xx_gpio.o(.text)
    GPIO_SetBits                             0x080074ad   Thumb Code     4  stm32f4xx_gpio.o(.text)
    GPIO_ResetBits                           0x080074b1   Thumb Code     4  stm32f4xx_gpio.o(.text)
    GPIO_WriteBit                            0x080074b5   Thumb Code    10  stm32f4xx_gpio.o(.text)
    GPIO_Write                               0x080074bf   Thumb Code     4  stm32f4xx_gpio.o(.text)
    GPIO_ToggleBits                          0x080074c3   Thumb Code     8  stm32f4xx_gpio.o(.text)
    GPIO_PinAFConfig                         0x080074cb   Thumb Code    70  stm32f4xx_gpio.o(.text)
    FSMC_NORSRAMDeInit                       0x0800753d   Thumb Code    54  stm32f4xx_fsmc.o(.text)
    FSMC_NORSRAMInit                         0x08007573   Thumb Code   230  stm32f4xx_fsmc.o(.text)
    FSMC_NORSRAMStructInit                   0x08007659   Thumb Code    48  stm32f4xx_fsmc.o(.text)
    FSMC_NORSRAMCmd                          0x08007689   Thumb Code    46  stm32f4xx_fsmc.o(.text)
    FSMC_NANDDeInit                          0x080076b7   Thumb Code    62  stm32f4xx_fsmc.o(.text)
    FSMC_NANDInit                            0x080076f5   Thumb Code   132  stm32f4xx_fsmc.o(.text)
    FSMC_NANDStructInit                      0x08007779   Thumb Code    54  stm32f4xx_fsmc.o(.text)
    FSMC_NANDCmd                             0x080077af   Thumb Code    86  stm32f4xx_fsmc.o(.text)
    FSMC_NANDECCCmd                          0x08007805   Thumb Code    86  stm32f4xx_fsmc.o(.text)
    FSMC_GetECC                              0x0800785b   Thumb Code    24  stm32f4xx_fsmc.o(.text)
    FSMC_PCCARDDeInit                        0x08007873   Thumb Code    36  stm32f4xx_fsmc.o(.text)
    FSMC_PCCARDInit                          0x08007897   Thumb Code   130  stm32f4xx_fsmc.o(.text)
    FSMC_PCCARDStructInit                    0x08007919   Thumb Code    60  stm32f4xx_fsmc.o(.text)
    FSMC_PCCARDCmd                           0x08007955   Thumb Code    44  stm32f4xx_fsmc.o(.text)
    FSMC_ITConfig                            0x08007981   Thumb Code   128  stm32f4xx_fsmc.o(.text)
    FSMC_GetFlagStatus                       0x08007a01   Thumb Code    54  stm32f4xx_fsmc.o(.text)
    FSMC_ClearFlag                           0x08007a37   Thumb Code    74  stm32f4xx_fsmc.o(.text)
    FSMC_GetITStatus                         0x08007a81   Thumb Code    62  stm32f4xx_fsmc.o(.text)
    FSMC_ClearITPendingBit                   0x08007abf   Thumb Code    66  stm32f4xx_fsmc.o(.text)
    RCC_DeInit                               0x08007b05   Thumb Code    82  stm32f4xx_rcc.o(.text)
    RCC_HSEConfig                            0x08007b57   Thumb Code    14  stm32f4xx_rcc.o(.text)
    RCC_GetFlagStatus                        0x08007b65   Thumb Code    60  stm32f4xx_rcc.o(.text)
    RCC_WaitForHSEStartUp                    0x08007ba1   Thumb Code    56  stm32f4xx_rcc.o(.text)
    RCC_AdjustHSICalibrationValue            0x08007bd9   Thumb Code    20  stm32f4xx_rcc.o(.text)
    RCC_HSICmd                               0x08007bed   Thumb Code     6  stm32f4xx_rcc.o(.text)
    RCC_LSEConfig                            0x08007bf3   Thumb Code    46  stm32f4xx_rcc.o(.text)
    RCC_LSICmd                               0x08007c21   Thumb Code     6  stm32f4xx_rcc.o(.text)
    RCC_PLLConfig                            0x08007c27   Thumb Code    32  stm32f4xx_rcc.o(.text)
    RCC_PLLCmd                               0x08007c47   Thumb Code     6  stm32f4xx_rcc.o(.text)
    RCC_PLLI2SConfig                         0x08007c4d   Thumb Code    14  stm32f4xx_rcc.o(.text)
    RCC_PLLI2SCmd                            0x08007c5b   Thumb Code     6  stm32f4xx_rcc.o(.text)
    RCC_PLLSAIConfig                         0x08007c61   Thumb Code    20  stm32f4xx_rcc.o(.text)
    RCC_PLLSAICmd                            0x08007c75   Thumb Code     6  stm32f4xx_rcc.o(.text)
    RCC_ClockSecuritySystemCmd               0x08007c7b   Thumb Code     6  stm32f4xx_rcc.o(.text)
    RCC_MCO1Config                           0x08007c81   Thumb Code    28  stm32f4xx_rcc.o(.text)
    RCC_MCO2Config                           0x08007c9d   Thumb Code    28  stm32f4xx_rcc.o(.text)
    RCC_SYSCLKConfig                         0x08007cb9   Thumb Code    20  stm32f4xx_rcc.o(.text)
    RCC_GetSYSCLKSource                      0x08007ccd   Thumb Code    12  stm32f4xx_rcc.o(.text)
    RCC_HCLKConfig                           0x08007cd9   Thumb Code    20  stm32f4xx_rcc.o(.text)
    RCC_PCLK1Config                          0x08007ced   Thumb Code    20  stm32f4xx_rcc.o(.text)
    RCC_PCLK2Config                          0x08007d01   Thumb Code    22  stm32f4xx_rcc.o(.text)
    RCC_GetClocksFreq                        0x08007d17   Thumb Code   222  stm32f4xx_rcc.o(.text)
    RCC_RTCCLKConfig                         0x08007df5   Thumb Code    54  stm32f4xx_rcc.o(.text)
    RCC_RTCCLKCmd                            0x08007e2b   Thumb Code     8  stm32f4xx_rcc.o(.text)
    RCC_BackupResetCmd                       0x08007e33   Thumb Code     8  stm32f4xx_rcc.o(.text)
    RCC_I2SCLKConfig                         0x08007e3b   Thumb Code     6  stm32f4xx_rcc.o(.text)
    RCC_SAIPLLI2SClkDivConfig                0x08007e41   Thumb Code    26  stm32f4xx_rcc.o(.text)
    RCC_SAIPLLSAIClkDivConfig                0x08007e5b   Thumb Code    28  stm32f4xx_rcc.o(.text)
    RCC_SAIBlockACLKConfig                   0x08007e77   Thumb Code    20  stm32f4xx_rcc.o(.text)
    RCC_SAIBlockBCLKConfig                   0x08007e8b   Thumb Code    20  stm32f4xx_rcc.o(.text)
    RCC_LTDCCLKDivConfig                     0x08007e9f   Thumb Code    20  stm32f4xx_rcc.o(.text)
    RCC_TIMCLKPresConfig                     0x08007eb3   Thumb Code     6  stm32f4xx_rcc.o(.text)
    RCC_AHB1PeriphClockCmd                   0x08007eb9   Thumb Code    34  stm32f4xx_rcc.o(.text)
    RCC_AHB2PeriphClockCmd                   0x08007edb   Thumb Code    78  stm32f4xx_rcc.o(.text)
    RCC_AHB3PeriphClockCmd                   0x08007f29   Thumb Code    34  stm32f4xx_rcc.o(.text)
    RCC_APB1PeriphClockCmd                   0x08007f4b   Thumb Code    34  stm32f4xx_rcc.o(.text)
    RCC_APB2PeriphClockCmd                   0x08007f6d   Thumb Code    34  stm32f4xx_rcc.o(.text)
    RCC_AHB1PeriphResetCmd                   0x08007f8f   Thumb Code    34  stm32f4xx_rcc.o(.text)
    RCC_AHB2PeriphResetCmd                   0x08007fb1   Thumb Code    34  stm32f4xx_rcc.o(.text)
    RCC_AHB3PeriphResetCmd                   0x08007fd3   Thumb Code    34  stm32f4xx_rcc.o(.text)
    RCC_APB1PeriphResetCmd                   0x08007ff5   Thumb Code    34  stm32f4xx_rcc.o(.text)
    RCC_APB2PeriphResetCmd                   0x08008017   Thumb Code    34  stm32f4xx_rcc.o(.text)
    RCC_AHB1PeriphClockLPModeCmd             0x08008039   Thumb Code    34  stm32f4xx_rcc.o(.text)
    RCC_AHB2PeriphClockLPModeCmd             0x0800805b   Thumb Code    34  stm32f4xx_rcc.o(.text)
    RCC_AHB3PeriphClockLPModeCmd             0x0800807d   Thumb Code    34  stm32f4xx_rcc.o(.text)
    RCC_APB1PeriphClockLPModeCmd             0x0800809f   Thumb Code    34  stm32f4xx_rcc.o(.text)
    RCC_APB2PeriphClockLPModeCmd             0x080080c1   Thumb Code    34  stm32f4xx_rcc.o(.text)
    RCC_LSEModeConfig                        0x080080e3   Thumb Code    40  stm32f4xx_rcc.o(.text)
    RCC_ITConfig                             0x0800810b   Thumb Code    34  stm32f4xx_rcc.o(.text)
    RCC_ClearFlag                            0x0800812d   Thumb Code    18  stm32f4xx_rcc.o(.text)
    RCC_GetITStatus                          0x0800813f   Thumb Code    22  stm32f4xx_rcc.o(.text)
    RCC_ClearITPendingBit                    0x08008155   Thumb Code     8  stm32f4xx_rcc.o(.text)
    SYSCFG_DeInit                            0x08008161   Thumb Code    22  stm32f4xx_syscfg.o(.text)
    SYSCFG_MemoryRemapConfig                 0x08008177   Thumb Code     6  stm32f4xx_syscfg.o(.text)
    SYSCFG_MemorySwappingBank                0x0800817d   Thumb Code     6  stm32f4xx_syscfg.o(.text)
    SYSCFG_EXTILineConfig                    0x08008183   Thumb Code    66  stm32f4xx_syscfg.o(.text)
    SYSCFG_ETH_MediaInterfaceConfig          0x080081c5   Thumb Code     8  stm32f4xx_syscfg.o(.text)
    SYSCFG_CompensationCellCmd               0x080081cd   Thumb Code     6  stm32f4xx_syscfg.o(.text)
    SYSCFG_GetCompensationCellStatus         0x080081d3   Thumb Code    22  stm32f4xx_syscfg.o(.text)
    USART_DeInit                             0x080081f5   Thumb Code   206  stm32f4xx_usart.o(.text)
    USART_Init                               0x080082c3   Thumb Code   204  stm32f4xx_usart.o(.text)
    USART_StructInit                         0x0800838f   Thumb Code    24  stm32f4xx_usart.o(.text)
    USART_ClockInit                          0x080083a7   Thumb Code    32  stm32f4xx_usart.o(.text)
    USART_ClockStructInit                    0x080083c7   Thumb Code    12  stm32f4xx_usart.o(.text)
    USART_Cmd                                0x080083d3   Thumb Code    24  stm32f4xx_usart.o(.text)
    USART_SetPrescaler                       0x080083eb   Thumb Code    16  stm32f4xx_usart.o(.text)
    USART_OverSampling8Cmd                   0x080083fb   Thumb Code    22  stm32f4xx_usart.o(.text)
    USART_OneBitMethodCmd                    0x08008411   Thumb Code    24  stm32f4xx_usart.o(.text)
    USART_SendData                           0x08008429   Thumb Code     8  stm32f4xx_usart.o(.text)
    USART_ReceiveData                        0x08008431   Thumb Code    10  stm32f4xx_usart.o(.text)
    USART_SetAddress                         0x0800843b   Thumb Code    18  stm32f4xx_usart.o(.text)
    USART_ReceiverWakeUpCmd                  0x0800844d   Thumb Code    24  stm32f4xx_usart.o(.text)
    USART_WakeUpConfig                       0x08008465   Thumb Code    18  stm32f4xx_usart.o(.text)
    USART_LINBreakDetectLengthConfig         0x08008477   Thumb Code    18  stm32f4xx_usart.o(.text)
    USART_LINCmd                             0x08008489   Thumb Code    24  stm32f4xx_usart.o(.text)
    USART_SendBreak                          0x080084a1   Thumb Code    10  stm32f4xx_usart.o(.text)
    USART_HalfDuplexCmd                      0x080084ab   Thumb Code    24  stm32f4xx_usart.o(.text)
    USART_SetGuardTime                       0x080084c3   Thumb Code    16  stm32f4xx_usart.o(.text)
    USART_SmartCardCmd                       0x080084d3   Thumb Code    24  stm32f4xx_usart.o(.text)
    USART_SmartCardNACKCmd                   0x080084eb   Thumb Code    24  stm32f4xx_usart.o(.text)
    USART_IrDAConfig                         0x08008503   Thumb Code    18  stm32f4xx_usart.o(.text)
    USART_IrDACmd                            0x08008515   Thumb Code    24  stm32f4xx_usart.o(.text)
    USART_DMACmd                             0x0800852d   Thumb Code    18  stm32f4xx_usart.o(.text)
    USART_ITConfig                           0x0800853f   Thumb Code    74  stm32f4xx_usart.o(.text)
    USART_GetFlagStatus                      0x08008589   Thumb Code    26  stm32f4xx_usart.o(.text)
    USART_ClearFlag                          0x080085a3   Thumb Code    18  stm32f4xx_usart.o(.text)
    USART_GetITStatus                        0x080085b5   Thumb Code   118  stm32f4xx_usart.o(.text)
    USART_ClearITPendingBit                  0x0800862b   Thumb Code    30  stm32f4xx_usart.o(.text)
    ADC_DeInit                               0x08008649   Thumb Code    22  stm32f4xx_adc.o(.text)
    ADC_Init                                 0x0800865f   Thumb Code    74  stm32f4xx_adc.o(.text)
    ADC_StructInit                           0x080086a9   Thumb Code    20  stm32f4xx_adc.o(.text)
    ADC_CommonInit                           0x080086bd   Thumb Code    34  stm32f4xx_adc.o(.text)
    ADC_CommonStructInit                     0x080086df   Thumb Code    12  stm32f4xx_adc.o(.text)
    ADC_Cmd                                  0x080086eb   Thumb Code    22  stm32f4xx_adc.o(.text)
    ADC_AnalogWatchdogCmd                    0x08008701   Thumb Code    16  stm32f4xx_adc.o(.text)
    ADC_AnalogWatchdogThresholdsConfig       0x08008711   Thumb Code     6  stm32f4xx_adc.o(.text)
    ADC_AnalogWatchdogSingleChannelConfig    0x08008717   Thumb Code    16  stm32f4xx_adc.o(.text)
    ADC_TempSensorVrefintCmd                 0x08008727   Thumb Code    34  stm32f4xx_adc.o(.text)
    ADC_VBATCmd                              0x08008749   Thumb Code    34  stm32f4xx_adc.o(.text)
    ADC_RegularChannelConfig                 0x0800876b   Thumb Code   184  stm32f4xx_adc.o(.text)
    ADC_SoftwareStartConv                    0x08008823   Thumb Code    10  stm32f4xx_adc.o(.text)
    ADC_GetSoftwareStartConvStatus           0x0800882d   Thumb Code    20  stm32f4xx_adc.o(.text)
    ADC_EOCOnEachRegularChannelCmd           0x08008841   Thumb Code    22  stm32f4xx_adc.o(.text)
    ADC_ContinuousModeCmd                    0x08008857   Thumb Code    22  stm32f4xx_adc.o(.text)
    ADC_DiscModeChannelCountConfig           0x0800886d   Thumb Code    24  stm32f4xx_adc.o(.text)
    ADC_DiscModeCmd                          0x08008885   Thumb Code    22  stm32f4xx_adc.o(.text)
    ADC_GetConversionValue                   0x0800889b   Thumb Code     8  stm32f4xx_adc.o(.text)
    ADC_GetMultiModeConversionValue          0x080088a3   Thumb Code     8  stm32f4xx_adc.o(.text)
    ADC_DMACmd                               0x080088ab   Thumb Code    22  stm32f4xx_adc.o(.text)
    ADC_DMARequestAfterLastTransferCmd       0x080088c1   Thumb Code    22  stm32f4xx_adc.o(.text)
    ADC_MultiModeDMARequestAfterLastTransferCmd 0x080088d7   Thumb Code    34  stm32f4xx_adc.o(.text)
    ADC_InjectedChannelConfig                0x080088f9   Thumb Code   130  stm32f4xx_adc.o(.text)
    ADC_InjectedSequencerLengthConfig        0x0800897b   Thumb Code    24  stm32f4xx_adc.o(.text)
    ADC_SetInjectedOffset                    0x08008993   Thumb Code    20  stm32f4xx_adc.o(.text)
    ADC_ExternalTrigInjectedConvConfig       0x080089a7   Thumb Code    16  stm32f4xx_adc.o(.text)
    ADC_ExternalTrigInjectedConvEdgeConfig   0x080089b7   Thumb Code    16  stm32f4xx_adc.o(.text)
    ADC_SoftwareStartInjectedConv            0x080089c7   Thumb Code    10  stm32f4xx_adc.o(.text)
    ADC_GetSoftwareStartInjectedConvCmdStatus 0x080089d1   Thumb Code    20  stm32f4xx_adc.o(.text)
    ADC_AutoInjectedConvCmd                  0x080089e5   Thumb Code    22  stm32f4xx_adc.o(.text)
    ADC_InjectedDiscModeCmd                  0x080089fb   Thumb Code    22  stm32f4xx_adc.o(.text)
    ADC_GetInjectedConversionValue           0x08008a11   Thumb Code    28  stm32f4xx_adc.o(.text)
    ADC_ITConfig                             0x08008a2d   Thumb Code    56  stm32f4xx_adc.o(.text)
    ADC_GetFlagStatus                        0x08008a65   Thumb Code    18  stm32f4xx_adc.o(.text)
    ADC_ClearFlag                            0x08008a77   Thumb Code     6  stm32f4xx_adc.o(.text)
    ADC_GetITStatus                          0x08008a7d   Thumb Code    38  stm32f4xx_adc.o(.text)
    ADC_ClearITPendingBit                    0x08008aa3   Thumb Code    10  stm32f4xx_adc.o(.text)
    EXTI_DeInit                              0x08008aad   Thumb Code    28  stm32f4xx_exti.o(.text)
    EXTI_Init                                0x08008ac9   Thumb Code   142  stm32f4xx_exti.o(.text)
    EXTI_StructInit                          0x08008b57   Thumb Code    16  stm32f4xx_exti.o(.text)
    EXTI_GenerateSWInterrupt                 0x08008b67   Thumb Code    16  stm32f4xx_exti.o(.text)
    EXTI_GetFlagStatus                       0x08008b77   Thumb Code    22  stm32f4xx_exti.o(.text)
    EXTI_ClearFlag                           0x08008b8d   Thumb Code     8  stm32f4xx_exti.o(.text)
    EXTI_GetITStatus                         0x08008b95   Thumb Code    22  stm32f4xx_exti.o(.text)
    EXTI_ClearITPendingBit                   0x08008bab   Thumb Code     8  stm32f4xx_exti.o(.text)
    RNG_DeInit                               0x08008bbd   Thumb Code    20  stm32f4xx_rng.o(.text)
    RNG_Cmd                                  0x08008bd1   Thumb Code    30  stm32f4xx_rng.o(.text)
    RNG_GetRandomNumber                      0x08008bef   Thumb Code     8  stm32f4xx_rng.o(.text)
    RNG_ITConfig                             0x08008bf7   Thumb Code    30  stm32f4xx_rng.o(.text)
    RNG_GetFlagStatus                        0x08008c15   Thumb Code    22  stm32f4xx_rng.o(.text)
    RNG_ClearFlag                            0x08008c2b   Thumb Code    12  stm32f4xx_rng.o(.text)
    RNG_GetITStatus                          0x08008c37   Thumb Code    22  stm32f4xx_rng.o(.text)
    RNG_ClearITPendingBit                    0x08008c4d   Thumb Code    12  stm32f4xx_rng.o(.text)
    __aeabi_uldivmod                         0x08008c5d   Thumb Code    98  uldiv.o(.text)
    __aeabi_memset                           0x08008cbf   Thumb Code    14  memseta.o(.text)
    __aeabi_memset4                          0x08008cbf   Thumb Code     0  memseta.o(.text)
    __aeabi_memset8                          0x08008cbf   Thumb Code     0  memseta.o(.text)
    __aeabi_memclr                           0x08008ccd   Thumb Code     4  memseta.o(.text)
    __aeabi_memclr4                          0x08008ccd   Thumb Code     0  memseta.o(.text)
    __aeabi_memclr8                          0x08008ccd   Thumb Code     0  memseta.o(.text)
    _memset$wrapper                          0x08008cd1   Thumb Code    18  memseta.o(.text)
    __aeabi_dadd                             0x08008ce3   Thumb Code   322  dadd.o(.text)
    __aeabi_dsub                             0x08008e25   Thumb Code     6  dadd.o(.text)
    __aeabi_drsub                            0x08008e2b   Thumb Code     6  dadd.o(.text)
    __aeabi_dmul                             0x08008e31   Thumb Code   228  dmul.o(.text)
    __aeabi_ddiv                             0x08008f15   Thumb Code   222  ddiv.o(.text)
    __aeabi_i2d                              0x08008ff3   Thumb Code    34  dflti.o(.text)
    __aeabi_ui2d                             0x08009015   Thumb Code    26  dfltui.o(.text)
    __aeabi_l2d                              0x0800902f   Thumb Code    40  dfltl.o(.text)
    __aeabi_ul2d                             0x08009057   Thumb Code    24  dfltul.o(.text)
    __aeabi_d2uiz                            0x0800906f   Thumb Code    50  dfixui.o(.text)
    __aeabi_d2ulz                            0x080090a1   Thumb Code    48  dfixul.o(.text)
    __aeabi_f2d                              0x080090d1   Thumb Code    38  f2d.o(.text)
    __aeabi_cdcmpeq                          0x080090f9   Thumb Code     0  cdcmple.o(.text)
    __aeabi_cdcmple                          0x080090f9   Thumb Code    48  cdcmple.o(.text)
    __aeabi_cdrcmple                         0x08009129   Thumb Code    48  cdrcmple.o(.text)
    __aeabi_d2f                              0x08009159   Thumb Code    56  d2f.o(.text)
    __aeabi_uidiv                            0x08009191   Thumb Code     0  uidiv.o(.text)
    __aeabi_uidivmod                         0x08009191   Thumb Code    44  uidiv.o(.text)
    __aeabi_llsl                             0x080091bd   Thumb Code    30  llshl.o(.text)
    _ll_shift_l                              0x080091bd   Thumb Code     0  llshl.o(.text)
    __aeabi_llsr                             0x080091db   Thumb Code    32  llushr.o(.text)
    _ll_ushift_r                             0x080091db   Thumb Code     0  llushr.o(.text)
    __aeabi_lasr                             0x080091fb   Thumb Code    36  llsshr.o(.text)
    _ll_sshift_r                             0x080091fb   Thumb Code     0  llsshr.o(.text)
    __I$use$fp                               0x0800921f   Thumb Code     0  iusefp.o(.text)
    _float_round                             0x0800921f   Thumb Code    18  fepilogue.o(.text)
    _float_epilogue                          0x08009231   Thumb Code    92  fepilogue.o(.text)
    _double_round                            0x0800928d   Thumb Code    30  depilogue.o(.text)
    _double_epilogue                         0x080092ab   Thumb Code   156  depilogue.o(.text)
    __ARM_scalbn                             0x08009347   Thumb Code    46  dscalb.o(.text)
    scalbn                                   0x08009347   Thumb Code     0  dscalb.o(.text)
    __scatterload                            0x08009375   Thumb Code    28  init.o(.text)
    __scatterload_rt2                        0x08009375   Thumb Code     0  init.o(.text)
    _dsqrt                                   0x08009399   Thumb Code   162  dsqrt.o(.text)
    __0printf                                0x0800943d   Thumb Code    22  printfa.o(i.__0printf)
    __1printf                                0x0800943d   Thumb Code     0  printfa.o(i.__0printf)
    __2printf                                0x0800943d   Thumb Code     0  printfa.o(i.__0printf)
    __c89printf                              0x0800943d   Thumb Code     0  printfa.o(i.__0printf)
    printf                                   0x0800943d   Thumb Code     0  printfa.o(i.__0printf)
    __0sprintf                               0x0800945d   Thumb Code    34  printfa.o(i.__0sprintf)
    __1sprintf                               0x0800945d   Thumb Code     0  printfa.o(i.__0sprintf)
    __2sprintf                               0x0800945d   Thumb Code     0  printfa.o(i.__0sprintf)
    __c89sprintf                             0x0800945d   Thumb Code     0  printfa.o(i.__0sprintf)
    sprintf                                  0x0800945d   Thumb Code     0  printfa.o(i.__0sprintf)
    __ARM_fpclassify                         0x08009485   Thumb Code    48  fpclassify.o(i.__ARM_fpclassify)
    __hardfp_fabs                            0x080094b5   Thumb Code    20  fabs.o(i.__hardfp_fabs)
    __hardfp_log                             0x080094c9   Thumb Code   872  log.o(i.__hardfp_log)
    __hardfp_log10                           0x08009891   Thumb Code   260  log10.o(i.__hardfp_log10)
    __hardfp_pow                             0x080099c1   Thumb Code  3072  pow.o(i.__hardfp_pow)
    __kernel_poly                            0x0800a611   Thumb Code   248  poly.o(i.__kernel_poly)
    __mathlib_dbl_divzero                    0x0800a709   Thumb Code    28  dunder.o(i.__mathlib_dbl_divzero)
    __mathlib_dbl_infnan                     0x0800a739   Thumb Code    20  dunder.o(i.__mathlib_dbl_infnan)
    __mathlib_dbl_infnan2                    0x0800a74d   Thumb Code    20  dunder.o(i.__mathlib_dbl_infnan2)
    __mathlib_dbl_invalid                    0x0800a761   Thumb Code    24  dunder.o(i.__mathlib_dbl_invalid)
    __mathlib_dbl_overflow                   0x0800a781   Thumb Code    24  dunder.o(i.__mathlib_dbl_overflow)
    __mathlib_dbl_underflow                  0x0800a7a1   Thumb Code    24  dunder.o(i.__mathlib_dbl_underflow)
    __scatterload_copy                       0x0800a7c1   Thumb Code    14  handlers.o(i.__scatterload_copy)
    __scatterload_null                       0x0800a7cf   Thumb Code     2  handlers.o(i.__scatterload_null)
    __scatterload_zeroinit                   0x0800a7d1   Thumb Code    14  handlers.o(i.__scatterload_zeroinit)
    __set_errno                              0x0800a7e1   Thumb Code     6  errno.o(i.__set_errno)
    fabs                                     0x0800b089   Thumb Code    24  fabs.o(i.fabs)
    log                                      0x0800b0a1   Thumb Code    16  log.o(i.log)
    sqrt                                     0x0800b0b1   Thumb Code   110  sqrt.o(i.sqrt)
    asc2_1206                                0x0800b120   Data        1140  lcd.o(.constdata)
    asc2_1608                                0x0800b594   Data        1520  lcd.o(.constdata)
    asc2_2412                                0x0800bb84   Data        3420  lcd.o(.constdata)
    array_CHAR                               0x0800c8f0   Data          16  keyboard.o(.constdata)
    FSMC_DefaultTimingStruct                 0x0800c900   Data          28  stm32f4xx_fsmc.o(.constdata)
    __mathlib_zero                           0x0800c9e0   Data           8  qnan.o(.constdata)
    Region$$Table$$Base                      0x0800c9e8   Number         0  anon$$obj.o(Region$$Table)
    Region$$Table$$Limit                     0x0800ca08   Number         0  anon$$obj.o(Region$$Table)
    cur_state                                0x20000000   Data           1  main.o(.data)
    prev_state                               0x20000001   Data           1  main.o(.data)
    machine_state                            0x20000002   Data           1  main.o(.data)
    preset_freq                              0x20000004   Data           4  main.o(.data)
    Vpp                                      0x20000008   Data           4  main.o(.data)
    scan_time                                0x2000000c   Data           4  main.o(.data)
    spectrum_mode                            0x20000010   Data           1  main.o(.data)
    start_freq                               0x20000014   Data           4  main.o(.data)
    freq_step                                0x20000018   Data           4  main.o(.data)
    pos1                                     0x2000001c   Data           4  main.o(.data)
    pos2                                     0x20000020   Data           4  main.o(.data)
    pos3                                     0x20000024   Data           4  main.o(.data)
    scatter_num                              0x20000028   Data           4  main.o(.data)
    MA                                       0x2000002c   Data           4  main.o(.data)
    SystemCoreClock                          0x20000030   Data           4  system_stm32f4xx.o(.data)
    AHBPrescTable                            0x20000034   Data          16  system_stm32f4xx.o(.data)
    POINT_COLOR                              0x20000046   Data           2  lcd.o(.data)
    BACK_COLOR                               0x20000048   Data           2  lcd.o(.data)
    Enter_flag                               0x20000050   Data           4  keyboard.o(.data)
    KBCode                                   0x20000054   Data           8  keyboard.o(.data)
    KeyValue                                 0x2000005c   Data           1  keyboard.o(.data)
    KeyChange_Flag                           0x2000005d   Data           1  keyboard.o(.data)
    freq                                     0x20000060   Data           8  keyboard.o(.data)
    __stdout                                 0x20000080   Data           4  usart.o(.data)
    USART_RX_STA                             0x20000084   Data           2  usart.o(.data)
    data                                     0x2000009c   Data         804  main.o(.bss)
    data_polyed_v                            0x200003c0   Data         804  main.o(.bss)
    data_polyed_dbm                          0x200006e4   Data         804  main.o(.bss)
    scatter_pos                              0x20000a08   Data         804  main.o(.bss)
    ADF4351                                  0x20000d30   Data          72  adf4351.o(.bss)
    lcddev                                   0x20000d78   Data          14  lcd.o(.bss)
    USART_RX_BUF                             0x20000dca   Data         200  usart.o(.bss)
    __initial_sp                             0x20001298   Data           0  startup_stm32f40_41xxx.o(STACK)



==============================================================================

Memory Map of the image

  Image Entry point : 0x08000189

  Load Region LR_IROM1 (Base: 0x08000000, Size: 0x0000caa4, Max: 0x00100000, ABSOLUTE)

    Execution Region ER_IROM1 (Base: 0x08000000, Size: 0x0000ca08, Max: 0x00100000, ABSOLUTE)

    Base Addr    Size         Type   Attr      Idx    E Section Name        Object

    0x08000000   0x00000188   Data   RO          551    RESET               startup_stm32f40_41xxx.o
    0x08000188   0x00000000   Code   RO          793  * .ARM.Collect$$$$00000000  mc_w.l(entry.o)
    0x08000188   0x00000004   Code   RO         1134    .ARM.Collect$$$$00000001  mc_w.l(entry2.o)
    0x0800018c   0x00000004   Code   RO         1137    .ARM.Collect$$$$00000004  mc_w.l(entry5.o)
    0x08000190   0x00000000   Code   RO         1139    .ARM.Collect$$$$00000008  mc_w.l(entry7b.o)
    0x08000190   0x00000000   Code   RO         1141    .ARM.Collect$$$$0000000A  mc_w.l(entry8b.o)
    0x08000190   0x00000008   Code   RO         1142    .ARM.Collect$$$$0000000B  mc_w.l(entry9a.o)
    0x08000198   0x00000000   Code   RO         1144    .ARM.Collect$$$$0000000D  mc_w.l(entry10a.o)
    0x08000198   0x00000000   Code   RO         1146    .ARM.Collect$$$$0000000F  mc_w.l(entry11a.o)
    0x08000198   0x00000004   Code   RO         1135    .ARM.Collect$$$$00002712  mc_w.l(entry2.o)
    0x0800019c   0x000016c4   Code   RO            3    .text               main.o
    0x08001860   0x0000001a   Code   RO          186    .text               stm32f4xx_it.o
    0x0800187a   0x00000002   PAD
    0x0800187c   0x00000210   Code   RO          235    .text               system_stm32f4xx.o
    0x08001a8c   0x00000040   Code   RO          261    .text               led.o
    0x08001acc   0x000000bc   Code   RO          281    .text               key.o
    0x08001b88   0x000005d0   Code   RO          302    .text               adf4351.o
    0x08002158   0x00003e70   Code   RO          328    .text               lcd.o
    0x08005fc8   0x00000c98   Code   RO          389    .text               keyboard.o
    0x08006c60   0x000000e4   Code   RO          417    .text               adc.o
    0x08006d44   0x00000056   Code   RO          437    .text               rng.o
    0x08006d9a   0x00000002   PAD
    0x08006d9c   0x000001bc   Code   RO          457    .text               pe4302.o
    0x08006f58   0x00000104   Code   RO          480    .text               delay.o
    0x0800705c   0x00000148   Code   RO          520    .text               usart.o
    0x080071a4   0x00000024   Code   RO          552    .text               startup_stm32f40_41xxx.o
    0x080071c8   0x000000e0   Code   RO          558    .text               misc.o
    0x080072a8   0x00000294   Code   RO          578    .text               stm32f4xx_gpio.o
    0x0800753c   0x000005c8   Code   RO          598    .text               stm32f4xx_fsmc.o
    0x08007b04   0x0000065c   Code   RO          621    .text               stm32f4xx_rcc.o
    0x08008160   0x00000094   Code   RO          643    .text               stm32f4xx_syscfg.o
    0x080081f4   0x00000454   Code   RO          663    .text               stm32f4xx_usart.o
    0x08008648   0x00000464   Code   RO          683    .text               stm32f4xx_adc.o
    0x08008aac   0x00000110   Code   RO          703    .text               stm32f4xx_exti.o
    0x08008bbc   0x000000a0   Code   RO          743    .text               stm32f4xx_rng.o
    0x08008c5c   0x00000062   Code   RO          796    .text               mc_w.l(uldiv.o)
    0x08008cbe   0x00000024   Code   RO          798    .text               mc_w.l(memseta.o)
    0x08008ce2   0x0000014e   Code   RO         1061    .text               mf_w.l(dadd.o)
    0x08008e30   0x000000e4   Code   RO         1063    .text               mf_w.l(dmul.o)
    0x08008f14   0x000000de   Code   RO         1065    .text               mf_w.l(ddiv.o)
    0x08008ff2   0x00000022   Code   RO         1069    .text               mf_w.l(dflti.o)
    0x08009014   0x0000001a   Code   RO         1071    .text               mf_w.l(dfltui.o)
    0x0800902e   0x00000028   Code   RO         1073    .text               mf_w.l(dfltl.o)
    0x08009056   0x00000018   Code   RO         1075    .text               mf_w.l(dfltul.o)
    0x0800906e   0x00000032   Code   RO         1077    .text               mf_w.l(dfixui.o)
    0x080090a0   0x00000030   Code   RO         1079    .text               mf_w.l(dfixul.o)
    0x080090d0   0x00000026   Code   RO         1081    .text               mf_w.l(f2d.o)
    0x080090f6   0x00000002   PAD
    0x080090f8   0x00000030   Code   RO         1083    .text               mf_w.l(cdcmple.o)
    0x08009128   0x00000030   Code   RO         1085    .text               mf_w.l(cdrcmple.o)
    0x08009158   0x00000038   Code   RO         1087    .text               mf_w.l(d2f.o)
    0x08009190   0x0000002c   Code   RO         1148    .text               mc_w.l(uidiv.o)
    0x080091bc   0x0000001e   Code   RO         1150    .text               mc_w.l(llshl.o)
    0x080091da   0x00000020   Code   RO         1152    .text               mc_w.l(llushr.o)
    0x080091fa   0x00000024   Code   RO         1154    .text               mc_w.l(llsshr.o)
    0x0800921e   0x00000000   Code   RO         1163    .text               mc_w.l(iusefp.o)
    0x0800921e   0x0000006e   Code   RO         1164    .text               mf_w.l(fepilogue.o)
    0x0800928c   0x000000ba   Code   RO         1166    .text               mf_w.l(depilogue.o)
    0x08009346   0x0000002e   Code   RO         1168    .text               mf_w.l(dscalb.o)
    0x08009374   0x00000024   Code   RO         1170    .text               mc_w.l(init.o)
    0x08009398   0x000000a2   Code   RO         1172    .text               mf_w.l(dsqrt.o)
    0x0800943a   0x00000002   PAD
    0x0800943c   0x00000020   Code   RO         1033    i.__0printf         mc_w.l(printfa.o)
    0x0800945c   0x00000028   Code   RO         1035    i.__0sprintf        mc_w.l(printfa.o)
    0x08009484   0x00000030   Code   RO         1103    i.__ARM_fpclassify  m_wm.l(fpclassify.o)
    0x080094b4   0x00000014   Code   RO          761    i.__hardfp_fabs     m_wm.l(fabs.o)
    0x080094c8   0x000003c4   Code   RO         1105    i.__hardfp_log      m_wm.l(log.o)
    0x0800988c   0x00000004   PAD
    0x08009890   0x00000130   Code   RO          767    i.__hardfp_log10    m_wm.l(log10.o)
    0x080099c0   0x00000c50   Code   RO          779    i.__hardfp_pow      m_wm.l(pow.o)
    0x0800a610   0x000000f8   Code   RO         1119    i.__kernel_poly     m_wm.l(poly.o)
    0x0800a708   0x00000030   Code   RO         1089    i.__mathlib_dbl_divzero  m_wm.l(dunder.o)
    0x0800a738   0x00000014   Code   RO         1090    i.__mathlib_dbl_infnan  m_wm.l(dunder.o)
    0x0800a74c   0x00000014   Code   RO         1091    i.__mathlib_dbl_infnan2  m_wm.l(dunder.o)
    0x0800a760   0x00000020   Code   RO         1092    i.__mathlib_dbl_invalid  m_wm.l(dunder.o)
    0x0800a780   0x00000020   Code   RO         1093    i.__mathlib_dbl_overflow  m_wm.l(dunder.o)
    0x0800a7a0   0x00000020   Code   RO         1095    i.__mathlib_dbl_underflow  m_wm.l(dunder.o)
    0x0800a7c0   0x0000000e   Code   RO         1176    i.__scatterload_copy  mc_w.l(handlers.o)
    0x0800a7ce   0x00000002   Code   RO         1177    i.__scatterload_null  mc_w.l(handlers.o)
    0x0800a7d0   0x0000000e   Code   RO         1178    i.__scatterload_zeroinit  mc_w.l(handlers.o)
    0x0800a7de   0x00000002   PAD
    0x0800a7e0   0x0000000c   Code   RO         1158    i.__set_errno       mc_w.l(errno.o)
    0x0800a7ec   0x00000164   Code   RO         1040    i._fp_digits        mc_w.l(printfa.o)
    0x0800a950   0x000006dc   Code   RO         1041    i._printf_core      mc_w.l(printfa.o)
    0x0800b02c   0x00000024   Code   RO         1042    i._printf_post_padding  mc_w.l(printfa.o)
    0x0800b050   0x0000002e   Code   RO         1043    i._printf_pre_padding  mc_w.l(printfa.o)
    0x0800b07e   0x0000000a   Code   RO         1045    i._sputc            mc_w.l(printfa.o)
    0x0800b088   0x00000018   Code   RO          763    i.fabs              m_wm.l(fabs.o)
    0x0800b0a0   0x00000010   Code   RO         1107    i.log               m_wm.l(log.o)
    0x0800b0b0   0x0000006e   Code   RO         1124    i.sqrt              m_wm.l(sqrt.o)
    0x0800b11e   0x00000002   PAD
    0x0800b120   0x000017d0   Data   RO          330    .constdata          lcd.o
    0x0800c8f0   0x00000010   Data   RO          391    .constdata          keyboard.o
    0x0800c900   0x0000001c   Data   RO          599    .constdata          stm32f4xx_fsmc.o
    0x0800c91c   0x00000004   PAD
    0x0800c920   0x00000088   Data   RO          782    .constdata          m_wm.l(pow.o)
    0x0800c9a8   0x00000038   Data   RO         1108    .constdata          m_wm.l(log.o)
    0x0800c9e0   0x00000008   Data   RO         1121    .constdata          m_wm.l(qnan.o)
    0x0800c9e8   0x00000020   Data   RO         1174    Region$$Table       anon$$obj.o


    Execution Region RW_IRAM1 (Base: 0x20000000, Size: 0x00001298, Max: 0x00020000, ABSOLUTE)

    Base Addr    Size         Type   Attr      Idx    E Section Name        Object

    0x20000000   0x00000030   Data   RW            5    .data               main.o
    0x20000030   0x00000014   Data   RW          236    .data               system_stm32f4xx.o
    0x20000044   0x00000001   Data   RW          282    .data               key.o
    0x20000045   0x00000001   PAD
    0x20000046   0x00000004   Data   RW          331    .data               lcd.o
    0x2000004a   0x00000006   PAD
    0x20000050   0x0000002c   Data   RW          392    .data               keyboard.o
    0x2000007c   0x00000004   Data   RW          481    .data               delay.o
    0x20000080   0x00000006   Data   RW          522    .data               usart.o
    0x20000086   0x00000010   Data   RW          622    .data               stm32f4xx_rcc.o
    0x20000096   0x00000002   PAD
    0x20000098   0x00000004   Data   RW         1159    .data               mc_w.l(errno.o)
    0x2000009c   0x00000c90   Zero   RW            4    .bss                main.o
    0x20000d2c   0x00000004   PAD
    0x20000d30   0x00000048   Zero   RW          303    .bss                adf4351.o
    0x20000d78   0x0000000e   Zero   RW          329    .bss                lcd.o
    0x20000d86   0x00000044   Zero   RW          390    .bss                keyboard.o
    0x20000dca   0x000000c8   Zero   RW          521    .bss                usart.o
    0x20000e92   0x00000006   PAD
    0x20000e98   0x00000400   Zero   RW          549    STACK               startup_stm32f40_41xxx.o


==============================================================================

Image component sizes


      Code (inc. data)   RO Data    RW Data    ZI Data      Debug   Object Name

       228          8          0          0          0       1147   adc.o
      1488        116          0          0         72       5853   adf4351.o
       260          8          0          4          0       1441   delay.o
       188         14          0          1          0        808   key.o
      3224        148         16         44         68       9837   keyboard.o
     15984        240       6096          4         14      23720   lcd.o
        64          4          0          0          0        507   led.o
      5828        986          0         48       3216     293550   main.o
       224         20          0          0          0       1777   misc.o
       444         12          0          0          0       1492   pe4302.o
        86          0          0          0          0        783   rng.o
        36          8        392          0       1024        808   startup_stm32f40_41xxx.o
      1124         24          0          0          0      10646   stm32f4xx_adc.o
       272         10          0          0          0       2247   stm32f4xx_exti.o
      1480         18         28          0          0       5586   stm32f4xx_fsmc.o
       660         44          0          0          0       4121   stm32f4xx_gpio.o
        26          0          0          0          0       1202   stm32f4xx_it.o
      1628         52          0         16          0      12972   stm32f4xx_rcc.o
       160          4          0          0          0       1788   stm32f4xx_rng.o
       148         12          0          0          0       1825   stm32f4xx_syscfg.o
      1108         34          0          0          0       7844   stm32f4xx_usart.o
       528         46          0         20          0       1719   system_stm32f4xx.o
       328         16          0          6        200       3242   usart.o

    ----------------------------------------------------------------------
     35520       1824       6568        152       4604     394915   Object Totals
         0          0         32          0          0          0   (incl. Generated)
         4          0          4          9         10          0   (incl. Padding)

    ----------------------------------------------------------------------

      Code (inc. data)   RO Data    RW Data    ZI Data      Debug   Library Member Name

       184         44          0          0          0        744   dunder.o
        44          0          0          0          0        248   fabs.o
        48          0          0          0          0        124   fpclassify.o
       980         92         56          0          0        440   log.o
       304         44          0          0          0        200   log10.o
       248          0          0          0          0        152   poly.o
      3152        296        136          0          0        352   pow.o
         0          0          8          0          0          0   qnan.o
       110          0          0          0          0        148   sqrt.o
         0          0          0          0          0          0   entry.o
         0          0          0          0          0          0   entry10a.o
         0          0          0          0          0          0   entry11a.o
         8          4          0          0          0          0   entry2.o
         4          0          0          0          0          0   entry5.o
         0          0          0          0          0          0   entry7b.o
         0          0          0          0          0          0   entry8b.o
         8          4          0          0          0          0   entry9a.o
        12          6          0          4          0         68   errno.o
        30          0          0          0          0          0   handlers.o
        36          8          0          0          0         68   init.o
         0          0          0          0          0          0   iusefp.o
        30          0          0          0          0         68   llshl.o
        36          0          0          0          0         68   llsshr.o
        32          0          0          0          0         68   llushr.o
        36          0          0          0          0        108   memseta.o
      2276         96          0          0          0        596   printfa.o
        44          0          0          0          0         80   uidiv.o
        98          0          0          0          0         92   uldiv.o
        48          0          0          0          0         68   cdcmple.o
        48          0          0          0          0         68   cdrcmple.o
        56          0          0          0          0         88   d2f.o
       334          0          0          0          0        148   dadd.o
       222          0          0          0          0        100   ddiv.o
       186          0          0          0          0        176   depilogue.o
        50          0          0          0          0         76   dfixui.o
        48          0          0          0          0         68   dfixul.o
        34          0          0          0          0         76   dflti.o
        40          0          0          0          0         80   dfltl.o
        26          0          0          0          0         76   dfltui.o
        24          0          0          0          0         76   dfltul.o
       228          0          0          0          0         96   dmul.o
        46          0          0          0          0         80   dscalb.o
       162          0          0          0          0        100   dsqrt.o
        38          0          0          0          0         68   f2d.o
       110          0          0          0          0        168   fepilogue.o

    ----------------------------------------------------------------------
      9432        598        200          4          0       5236   Library Totals
        12          4          0          0          0          0   (incl. Padding)

    ----------------------------------------------------------------------

      Code (inc. data)   RO Data    RW Data    ZI Data      Debug   Library Name

      5070        476        200          0          0       2408   m_wm.l
      2650        118          0          4          0       1216   mc_w.l
      1700          0          0          0          0       1612   mf_w.l

    ----------------------------------------------------------------------
      9432        598        200          4          0       5236   Library Totals

    ----------------------------------------------------------------------

==============================================================================


      Code (inc. data)   RO Data    RW Data    ZI Data      Debug   

     44952       2422       6768        156       4604     392247   Grand Totals
     44952       2422       6768        156       4604     392247   ELF Image Totals
     44952       2422       6768        156          0          0   ROM Totals

==============================================================================

    Total RO  Size (Code + RO Data)                51720 (  50.51kB)
    Total RW  Size (RW Data + ZI Data)              4760 (   4.65kB)
    Total ROM Size (Code + RO Data + RW Data)      51876 (  50.66kB)

==============================================================================

